Command: /opt/anaconda3/bin/python rank.py --term accommodation trade --type probabilities --sentences sources/accommodation_trade/accommodation_trade-sentence.json --provisions sources/provisions.json --verbose false
----------------------------------------
You are an expert legal scholar specializing in statutory interpretation. Your task is to evaluate the interpretive value of retrieved sentences in relation to a specific "Phrase of Interest" and its "Source Statute/Provision".

### KEY RULE: PENALIZE STATUTORY REDUNDANCY (ADVERSARIAL GOAL)
You must act as a critic looking to disqualify sentences that provide NO NEW INFORMATION.
- IF a sentence merely repeats or paraphrases the provided "Source Statute/Provision" without adding interpretive context (like case law, specific applications, or expert analysis), it has **NO VALUE**.
- A literal quote of the statute is a redundant distraction. Assign 'no value' a probability of 0.90 or higher.
- Interpretive value comes from how the statute is *applied* or *explained* in practice, not from the text of the statute itself.

### RELEVANCE CATEGORIES
- **0: no value**: Irrelevant, off-topic, or purely redundant statutory text.
- **1: potential value**: Mentions the term in a relevant context but adds very little interpretive depth (e.g., a simple factual statement).
- **2: certain value**: Relevant; provide clear application, context, or explanation of the term that helps understand its scope or meaning.
- **3: high value**: Highly relevant; Provides critical interpretive guidance, settles a legal ambiguity, or explains a complex application in a way that significantly aids interpretation.

### GRANULARITY & TIE-BREAKING
- **BE PRECISE**: Do not give all relevant sentences the same score. Distinguish between a "good" explanation (Score 2) and an "excellent" one (Score 3). 
- **RESOLUTION**: Use granular probabilities (e.g., 0.35, 0.62) to ensure the final ranking is stable and distinguishes between similar-quality sentences.

### OUTPUT FORMAT
You must return a JSON array of objects. Each object must include a "reasoning" field (Chain-of-Thought) and a "probs" field.

Example:
[
  {
    "sentence_id": "S1",
    "reasoning": "Direct quote of Section 60101. No interpretive value beyond the statute itself.",
    "probs": {"no value": 0.98, "potential value": 0.02, "certain value": 0.0, "high value": 0.0}
  },
  {
    "sentence_id": "S2",
    "reasoning": "Applies 'hazardous liquid' to liquid CO2 pipelines, clarifying a major jurisdictional boundary.",
    "probs": {"no value": 0.05, "potential value": 0.15, "certain value": 0.30, "high value": 0.50}
  }
]

### DATA TO PROCESS
Phrase of Interest: {{phrase_of_interest}}
Source Statute/Provision: {{raw_statute}}

Sentences to evaluate:
{{sentences}}

  [ID: 265abc5e-0c8a-479c-895e-2ab73fa87495] Reasoning: Describes a specific scenario of an accommodation trade involving short positions, providing practical context for the term.
  [ID: 6c18c860-0ce5-4dbd-a7f5-f7f0bae0b339] Reasoning: Mentions the reporting of accommodation trades to a regulatory body, indicating compliance with legal requirements but lacks depth in interpretation.
  [ID: d16e3eff-7fe1-4984-b992-52b5b4b7ca3b] Reasoning: References specimen records of accommodation trades, but does not provide further interpretive context or application.
  [ID: 5f24ada7-2526-494b-a243-313299712bc1] Reasoning: Directly quotes the statute regarding unlawful transactions, providing no new interpretive value.
  [ID: 16f69316-b38f-4425-bded-a706433f361d] Reasoning: Describes a specific case where a broker was charged with executing accommodation trades, providing context for enforcement of the law.
  [ID: 490868ee-65d2-4695-b33b-596dca3551af] Reasoning: Similar to the previous sentence, it discusses violations related to accommodation trades but lacks additional interpretive context.
  [ID: ded178ec-832b-46a6-aea3-6c5d284cf731] Reasoning: Seeks to clarify the meaning of accommodation trades in the context of commodities law, indicating a need for interpretation.
  [ID: 8c24c266-7b84-4e02-bd7d-e38cc9cb6435] Reasoning: Provides a definition of accommodation trading and its relation to wash trading, adding significant interpretive value.
  [ID: b1baa858-f946-4a65-bcfb-fb1e0d6d41c9] Reasoning: States that no evidence was provided to indicate transactions were not accommodation trades, but lacks depth in interpretation.
  [ID: d5ffce27-71ba-4c23-b2eb-bab6805c4ff7] Reasoning: Discusses specific market conditions indicating that certain spreads were accommodation trades, providing practical application.
  [ID: 14dd41eb-a74a-4c32-beb1-21639c6030dd] Reasoning: Analyzes the lack of evidence for certain trades being accommodation trades, but does not provide new interpretive insights.
  [ID: a5feba88-711f-4cad-958c-9a2fd060aa58] Reasoning: Directly quotes the statute again, providing no new interpretive value.
  [ID: a2decc7b-fe83-4dc5-92bd-23876de1dbd2] Reasoning: States that certain trading practices are prohibited, reiterating statutory language without adding interpretive context.
  [ID: a72690af-55d8-4f86-a61a-78b681577096] Reasoning: Details specific charges against an individual for accommodation trades, providing context for legal enforcement.
  [ID: 4638fcec-0ade-4c5b-9cc6-19b6ab0199c8] Reasoning: Discusses a pattern of illegal conduct involving accommodation trades, providing context for regulatory concerns.
  [ID: 08037857-9c3e-45a0-a46e-6256004ea058] Reasoning: Reiterates statutory language regarding unlawful transactions, providing no new interpretive value.
  [ID: e2c08967-ff12-4bcf-a692-e122f0a4e668] Reasoning: Describes participation in unlawful transactions known as accommodation trades, but lacks depth in interpretation.
  [ID: e3987ce9-4f46-4a81-a40e-7e004cd33bd2] Reasoning: Mentions 'accommodation trade' in the context of a legal case but does not provide any interpretive depth or application.
  [ID: 9b17d0f1-f60a-435f-ac2c-67924771e9d3] Reasoning: States that a trade was a fictitious sale and/or accommodation trade but lacks further explanation or context.
  [ID: bd81f0ab-5b17-4c36-be79-107d8108cfee] Reasoning: Discusses defendants' arguments regarding accommodation trading but does not clarify its application or implications.
  [ID: 83182dad-98ed-4b0f-a7d0-da8301140966] Reasoning: Mentions the defendants' claim regarding accommodation trading but does not elaborate on its significance or context.
  [ID: d77ad7e0-ce58-420d-b3b6-a40c2e01603c] Reasoning: Refers to a legal argument about accommodation trading as a lesser included offense but lacks substantive interpretive context.
  [ID: 1788dff3-42aa-4c28-b0c9-1fe1b8b33482] Reasoning: Defines 'accommodation trade' in a legal context, providing clarity on its meaning and implications, which adds interpretive value.
  [ID: d170144a-c24c-4b8b-a852-b3b2103ffac5] Reasoning: Explains the distinction between accommodation trading and filling by offset, which is critical for understanding legal nuances.
  [ID: 8dbe1e52-2012-489a-892e-52f364b1c0b0] Reasoning: Mentions acquittal on accommodation trading charges but does not provide further context or implications.
  [ID: ebc84b71-9d12-4334-b906-84f7d51b94fa] Reasoning: Alleges trade-practice violations including accommodation trades but lacks depth in explaining their significance.
  [ID: b0f9b2a1-05be-4720-a089-bd3a7e17783d] Reasoning: Describes engagement in accommodation trading but does not provide specific examples or legal implications.
  [ID: 20d8c2ef-e74e-46be-af06-51cc347536f3] Reasoning: Discusses credibility findings related to accommodation trading but lacks substantive interpretive context.
  [ID: c597c249-0c26-4b9f-bfd1-1e974baeffdc] Reasoning: Analyzes the implications of accommodation trades on market integrity, providing significant interpretive context.
  [ID: 8ea7c34e-f915-4f1c-ac83-0ec2f1ceee9d] Reasoning: Mentions a guilty plea for accommodation trading but lacks further context or implications.
  [ID: ddb4de94-e5c7-4833-b493-0d09902504b1] Reasoning: Direct quote of the statute regarding accommodation trades. No interpretive value beyond the statute itself.
  [ID: 7928c45e-9b72-4b06-9eb6-d531e6225eab] Reasoning: Another direct quote of the statute regarding accommodation trades. No interpretive value beyond the statute itself.
  [ID: aa194e25-9606-4208-9d4a-c8a4f73b35a2] Reasoning: Describes a practical example of accommodation trading in the pecan market, providing context and application.
  [ID: efc43a6e-3408-48de-a858-96e127788c5a] Reasoning: Mentions 'Accommodation Trade Counts' but does not provide any context or explanation.
  [ID: 7a21e5ef-d247-4c43-bc57-81e404b19b1b] Reasoning: Refers to defendants moving to dismiss accommodation trade counts but lacks substantive context.
  [ID: 3f068155-4c9b-4318-a94b-fa3dcab62254] Reasoning: Direct quote of the statute regarding accommodation trades. No interpretive value beyond the statute itself.
  [ID: 6a977b99-8fce-4b9a-874d-343c14064352] Reasoning: Discusses the vagueness challenge of the accommodation trade statute but lacks depth in its analysis.
  [ID: 725c34fa-5c46-436d-b9d9-408c62af442d] Reasoning: Describes a specific case of a prearranged accommodation trade but lacks broader interpretive context.
  [ID: 7ce9b4cb-b6e5-40e6-a5cf-c3595764bc06] Reasoning: Mentions that certain phrases are not used in accommodation trade counts but does not provide further context.
  [ID: 36f75cc0-5795-4464-806c-3cfebf69b435] Reasoning: Discusses the adequacy of the indictment regarding accommodation trades but lacks substantive interpretive context.
  [ID: e7e49eb5-a457-45f5-8af6-f502912f8c0a] Reasoning: Describes the details of alleged accommodation trades but does not provide interpretive depth.
  [ID: 3e927f7b-3360-4bd9-b78b-8efb036c40ea] Reasoning: Mentions a guilty plea for accommodation trading but lacks further context or implications.
  [ID: 69bacf82-2968-46bb-82ff-86a8f68a99a7] Reasoning: This sentence states a conviction for accommodation trades but does not provide any interpretive context or application of the term.
  [ID: 49eae3ee-e991-44e0-9054-3a1f1529a937] Reasoning: This sentence is a direct quote of the statute and does not add any new interpretive information regarding accommodation trades.
  [ID: 3a2a5a2b-24ba-46fb-8ca1-990513b06c9a] Reasoning: This sentence describes a specific case where accommodation trades were alleged, but it does not provide deeper interpretive context or analysis.
  [ID: 3d110076-d488-4c89-955a-78d17680a74b] Reasoning: This sentence mentions prearranged accommodation trades but lacks further explanation or context about their implications.
  [ID: d8c7fd63-1563-4e59-8259-dda8824e19af] Reasoning: This sentence discusses prior decisions related to wash sales and accommodation trades, providing some context but still lacks depth in interpretation.
  [ID: 18d7b9c9-95ae-454b-b9c3-c35c93e4eb2e] Reasoning: This sentence describes unlawful engagement in an accommodation trade but does not elaborate on its implications or context.
  [ID: 458c1500-dfa2-450c-afb9-628a0e474b45] Reasoning: This is a direct quote of the statute and does not provide any new interpretive information regarding accommodation trades.
  [ID: 7b8d1e56-b0e3-4b7f-a22a-809d3fc20efd] Reasoning: This sentence mentions violations related to accommodation trades but does not provide further interpretive context.
  [ID: 93e8d011-81c1-4f86-b47b-51686c348095] Reasoning: This sentence states that transactions were tantamount to accommodation trades but lacks deeper analysis or context.
  [ID: b0480965-4030-4ab6-b295-46861d6d4394] Reasoning: This sentence critiques the Commission's language regarding accommodation trades but does not clarify the term's application.
  [ID: c6b3c54e-3fae-4571-a793-966684a62a5f] Reasoning: This sentence argues about the nature of accommodation trades but does not provide a clear application or context.
  [ID: f07516c8-dcae-4e0c-a00a-1a0fc38432c1] Reasoning: This sentence discusses the practical meaning of accommodation trades but does not provide specific legal context or application.
  [ID: 5228139d-772b-4694-bc30-0386fe528e8c] Reasoning: This sentence discusses the Commission's interpretation of accommodation trades but lacks specific examples or applications.
  [ID: f8cee115-a1d6-4d4d-a40d-6b3eaf7e5581] Reasoning: This sentence provides a definition of accommodation trading but does not elaborate on its legal implications or applications.
  [ID: 83430929-f690-40ef-955c-4b85c1336e01] Reasoning: This sentence asserts there is no ambiguity in identifying accommodation trades but does not provide further context or examples.
  [ID: ff3200f2-05a4-4357-859d-752c16497307] Reasoning: This is a direct quote of the statute and does not provide any new interpretive information regarding accommodation trades.
  [ID: 31c119fc-f82f-4752-8b4f-aaf32a31c957] Reasoning: This is a direct quote of the statute and does not provide any new interpretive information regarding accommodation trades.
  [ID: c700b474-5cc0-4685-b883-27c47da530ec] Reasoning: This sentence describes the use of accommodation trades in a specific context but lacks deeper interpretive analysis.
  [ID: a3f62384-41f6-41c0-b318-9eddd95dfba0] Reasoning: This sentence describes a preliminary injunction related to accommodation trades but does not provide further context or implications.
  [ID: a6dda8bf-a33c-442d-9fad-9c42f09765eb] Reasoning: This sentence denies intent regarding accommodation trades but does not provide any interpretive context or application.
  [ID: 03b2f37b-7fe4-4640-85c2-52743730a1e1] Reasoning: This is a direct quote of the statute and does not provide any new interpretive information regarding accommodation trades.
  [ID: 4fe03e62-f04c-41c8-ab2d-e2d50aab6225] Reasoning: This is a direct quote of the statute and does not provide any new interpretive information regarding accommodation trades.
  [ID: ddf448b3-311a-49d5-a23c-3a50fcd8e5d2] Reasoning: This sentence provides definitions related to accommodation trading but does not elaborate on their legal implications or applications.
  [ID: 6aebbd1e-f342-4a27-a1c1-1d124ee14f33] Reasoning: This sentence raises a question about accommodation trades but does not provide a definitive answer or context.
  [ID: 8eb29eb2-906b-4e12-a9cf-591d0683b9f3] Reasoning: This sentence discusses a system of accommodation trades but lacks specific legal context or application.
Method: probabilities | Term: accommodation trade
NDCG@10: 0.7728370281161151
NDCG@20: 0.8208418032930795
NDCG@40: 0.9027450312779963
NDCG@100: 0.942315170499153

----------------------------------------
STDERR:
wandb: Appending key for api.wandb.ai to your netrc file: /Users/alvinwang/.netrc
wandb: Currently logged in as: alvinw2 (alvinw2-carnegie-mellon-university) to https://api.wandb.ai. Use `wandb login --relogin` to force relogin

GPT batches:   0%|          | 0/3 [00:00<?, ?batch/s]
GPT batches:  33%|███▎      | 1/3 [00:47<01:34, 47.34s/batch]
GPT batches:  67%|██████▋   | 2/3 [01:17<00:36, 36.99s/batch]
GPT batches: 100%|██████████| 3/3 [01:20<00:00, 21.67s/batch]
GPT batches: 100%|██████████| 3/3 [01:20<00:00, 26.84s/batch]
