Command: /opt/anaconda3/bin/python rank.py --term aural transfer --type probabilities --sentences sources/aural_transfer/aural_transfer-sentence.json --provisions sources/provisions.json --verbose false
----------------------------------------
You are an expert legal scholar specializing in statutory interpretation. Your task is to evaluate the interpretive value of retrieved sentences in relation to a specific "Phrase of Interest" and its "Source Statute/Provision".

### KEY RULE: PENALIZE STATUTORY REDUNDANCY (ADVERSARIAL GOAL)
You must act as a critic looking to disqualify sentences that provide NO NEW INFORMATION.
- IF a sentence merely repeats or paraphrases the provided "Source Statute/Provision" without adding interpretive context (like case law, specific applications, or expert analysis), it has **NO VALUE**.
- A literal quote of the statute is a redundant distraction. Assign 'no value' a probability of 0.90 or higher.
- Interpretive value comes from how the statute is *applied* or *explained* in practice, not from the text of the statute itself.

### RELEVANCE CATEGORIES
- **0: no value**: Irrelevant, off-topic, or purely redundant statutory text.
- **1: potential value**: Mentions the term in a relevant context but adds very little interpretive depth (e.g., a simple factual statement).
- **2: certain value**: Relevant; provide clear application, context, or explanation of the term that helps understand its scope or meaning.
- **3: high value**: Highly relevant; Provides critical interpretive guidance, settles a legal ambiguity, or explains a complex application in a way that significantly aids interpretation.

### GRANULARITY & TIE-BREAKING
- **BE PRECISE**: Do not give all relevant sentences the same score. Distinguish between a "good" explanation (Score 2) and an "excellent" one (Score 3). 
- **RESOLUTION**: Use granular probabilities (e.g., 0.35, 0.62) to ensure the final ranking is stable and distinguishes between similar-quality sentences.

### OUTPUT FORMAT
You must return a JSON array of objects. Each object must include a "reasoning" field (Chain-of-Thought) and a "probs" field.

Example:
[
  {
    "sentence_id": "S1",
    "reasoning": "Direct quote of Section 60101. No interpretive value beyond the statute itself.",
    "probs": {"no value": 0.98, "potential value": 0.02, "certain value": 0.0, "high value": 0.0}
  },
  {
    "sentence_id": "S2",
    "reasoning": "Applies 'hazardous liquid' to liquid CO2 pipelines, clarifying a major jurisdictional boundary.",
    "probs": {"no value": 0.05, "potential value": 0.15, "certain value": 0.30, "high value": 0.50}
  }
]

### DATA TO PROCESS
Phrase of Interest: {{phrase_of_interest}}
Source Statute/Provision: {{raw_statute}}

Sentences to evaluate:
{{sentences}}

  [ID: e36a410b-8805-42de-9089-842d1748c15b] Reasoning: Direct quote of the statute. No interpretive value beyond the statute itself.
  [ID: 092b56bb-f867-448f-bd61-c14da089f81f] Reasoning: Another direct quote of the statute. Provides no new information or context.
  [ID: b2e5dfaf-30d0-48b0-bb03-5881a137a075] Reasoning: This is a literal repetition of the statute's definition. No additional interpretive context is provided.
  [ID: f42aeeaa-49a3-4fcf-9ea1-e180e5293c21] Reasoning: This sentence is a direct quote of the statute, including additional details about electronic storage and exclusions, but still lacks interpretive context.
  [ID: 126990f2-30e1-492a-b777-595ac9af2b10] Reasoning: This is a direct quote of the statute. It does not provide any new interpretive insights.
  [ID: fe1680fe-f954-4769-b719-45e533b1f054] Reasoning: This sentence applies the definition of 'aural transfer' to a specific case, indicating that Andrews' conversations fall under the statute, which adds some context.
  [ID: c3c603e4-01a7-4f44-93e5-4ba04fb43fea] Reasoning: This sentence discusses the concept of a 'wiretap' and its relation to 'wire communication', providing context on its application, which adds interpretive value.
  [ID: 06fa550a-e4ba-44b6-884b-54bfae9782f0] Reasoning: This is a direct quote of the statute. It does not provide any new interpretive insights.
  [ID: 8cceac5a-730b-499b-8454-0902401ea447] Reasoning: This sentence is a direct quote of the statute. It does not provide any new interpretive insights.
  [ID: 36486d35-fa5a-43ba-8136-81bfd6a53101] Reasoning: This is a direct quote of the statute. It does not provide any new interpretive insights.
  [ID: e5a0603e-b17b-4d2f-a68d-fce8064f594b] Reasoning: This sentence describes the definition of 'wire communication' in a general context, but does not provide specific interpretive insights.
  [ID: 57f76644-8657-4b7d-bdb9-d230c38dde64] Reasoning: This is a direct quote of the statute. It does not provide any new interpretive insights.
  [ID: e2ccbf3e-be6b-480b-98b3-89210480eba2] Reasoning: This is a direct quote of the statute. It does not provide any new interpretive insights.
  [ID: f137e6b2-0782-401b-ac9b-9b43b968a230] Reasoning: This is a direct quote of the statute. It does not provide any new interpretive insights.
  [ID: 39676cea-594d-412c-9686-533268752f22] Reasoning: This sentence provides a definition of 'wire communication' but does not add any new interpretive context.
  [ID: 6038f065-4a1d-4814-ad69-8341732b3438] Reasoning: This is a direct quote of the statute. It does not provide any new interpretive insights.
  [ID: 8ccd5bf6-c9a5-44f3-ac02-52a27a5c86a6] Reasoning: This sentence defines 'aural transfer' but does not provide context on how it relates to 'wire communication'.
  [ID: a5f5c8c8-bb50-4b92-89a2-4abc47615d8c] Reasoning: This is a direct quote of the statute. It does not provide any new interpretive insights.
  [ID: ec127874-d4af-49f5-a3c5-2a4ad65a6420] Reasoning: This is a direct quote of the statute. It does not provide any new interpretive insights.
  [ID: 0762ed8e-165c-44d7-86b1-57c24e5491a5] Reasoning: This sentence provides a legislative history context for the term 'aural transfer', which adds some interpretive value.
  [ID: 9adce4dd-853a-4c87-898f-26f704e19a95] Reasoning: This sentence is a paraphrase of the statute's definition of 'wire communication' and does not provide any new interpretive context.
  [ID: 812c4066-6758-4b41-8f86-93a09d0c0c81] Reasoning: While this sentence discusses the definition of 'wire communication', it primarily reiterates the statutory text without adding significant interpretive value.
  [ID: 6321d068-846d-448f-a98c-3160ef9e623e] Reasoning: This is a direct quote of the statute's definition of 'wire communication', offering no new insights or applications.
  [ID: e487a7d9-f14f-42f1-aa16-f11555d96896] Reasoning: This sentence is another paraphrase of the statutory definition of 'wire communication', lacking any additional interpretive context.
  [ID: 85fe33be-b95b-44a5-bc88-f48cfca4fb64] Reasoning: This sentence provides a definition of 'aural transfer' that is relevant and adds clarity to the term, distinguishing it from other types of communication.
  [ID: e3bb090b-b46b-41dc-b828-1d111b89ddec] Reasoning: This sentence quotes the statute and does not provide any new interpretive context or application.
  [ID: 8bbbb42d-0b53-4546-98f4-71349a92bc92] Reasoning: This sentence reiterates the statutory definition of 'wire communication' without adding any new insights or applications.
  [ID: 531d0024-bad9-4aff-9ed1-d4a5677ca903] Reasoning: This sentence discusses the requirement of a telephone company for a telephone call, providing context that helps understand the application of 'aural transfer' within the definition of 'wire communication'.
  [ID: 3c1f42f4-b398-4a83-b382-7d1812b62c9d] Reasoning: This sentence is a direct repetition of the statutory definition of 'wire communication', offering no new insights.
  [ID: a9d1facc-7aed-4465-b418-78d53a8df940] Reasoning: This sentence is a direct quote of the statute's definition of 'wire communication', providing no new interpretive context.
  [ID: f9984474-9a22-4369-893f-6fc43bf2292c] Reasoning: This sentence quotes the statute and does not provide any new interpretive context or application.
  [ID: 53fd7863-525e-479f-8743-495e293b2394] Reasoning: This sentence provides definitions for several terms, including 'aural transfer', but does not add significant interpretive value beyond the definitions themselves.
  [ID: 26c1e03d-9213-48b4-b229-afc2f752da27] Reasoning: This sentence is a direct repetition of the statutory definition of 'wire communication', offering no new insights.
  [ID: 9c4d2918-3554-4524-af36-c23401b4d1a9] Reasoning: This sentence simply states 'Aural transfer' without any context or definition, providing no interpretive value.
  [ID: c7f51f47-9cf6-4ed1-904f-762c295dc92a] Reasoning: Discusses the application of aural transfer in the context of satellite television transmissions, providing interpretive context on how aural transfers are treated under the law.
  [ID: 0d0f0c2d-1417-4e59-a7fa-97e2151892c0] Reasoning: Mentions the definition of wire communication but does not provide additional context or application, making it largely redundant.
  [ID: ec28f94c-637d-4361-aa17-0cc9ca2448f6] Reasoning: Compares the definitions of electronic communications and wire communications, highlighting the broader scope of electronic communications, which adds some interpretive context.
  [ID: 3c9d6434-5619-4615-ad14-2363dde0d043] Reasoning: Direct quote of the statute. No interpretive value beyond the statute itself.
  [ID: 151efd00-7a48-4ded-91b3-451f7a0a5d5a] Reasoning: Explains the 1988 amendment and its implications for the definition of telephonic communication, providing context on how aural transfer is understood legally.
  [ID: 8b09390d-e480-4c54-bdf3-6c077814612f] Reasoning: Clarifies that telephonic communication includes any aural transfer, which adds interpretive context to the definition.
  [ID: b64cc361-e920-433f-89eb-bc642756be0c] Reasoning: Direct quote of the statute. No interpretive value beyond the statute itself.
  [ID: 0a423cc5-2d9a-4624-ae5f-abb9ad69b0f2] Reasoning: Defines aural transfer in a straightforward manner, but lacks additional context or application.
  [ID: c229a618-b338-4319-b9b5-b57e5437b22f] Reasoning: Discusses the legislative change that narrowed the definition of wire communication, providing important context for understanding the term.
  [ID: 08c18083-c6fb-46c7-afc4-39a001af9057] Reasoning: Direct quote of the statute. No interpretive value beyond the statute itself.
  [ID: 36a0d5ea-53c2-4f11-aee4-a5d555e1148e] Reasoning: Mentions the narrowing of the definition of wire communication but does not provide additional context or application, making it largely redundant.
  [ID: 4a36b4b1-04cb-4e2e-9418-69d8b3e6c220] Reasoning: States that Congress narrowed the definition of wire communication, which is relevant but lacks depth in application or context.
  [ID: b6277528-1c3a-48b3-bdab-db3313b57505] Reasoning: Direct quote of the statute. No interpretive value beyond the statute itself.
  [ID: 74ed2660-2833-47b8-a954-ea9559843f62] Reasoning: Mentions aural transfer but does not provide additional context or application, making it largely redundant.
  [ID: bc61ce3f-ac8d-4f96-94bc-7ac3a1008800] Reasoning: Direct quote of the definition of aural transfer. No interpretive value beyond the statute itself.
  [ID: 312eb01f-ef86-4068-a20a-b6830aeeddd5] Reasoning: Direct quote of the statute. No interpretive value beyond the statute itself.
  [ID: 3ec651b2-feeb-480e-aacb-81c5a62c2917] Reasoning: Direct quote of the statute. No interpretive value beyond the statute itself.
  [ID: 4043904f-50f3-4de1-bbf4-cc483a1129d5] Reasoning: Direct quote of the statute. No interpretive value beyond the statute itself.
  [ID: a6be549f-e200-48cf-9b8e-61deb4e2ad37] Reasoning: Direct quote of the statute. No interpretive value beyond the statute itself.
  [ID: 77da3959-eb6b-4821-8088-2a7258f20d78] Reasoning: Direct quote of the statute. No interpretive value beyond the statute itself.
  [ID: b41e845b-4589-4424-850c-af46b0933b5a] Reasoning: Discusses the applicability of the Wiretap Act to pinging, providing context on how aural transfers are interpreted under the law.
  [ID: 61f31bd9-911b-4deb-9c14-accda8aa03e5] Reasoning: Mentions the definitions of wire communication but does not provide additional context or application, making it largely redundant.
  [ID: d8160ec1-d734-495e-9914-eab8f34395d4] Reasoning: This sentence is a direct quote of the statute and adds no new interpretive context or application.
  [ID: f3778290-55f2-4900-8dda-3e1976e95c58] Reasoning: This sentence applies the definition of 'wire communication' to a specific scenario involving voicemail, illustrating its practical application.
  [ID: b25dd012-0a11-456b-a9fe-3dd182a98317] Reasoning: This sentence is a paraphrase of the statute and does not provide any additional interpretive context.
  [ID: 8472714c-bd6b-4d09-9679-3af4ea4c24af] Reasoning: This sentence is a simplified restatement of the statute without any new interpretive insights.
  [ID: 68cc4638-e482-44ab-917c-5405b5aaf602] Reasoning: This sentence provides a definition of 'aural transfer' but does not apply it in a legal context, limiting its interpretive value.
  [ID: 9218e161-f5b8-426b-a346-11ff910d295d] Reasoning: This sentence discusses the narrowing and expansion of the definition of 'wire communication' but does not provide specific applications or interpretations.
  [ID: 57f43781-09dd-4cac-a7bc-9f27138135a2] Reasoning: This sentence is a direct quote of the statute and does not add any interpretive context.
  [ID: 5ef47949-f64d-4b1b-9564-e8e8a8ab8e58] Reasoning: This sentence is a direct quote of the statute and does not provide any new interpretive context.
  [ID: 555da7f6-bde7-4b01-ba70-c2b0e9a2ad4a] Reasoning: This sentence is a direct quote of a similar statute and does not add any new interpretive context.
  [ID: 8e662062-4897-49d1-b790-f472b7ac0c7f] Reasoning: This sentence discusses the differences between 'wire communication' and 'electronic communication' and provides context for legal interpretation, enhancing its value.
  [ID: aac4ddc8-2fa4-4d68-b15a-6ad5c40040f1] Reasoning: This sentence is a direct quote of the statute and does not provide any new interpretive context.
  [ID: 72cdd14c-a282-4252-a611-1d81356e5ca1] Reasoning: This sentence is a direct quote of the statute and does not add any new interpretive context.
  [ID: a9519b88-f4cb-45d4-8264-eae12e330baa] Reasoning: This sentence is a direct quote of the statute and does not provide any new interpretive context.
  [ID: 2f225bdc-4195-42d8-815a-eac791152496] Reasoning: This sentence is a direct quote of the statute and does not add any new interpretive context.
  [ID: 155d34eb-56c2-4453-9eb7-873d4d427eae] Reasoning: This sentence is a direct quote of the statute and does not provide any new interpretive context.
  [ID: 61c5d56e-ee10-42c5-9377-e6eeefec561c] Reasoning: This sentence is a direct quote of the statute and does not add any new interpretive context.
  [ID: 047a987e-138e-41d3-b889-38b1468dff4d] Reasoning: This sentence is a direct quote of the statute and does not provide any new interpretive context.
  [ID: ea2ab14d-ad22-460b-9d40-2f79d1aa12d7] Reasoning: This sentence is a direct quote of the statute and does not add any new interpretive context.
  [ID: 6dbd4fec-7744-4209-ad79-c4eeaf759a97] Reasoning: This sentence references a case and discusses the application of 'wire communication' in a specific legal context, providing valuable interpretive insight.
  [ID: 41cd55a6-4f69-4cd5-a9ed-6713a80c306a] Reasoning: This sentence applies the definition of 'wire communication' to a specific case involving voicemail, illustrating its practical application.
  [ID: e45d2b69-4501-48a9-84cf-2a7eb5e31dd4] Reasoning: This sentence explains the equivalence of voicemail messages to phone conversations under the Act, providing critical interpretive guidance.
  [ID: 28260afb-1132-46c4-8e14-698a0e459b58] Reasoning: This sentence discusses a specific case where a communication was not considered 'wire communication,' providing important interpretive context.
  [ID: 721e46f1-539a-4b33-90f4-bfb629cb0202] Reasoning: This sentence references a judicial opinion that distinguishes between 'wire communication' and other forms of communication, adding interpretive depth.
  [ID: 0512b60e-26b9-4720-8a9c-62fc3836034c] Reasoning: This sentence is a direct quote of the statute and does not provide any new interpretive context.
  [ID: 775db9bc-517b-47c5-bf67-30580be2df06] Reasoning: This sentence is a direct quote of the statute and does not add any new interpretive context.
  [ID: 76cbe1a3-4310-4aa6-bed6-293180193e50] Reasoning: Direct quote of the definition of 'aural transfer' from the statute. No interpretive value beyond the statute itself.
  [ID: c6db83cb-c027-416f-ac00-9a67f0024b47] Reasoning: This sentence repeats the definition of 'wire communication' from the statute without adding any new interpretive context or application.
  [ID: 5e9780bc-0829-40d3-9a74-1021a01b76ad] Reasoning: This sentence provides a definition of 'wire communication' that closely mirrors the statute, offering no new insights or applications.
  [ID: 2e286b1a-6189-416c-8cda-55bfbdfa2394] Reasoning: This sentence simply restates the definition of 'aural transfer' as found in the statutes, lacking any interpretive depth.
  [ID: b663721d-60a8-4d43-95e9-c24a8726dba7] Reasoning: This sentence applies the definition of 'aural transfer' to a specific case, indicating that without a human voice, the wiretapping laws do not apply. This provides context and application.
  [ID: d722ad6b-125e-48ab-8b80-90dd641c2d01] Reasoning: Direct quote of the definition of 'wire communication' from the statute. No interpretive value beyond the statute itself.
  [ID: 3f427bbb-796c-4233-9bb8-1c4ff002e2ae] Reasoning: This sentence discusses the evolution of the definition of 'wire communication' but does not provide new interpretive insights or applications.
  [ID: ffb6cd9a-3452-4d00-894b-3f58f5b24dad] Reasoning: This sentence is a direct quote of the statute's definition of 'wire communication', providing no new interpretive context.
  [ID: c686505e-c108-41dc-b792-39dda8c8f11d] Reasoning: This sentence repeats the definition of 'wire communication' from the statute without adding any new interpretive context or application.
  [ID: 26b21ed7-e504-4f93-aac0-c40d798358e1] Reasoning: This sentence is a direct citation of the statute's definitions, providing no new interpretive context.
  [ID: 6a6c5173-16b8-414f-a880-d90c85eda873] Reasoning: This sentence is a direct quote of the definition of 'wire communication' from the statute, offering no new insights.
  [ID: 93c382f1-5786-4345-b609-aeb6ded0cba3] Reasoning: This sentence is a direct quote of the definition of 'wire communication' from the statute, providing no new interpretive context.
  [ID: 06340372-4663-4314-9588-f61a04ba276f] Reasoning: This sentence provides a historical definition of 'wire communication' but does not add any new interpretive insights.
  [ID: d7a285cc-c15a-4e99-9a02-2eb1c7e35b68] Reasoning: This sentence is a direct quote of the definition of 'wire communication' from the statute, providing no new insights.
  [ID: 8d90d834-d817-4424-8ced-3db95472d397] Reasoning: This sentence is a direct quote of the definition of 'wire communication' from the statute, offering no new interpretive context.
  [ID: 42ca28d4-7f19-48ab-a5e5-2fbdba661ba3] Reasoning: This sentence is a direct quote of the definition of 'wire communication' from the statute, providing no new insights.
  [ID: 24d62ccc-0ed1-46ba-a334-02411dc5e9f3] Reasoning: This sentence discusses the role of a provider in relation to 'aural transfer', providing some context about the application of the statute.
  [ID: 6f016e7a-780d-4d1d-922e-7f3424417883] Reasoning: This sentence is a direct quote of the definition of 'wire communication' from the statute, providing no new insights.
  [ID: 12d0aa0c-5440-4db7-802d-826ed3d591ab] Reasoning: This sentence provides a definition of 'aural transfer' but does not add any interpretive context or application.
  [ID: fc5e4ee8-f050-4d43-8954-b4ed89de9fde] Reasoning: This sentence states that cell-site data is not part of an 'aural transfer', which clarifies the scope of the term in a specific context.
  [ID: 098e4c46-bf52-4ae7-a474-9c7bb93fd2eb] Reasoning: This sentence compares definitions from different statutes, which could provide some interpretive context but lacks depth.
  [ID: 07d5b729-2eeb-470f-b96b-addb6218c1c0] Reasoning: This sentence is a direct quote of the definition of 'wire communication' from the statute, providing no new insights.
  [ID: 94106151-ddf7-4289-826c-7ac6c0a2b334] Reasoning: Direct quote of the statute defining 'wire communication'. No interpretive value beyond the statute itself.
  [ID: 45a5bf6b-bd79-4c59-8989-a7da19c63cea] Reasoning: This sentence provides a definition of 'wire communication' but is largely a paraphrase of the statute with minimal additional context.
  [ID: 3895f7f9-41c2-4df1-b0f2-bd4c52542ec7] Reasoning: Another direct quote of the statute defining 'wire communication'. No new interpretive information is provided.
  [ID: e0845d6f-d902-4ec7-ac15-d306182ac15d] Reasoning: This sentence repeats the definition of 'wire communication' from the statute, adding only that it includes electronic storage, which is not a significant interpretive addition.
  [ID: 7edf2792-7b1a-4fcc-9159-248542066064] Reasoning: This sentence paraphrases the statute without adding any new interpretive context or application.
  [ID: 4dfb63e4-f2b5-4151-b34e-868ecd994db8] Reasoning: This sentence defines 'aural transfer' but does not provide any application or context that aids in understanding its legal implications.
  [ID: 06ea3fef-bef5-4bb6-933f-d9b8dce16894] Reasoning: This is a direct quote of the statute defining 'wire communication'. It does not provide any new interpretive insights.
  [ID: 850b7196-26e2-421b-90f1-f8fbeea279ce] Reasoning: This sentence references the definitions of 'wire communication' and 'electronic communication' but does not provide any new context or application.
  [ID: 436265bb-6a1a-4d15-923c-8963284cc0ce] Reasoning: This sentence is a direct quote of the statute defining 'wire communication'. It lacks interpretive value.
  [ID: 3f88c3c6-ebdb-456f-8872-4f0b91e50931] Reasoning: This sentence defines 'aural transfer' but does not provide any application or context that aids in understanding its legal implications.
  [ID: 5bba957f-9fec-44f2-932e-0f56f8a36b37] Reasoning: This sentence connects the definitions of 'wire communication' and 'aural transfer', but it does not provide any new interpretive context.
  [ID: 4321b195-6626-4f76-aff9-d8432466ed61] Reasoning: This sentence is a direct quote of the statute defining 'wire communication'. It does not provide any new interpretive insights.
  [ID: 1a2fdb40-d3e3-43a3-85bf-50df66bd342c] Reasoning: This sentence is a direct quote of the statute defining 'wire communication'. It lacks interpretive value.
  [ID: 7f4697f7-f252-4afe-9ac6-8e12dc8ea216] Reasoning: This sentence provides a definition of 'aural transfer' in the context of cellphones, which adds some interpretive context regarding its application.
  [ID: 5c3096ac-45ad-42fe-8ab3-0a35f5c0c85d] Reasoning: This is a direct quote of the statute defining 'wire communication'. It does not provide any new interpretive insights.
  [ID: a38d051c-8f2a-46b1-aa6b-a84a977d4b3e] Reasoning: This sentence describes a specific instance of an aural transfer being transmitted by wire, providing a practical application of the term.
  [ID: 006d34b8-275f-44a7-90c6-8cd7b722b3a0] Reasoning: This sentence discusses the point of reception in relation to an aural transfer, which adds context to the application of the term.
  [ID: 7e1e1a7f-afda-4da2-915b-1ccabbe5394c] Reasoning: This is a direct quote of the statute defining 'wire communication'. It lacks interpretive value.
  [ID: bb31052d-d31d-4603-9357-ee56d899f1fa] Reasoning: This sentence provides definitions related to 'aural transfer' but does not add any new interpretive context or application.
  [ID: 79c62c34-e415-4f93-834e-d3d48a7c9fee] Reasoning: This sentence is a direct quote of the statute defining 'aural transfer'. It does not provide any new interpretive insights.
  [ID: e8c029eb-d115-4c21-af64-6b6644f0c472] Reasoning: This sentence discusses the definitions of 'intercept' and 'aural transfer' but does not provide any new context or application.
  [ID: 3d7836c1-1ca9-4fbe-95a6-19375c346a57] Reasoning: This sentence mentions the addition of definitions but does not provide any specific application or context for 'aural transfer'.
  [ID: 7cfa2042-fa0f-48c8-b43d-162e42c0f6f8] Reasoning: This sentence defines 'interception' in relation to 'aural transfer', providing some context for its application in legal terms.
  [ID: b92f7ff6-e473-42fc-85ee-edde0bacf678] Reasoning: This sentence is a direct quote of the statute defining 'wire communication'. It lacks interpretive value.
  [ID: f5542071-51c1-4474-98af-44ed11e2ad35] Reasoning: This sentence discusses an amendment to the statute but does not provide any new interpretive context or application.
Method: probabilities | Term: aural transfer
NDCG@10: 0.8426666943172368
NDCG@20: 0.7991691649501753
NDCG@40: 0.7809991211599839
NDCG@100: 0.81633222577263

----------------------------------------
STDERR:
wandb: Appending key for api.wandb.ai to your netrc file: /Users/alvinwang/.netrc
wandb: Currently logged in as: alvinw2 (alvinw2-carnegie-mellon-university) to https://api.wandb.ai. Use `wandb login --relogin` to force relogin

GPT batches:   0%|          | 0/6 [00:00<?, ?batch/s]
GPT batches:  17%|█▋        | 1/6 [00:42<03:31, 42.25s/batch]
GPT batches:  33%|███▎      | 2/6 [00:42<01:10, 17.66s/batch]
GPT batches:  50%|█████     | 3/6 [01:10<01:07, 22.47s/batch]
GPT batches:  67%|██████▋   | 4/6 [01:20<00:35, 17.50s/batch]
GPT batches:  83%|████████▎ | 5/6 [01:22<00:11, 11.82s/batch]
GPT batches: 100%|██████████| 6/6 [01:22<00:00,  7.84s/batch]
GPT batches: 100%|██████████| 6/6 [01:22<00:00, 13.77s/batch]
