Command: /opt/anaconda3/bin/python rank.py --term cybercrime --type probabilities --sentences sources/cybercrime/cybercrime-sentence.json --provisions sources/provisions.json --verbose false
----------------------------------------
You are an expert legal scholar specializing in statutory interpretation. Your task is to evaluate the interpretive value of retrieved sentences in relation to a specific "Phrase of Interest" and its "Source Statute/Provision".

### KEY RULE: PENALIZE STATUTORY REDUNDANCY (ADVERSARIAL GOAL)
You must act as a critic looking to disqualify sentences that provide NO NEW INFORMATION.
- IF a sentence merely repeats or paraphrases the provided "Source Statute/Provision" without adding interpretive context (like case law, specific applications, or expert analysis), it has **NO VALUE**.
- A literal quote of the statute is a redundant distraction. Assign 'no value' a probability of 0.90 or higher.
- Interpretive value comes from how the statute is *applied* or *explained* in practice, not from the text of the statute itself.

### RELEVANCE CATEGORIES
- **0: no value**: Irrelevant, off-topic, or purely redundant statutory text.
- **1: potential value**: Mentions the term in a relevant context but adds very little interpretive depth (e.g., a simple factual statement).
- **2: certain value**: Relevant; provide clear application, context, or explanation of the term that helps understand its scope or meaning.
- **3: high value**: Highly relevant; Provides critical interpretive guidance, settles a legal ambiguity, or explains a complex application in a way that significantly aids interpretation.

### GRANULARITY & TIE-BREAKING
- **BE PRECISE**: Do not give all relevant sentences the same score. Distinguish between a "good" explanation (Score 2) and an "excellent" one (Score 3). 
- **RESOLUTION**: Use granular probabilities (e.g., 0.35, 0.62) to ensure the final ranking is stable and distinguishes between similar-quality sentences.

### OUTPUT FORMAT
You must return a JSON array of objects. Each object must include a "reasoning" field (Chain-of-Thought) and a "probs" field.

Example:
[
  {
    "sentence_id": "S1",
    "reasoning": "Direct quote of Section 60101. No interpretive value beyond the statute itself.",
    "probs": {"no value": 0.98, "potential value": 0.02, "certain value": 0.0, "high value": 0.0}
  },
  {
    "sentence_id": "S2",
    "reasoning": "Applies 'hazardous liquid' to liquid CO2 pipelines, clarifying a major jurisdictional boundary.",
    "probs": {"no value": 0.05, "potential value": 0.15, "certain value": 0.30, "high value": 0.50}
  }
]

### DATA TO PROCESS
Phrase of Interest: {{phrase_of_interest}}
Source Statute/Provision: {{raw_statute}}

Sentences to evaluate:
{{sentences}}

  [ID: a946315a-faf4-4aea-8e04-78397845d395] Reasoning: This sentence provides a factual statement about a specific agent's assignment but does not elaborate on the implications or applications of 'cybercrime'.
  [ID: 201c6528-13ee-4f69-ae25-bcc6464549cb] Reasoning: This sentence defines 'cybercrime' in a broad context, but it does not provide specific legal interpretations or applications that would enhance understanding.
  [ID: 832ec6d8-ebcc-41db-bf54-ed921e1f1787] Reasoning: This sentence discusses a perspective on the regulation of cybercrime, suggesting it should be treated like traditional crimes, but lacks depth in legal analysis or application.
  [ID: 48571dee-1e95-4f74-b387-7fc4e8f14080] Reasoning: This sentence describes an action taken by a Cybercrime agent but does not provide interpretive context or legal implications regarding 'cybercrime'.
  [ID: 85dcf3da-c001-407a-b00b-7b294b58ec8f] Reasoning: This sentence mentions an expert's testimony regarding the examination of computers in a cybercrime case, but it does not elaborate on the legal significance or implications of the findings.
  [ID: f497a1d4-b7c2-4613-806d-16789efeabda] Reasoning: This sentence provides information about a firm's specialization in cybercrime response but does not add legal interpretive value or context.
  [ID: 1edc82ab-e195-4f2d-be60-6a24deb9fea3] Reasoning: This sentence describes a search conducted by a cybercrime division but lacks interpretive context regarding the legal implications of the findings.
  [ID: 7eade502-9b05-4901-9c26-5bf6bd510267] Reasoning: This sentence is a repeat of a previous statement regarding the location of child pornography, providing no new information.
  [ID: 5a732913-1259-457d-b79c-3e8a5152d2b9] Reasoning: This sentence describes the discovery of files related to cybercrime but does not provide any interpretive context or legal implications.
  [ID: 3bed5b64-bf0c-4bb3-991c-fe32fbe124d3] Reasoning: Similar to the previous sentence, this describes a finding related to cybercrime without adding legal interpretive value.
  [ID: b1a7ffd9-53fc-43fe-bd14-0f3d5c6fe0bf] Reasoning: This sentence mentions collaboration with a federal agent in a cybercrime investigation but lacks depth in legal analysis or implications.
  [ID: 0aacd014-8ccf-4e7f-9a04-c03ca33d2bee] Reasoning: This sentence discusses threats related to cybercrimes but does not provide specific legal context or implications.
  [ID: 8bd8b3a4-356a-4145-ad18-3a3952263f0d] Reasoning: This sentence describes a notification regarding child pornography but does not provide interpretive context or legal implications.
  [ID: f392f153-5f95-434b-a924-cc68c7a1fc97] Reasoning: This sentence references academic articles on cybercrime but does not provide specific legal interpretations or applications.
  [ID: c2bb72eb-1fcd-40a4-948a-149072960f91] Reasoning: This sentence mentions the formation of a cybercrime group but lacks detail on legal implications or applications.
  [ID: 0e6b9e0b-65bc-4af4-adc1-ec518045f5fc] Reasoning: This sentence discusses the Internet's role in facilitating traditional crimes but does not provide specific legal context or implications.
  [ID: b74b2432-dabd-456c-a21b-0d7f28fe50d8] Reasoning: This sentence discusses the prosecution of cybercrime but does not provide specific legal interpretations or applications.
  [ID: b101136b-e53c-440e-a8bb-07c4c2a7c8b6] Reasoning: This sentence discusses the emergence of computer-crime laws but does not provide specific legal interpretations or applications.
  [ID: 329c282b-7ca4-4201-9681-78bd2eb1d5c5] Reasoning: This sentence describes a cybercrime enterprise's activities but lacks depth in legal analysis or implications.
  [ID: 9002f5c4-eaf3-44d4-8a79-a35423b5473b] Reasoning: This sentence details allegations against an international cybercrime group but does not provide specific legal interpretations or applications.
  [ID: 13d0ece3-e83f-4c54-ab4f-4ef985c305f0] Reasoning: This sentence discusses the structure of a cybercrime group but lacks detail on legal implications or applications.
  [ID: c1bdfdbd-1870-4929-8707-b7ac3cdaf471] Reasoning: This sentence discusses the Senate's ratification of the Cybercrime Convention but does not provide any new interpretive context or application related to 'cybercrime'.
  [ID: 4b537da2-39e3-4079-88a8-7817da03ad06] Reasoning: This sentence references the Cybercrime Convention's requirements but does not explain how these requirements relate to the definition of 'cybercrime' or its application in law.
  [ID: 177e9506-f108-4ecb-9c52-de93736a7ff0] Reasoning: This sentence provides a citation to the Explanatory Report of the Convention but lacks any interpretive analysis or application regarding 'cybercrime'.
  [ID: 181e3f93-ea63-4b84-98c4-51d8dad853b4] Reasoning: The sentence argues that Senate ratification indicates existing authority under the SCA but does not clarify how this relates to the definition of 'cybercrime'.
  [ID: 0b8a63ba-8f31-4d01-a5de-6b18edc6a520] Reasoning: This sentence states a fact about the timing of the Senate's ratification but does not provide any interpretive context regarding 'cybercrime'.
  [ID: 9a9e556a-d161-4735-92e8-3e5718ccdfac] Reasoning: This sentence asserts that the Cybercrime Convention is not legislation but does not elaborate on its implications for understanding 'cybercrime'.
  [ID: e0124787-4856-4f81-b989-cedec593f1de] Reasoning: This sentence introduces the Convention on Cybercrime but does not provide any interpretive context or application related to 'cybercrime'.
  [ID: 025cbd05-2c18-4f4b-932a-477bc67a7c21] Reasoning: This sentence is a citation of the Convention's article but does not provide any interpretive context or application regarding 'cybercrime'.
  [ID: 3a0c9e66-0112-496f-82e3-0a30d4b0b6dc] Reasoning: This sentence discusses potential extradition based on evidence of cybercrime but does not clarify how this relates to the definition of 'cybercrime'.
  [ID: 8100b6e9-37d1-48df-a2d4-7e2473a0815c] Reasoning: This sentence describes an action taken by local authorities involving cybercrime experts but does not provide any interpretive context regarding 'cybercrime'.
  [ID: b9f92a48-ae2c-4860-a842-2f64e6c90d51] Reasoning: This sentence mentions a specific case involving child pornography but does not provide any interpretive context regarding 'cybercrime'.
  [ID: a32c85af-fa09-4fa3-82f1-75670c404905] Reasoning: This sentence describes a digital forensic analysis but does not provide any interpretive context regarding 'cybercrime'.
  [ID: eaaed995-b717-46e4-ae0a-256f23a0b5e1] Reasoning: This sentence discusses a court case related to a specific cybercrime but does not clarify how this relates to the broader definition of 'cybercrime'.
  [ID: a45b1afb-15cd-4696-a69f-8f814fd207f9] Reasoning: This sentence mentions a product related to cybercrime but does not provide any interpretive context or application regarding 'cybercrime'.
  [ID: d7a02cce-ee1a-47c7-8817-4dda589a02d6] Reasoning: This sentence discusses the need to consider constitutional limits on venue in relation to cybercrimes but does not provide specific interpretive context regarding 'cybercrime'.
  [ID: a3a03035-17aa-4c15-967d-4f3dc40732f8] Reasoning: This sentence mentions definitions related to cybercrime investigations but does not provide any interpretive context or application regarding 'cybercrime'.
  [ID: 6ac8b0b6-b087-402b-a434-c31712434ecb] Reasoning: This sentence discusses generalized statements about cybercrime but does not provide any specific interpretive context or application regarding 'cybercrime'.
  [ID: 91d7ea9f-d89e-498a-9876-594ad880b0fc] Reasoning: This sentence references a statement by the Attorney General regarding 'cybercrime' but does not provide any new interpretive context or application.
  [ID: 1ba9aab4-f560-4b71-a1a4-4d9ae89fad63] Reasoning: This sentence describes a police investigation involving cybercrime but does not provide any interpretive context regarding 'cybercrime'.
  [ID: 4774fe61-356b-4e4e-a295-74dd4caf5488] Reasoning: This sentence mentions claims under federal laws related to 'cybercrimes' but does not provide any interpretive context or application regarding 'cybercrime'.
  [ID: ecc2413a-6ff4-494d-8c7c-41c6ee7cab8d] Reasoning: This sentence discusses testimony from a cybercrime unit but does not provide any interpretive context regarding 'cybercrime'.
  [ID: b8cc9914-b1a0-4574-842a-9dc35a18c66e] Reasoning: This sentence describes a detective's role in cybercrimes but does not provide any interpretive context regarding 'cybercrime'.
  [ID: 721905cb-1d0a-463a-8ad3-19c3c9e72bc1] Reasoning: This sentence quotes a legal article without providing any new interpretive context or application related to cybercrime.
  [ID: 5f08c5a7-f161-466c-aa07-52af52def7ee] Reasoning: This sentence describes an investigative action related to cybercrime, providing context on how cybercrime investigations are conducted.
  [ID: 6a659a8a-1308-4d46-89c2-92557d60a63b] Reasoning: This is another quote from a legal article that does not add any new information or context regarding cybercrime.
  [ID: 02a549b0-5a3b-4a35-8965-41fd9ae2994b] Reasoning: This sentence discusses perceptions about a cybercrime program, but lacks substantive interpretive value regarding the legal definition or application of cybercrime.
  [ID: 6b1322f1-b211-4bf1-89f1-5b90c8c1f1a5] Reasoning: This sentence mentions the withdrawal of support for a cybercrime curriculum but does not provide any legal context or application.
  [ID: c7638669-64a2-4305-a666-a9f8503c2a58] Reasoning: This sentence highlights the FBI's prioritization of cybercrime, particularly child pornography, which provides context on the seriousness of the issue.
  [ID: 023bb4a9-aa68-4339-be1e-61a0acc0d427] Reasoning: This sentence describes the legal process involving the transfer of seized items for cybercrime investigation, providing practical application of law.
  [ID: c772de34-c1b1-44e0-aaec-a40dab023040] Reasoning: This sentence references legal documents but does not provide any new interpretive context or application regarding cybercrime.
  [ID: 135e4bad-dc78-48a5-8b44-636c426864a6] Reasoning: This sentence mentions a detective in a cybercrimes unit but lacks substantive information about the legal implications or applications of cybercrime.
  [ID: 4393a8a0-1509-4a92-914d-e0444b78742b] Reasoning: This sentence provides a factual account of evidence found by a cybercrimes unit, which is relevant to understanding the enforcement of cybercrime laws.
  [ID: e8ebe9fb-8ef0-44a4-9833-6337eeb812ef] Reasoning: This sentence describes an undercover operation related to cybercrime, providing context on law enforcement tactics.
  [ID: a7fffbb9-1def-42d7-b4f7-21d5ce50177f] Reasoning: This sentence describes the structure of a department's unit related to cybercrime, but lacks specific interpretive value.
  [ID: 396be3f4-ddf9-4d68-8321-f9283d638d45] Reasoning: This sentence describes an undercover operation involving the FBI's Cybercrimes Task Force, providing context on law enforcement strategies.
  [ID: b41246a7-5e94-401e-b740-dff77576ed1c] Reasoning: This sentence discusses legislative intent regarding liability in cybercrime, which provides interpretive context on the scope of cybercrime laws.
  [ID: c06f5d1a-ce1e-4d24-99b7-579fa68bfee4] Reasoning: This sentence mentions deterrence and punishment in the context of cybercrimes, which adds interpretive depth to the understanding of cybercrime enforcement.
  [ID: 73670aee-0171-4b28-a2ac-826bb18e1c13] Reasoning: This sentence provides a link to a legal manual but does not add any new interpretive context or application regarding cybercrime.
  [ID: 686a57eb-577e-4778-9949-43709ad4795e] Reasoning: This sentence discusses testimony regarding the behavior of individuals collecting child pornography, providing insight into the nature of cybercrime investigations.
  [ID: 821e35ff-9f01-4f47-86b9-851b899af5f0] Reasoning: This sentence references a DOJ publication but does not provide any new interpretive context or application regarding cybercrime.
  [ID: 295f676d-cc06-41d3-af84-5d3857717090] Reasoning: This sentence references another DOJ document but does not add any new interpretive context or application regarding cybercrime.
  [ID: 6e90c181-cb75-4af2-ab3f-536b2cb5c6c3] Reasoning: This sentence discusses the interpretation of legal terms related to cybercrime but does not provide new context or application.
  [ID: de9133e6-2e85-4188-a031-d45162827ec4] Reasoning: This sentence describes an observation by a cybercrime unit but lacks substantive information about the legal implications or applications of cybercrime.
  [ID: 1b83ba21-5172-46f4-b570-9a08e6a1cda2] Reasoning: This sentence describes a search and seizure related to cybercrime, providing relevant context on law enforcement actions.
  [ID: 740e441c-674e-4064-93b3-3003219eb787] Reasoning: This sentence describes a cooperative investigation involving multiple law enforcement agencies, providing context on the collaborative nature of cybercrime enforcement.
  [ID: 0dab0836-b94b-467f-87eb-5bf6e7b424b6] Reasoning: This sentence describes a product used by law enforcement for cybercrime investigations but does not provide new interpretive context.
  [ID: da5de1fb-b2db-470a-89fb-0ffa057dae9e] Reasoning: This sentence describes a search warrant obtained by a detective in the cybercrime division, providing context on legal procedures in cybercrime cases.
Method: probabilities | Term: cybercrime
NDCG@10: 0.5341220299237175
NDCG@20: 0.6724484570782049
NDCG@40: 0.8150192401692073
NDCG@100: 0.8571384828410347

----------------------------------------
STDERR:
wandb: Appending key for api.wandb.ai to your netrc file: /Users/alvinwang/.netrc
wandb: Currently logged in as: alvinw2 (alvinw2-carnegie-mellon-university) to https://api.wandb.ai. Use `wandb login --relogin` to force relogin

GPT batches:   0%|          | 0/3 [00:00<?, ?batch/s]
GPT batches:  33%|███▎      | 1/3 [00:41<01:22, 41.11s/batch]
GPT batches:  67%|██████▋   | 2/3 [00:44<00:18, 18.98s/batch]
GPT batches: 100%|██████████| 3/3 [00:47<00:00, 11.59s/batch]
GPT batches: 100%|██████████| 3/3 [00:47<00:00, 15.80s/batch]
