Command: /opt/anaconda3/bin/python rank.py --term digital musical recording --type probabilities --sentences sources/digital_musical_recording/digital_musical_recording-sentence.json --provisions sources/provisions.json --verbose false
----------------------------------------
You are an expert legal scholar specializing in statutory interpretation. Your task is to evaluate the interpretive value of retrieved sentences in relation to a specific "Phrase of Interest" and its "Source Statute/Provision".

### KEY RULE: PENALIZE STATUTORY REDUNDANCY (ADVERSARIAL GOAL)
You must act as a critic looking to disqualify sentences that provide NO NEW INFORMATION.
- IF a sentence merely repeats or paraphrases the provided "Source Statute/Provision" without adding interpretive context (like case law, specific applications, or expert analysis), it has **NO VALUE**.
- A literal quote of the statute is a redundant distraction. Assign 'no value' a probability of 0.90 or higher.
- Interpretive value comes from how the statute is *applied* or *explained* in practice, not from the text of the statute itself.

### RELEVANCE CATEGORIES
- **0: no value**: Irrelevant, off-topic, or purely redundant statutory text.
- **1: potential value**: Mentions the term in a relevant context but adds very little interpretive depth (e.g., a simple factual statement).
- **2: certain value**: Relevant; provide clear application, context, or explanation of the term that helps understand its scope or meaning.
- **3: high value**: Highly relevant; Provides critical interpretive guidance, settles a legal ambiguity, or explains a complex application in a way that significantly aids interpretation.

### GRANULARITY & TIE-BREAKING
- **BE PRECISE**: Do not give all relevant sentences the same score. Distinguish between a "good" explanation (Score 2) and an "excellent" one (Score 3). 
- **RESOLUTION**: Use granular probabilities (e.g., 0.35, 0.62) to ensure the final ranking is stable and distinguishes between similar-quality sentences.

### OUTPUT FORMAT
You must return a JSON array of objects. Each object must include a "reasoning" field (Chain-of-Thought) and a "probs" field.

Example:
[
  {
    "sentence_id": "S1",
    "reasoning": "Direct quote of Section 60101. No interpretive value beyond the statute itself.",
    "probs": {"no value": 0.98, "potential value": 0.02, "certain value": 0.0, "high value": 0.0}
  },
  {
    "sentence_id": "S2",
    "reasoning": "Applies 'hazardous liquid' to liquid CO2 pipelines, clarifying a major jurisdictional boundary.",
    "probs": {"no value": 0.05, "potential value": 0.15, "certain value": 0.30, "high value": 0.50}
  }
]

### DATA TO PROCESS
Phrase of Interest: {{phrase_of_interest}}
Source Statute/Provision: {{raw_statute}}

Sentences to evaluate:
{{sentences}}

  [ID: 8bcf8d8e-b59a-489b-8a83-ade062b458a3] Reasoning: This sentence provides historical context about the legislative change from 'audiogram' to 'digital musical recording' but does not elaborate on the implications of this change.
  [ID: 4f7b6d13-adbf-4fb6-960f-172457c9c559] Reasoning: This sentence explains the requirements for a 'digital audio recording device' under the statute, linking it to the definition of 'digital musical recording' and providing interpretive context.
  [ID: 77fb4007-d53c-4744-b1b3-2e4533354d92] Reasoning: This sentence discusses a specific argument regarding the definition of 'digital musical recording' in the context of a legal case, providing interpretive context.
  [ID: 1a55ecab-34bb-4124-b05b-53d25f0b6019] Reasoning: This sentence reiterates the definition of 'digital audio copied recording' as per the statute, which does not add new interpretive value.
  [ID: 437f86c8-13b6-437e-b725-1b9bd22fd821] Reasoning: This sentence is a direct quote of the statute defining 'digital audio copied recording' and adds no new interpretive context.
  [ID: 2e259831-f5e1-4c8c-bdb4-39de65383f64] Reasoning: This sentence provides a definition of 'digital musical recording' but does not offer any interpretive context or application.
  [ID: d3af0427-35a5-4bad-87d0-a3728d3a7657] Reasoning: This sentence is incomplete and does not provide any useful information regarding 'digital musical recording'.
  [ID: b39c899b-3dd4-4e5d-ac68-45bdd0d862aa] Reasoning: This sentence discusses the requirements for a DAR device in relation to 'digital musical recording', providing relevant interpretive context.
  [ID: 1849b027-a992-4011-8e7a-314cd54a89db] Reasoning: This sentence discusses Congress's intent regarding the definition of 'digital musical recording', providing interpretive context.
  [ID: 78797c36-88bb-4fe3-a9d6-5eb458e77a9c] Reasoning: This sentence discusses the implications of fixing a music file on a hard drive, providing context for the definition of 'digital musical recording'.
  [ID: 725c8d9e-de4e-41d4-9294-f6eada9a6cc9] Reasoning: This sentence states that a definition of 'digital musical recording' has been added, but does not provide any interpretive context.
  [ID: 0b92de3f-8e3d-4033-97b6-e7dbdb388a80] Reasoning: This sentence discusses the exclusion of computer programs from the definition of 'digital musical recording', providing relevant interpretive context.
  [ID: 3d8cc753-5d51-480a-a782-fceb2efdbf65] Reasoning: This sentence defines 'serial copying' in relation to 'digital musical recording', providing relevant context for understanding the term.
  [ID: 7d7c18b9-7d2e-497e-b351-e5bd17a1d824] Reasoning: This sentence provides an example of a conventional audio CD as a 'digital musical recording', but does not add significant interpretive value.
  [ID: 5662128b-4466-419c-bd68-b2648fa820f9] Reasoning: This sentence critiques a misunderstanding of the definition of 'digital musical recording', but does not provide new interpretive insights.
  [ID: 8886c516-321d-4550-b557-b4ee998ae911] Reasoning: This sentence references royalty payments related to 'digital musical recording', providing context for its application in copyright law.
  [ID: 30f8ef43-057a-44e7-ac7d-a65b67695d5e] Reasoning: This sentence lists various statutory provisions but does not provide any relevant context or application regarding 'digital musical recording'.
  [ID: 83ee6339-88e7-4a9c-9793-ddd8ce156c1b] Reasoning: This sentence simply states a change in terminology without providing any interpretive context or implications.
  [ID: 5f04622b-7085-4d2f-8dd9-1d33e0057fec] Reasoning: Direct quote of the definition of 'digital audio copied recording' from the statute. No interpretive value beyond the statute itself.
  [ID: dcc4f4e6-569b-4cd0-971d-f28ebf1f9815] Reasoning: This sentence provides a definition of 'digital musical recording' but does not elaborate on its implications or applications, making it redundant.
  [ID: 7b852a4a-1ee9-4f71-bef8-a28cffa1eacc] Reasoning: This sentence introduces a limitation on the definition of 'digital musical recording' but does not provide further context or examples, resulting in low interpretive value.
  [ID: 5d13ab23-fe90-4e5f-b70f-3020520ccd49] Reasoning: The Senate Report provides context on the definition of 'digital musical recording' by explaining exclusions, which adds interpretive depth.
  [ID: 65e6aa45-5f4a-4a83-a101-c69c9f398975] Reasoning: This sentence discusses the limitations of the definition based on legislative history, providing interpretive context that aids understanding.
  [ID: 8b68b810-aa1f-4183-ba00-c0de4ea2ea09] Reasoning: This sentence references the legislative history and a specific case, providing context on the interpretation of 'digital musical recording' and its exemptions.
  [ID: 3acfad74-72fc-47c9-9bec-e0ba7c91e940] Reasoning: This citation of the House Report provides context and emphasizes the exclusion of computer programs, which is relevant to understanding the term.
  [ID: 62b2e2e6-d484-4e47-8388-4f2369b2f573] Reasoning: This sentence discusses the implications of SCMS devices in relation to 'digital musical recording', providing practical context.
  [ID: bdf297c6-f069-47a9-9f95-ceadc2056142] Reasoning: This is a direct quote from the statute, providing no new interpretive value beyond the text itself.
  [ID: ec3aee9f-0652-4bf3-a30b-4a61c99797b2] Reasoning: This sentence attempts to interpret the statute but does so by quoting it directly, which does not add interpretive value.
  [ID: d0195e3e-fe79-4b9a-b8a9-cc941aedb87d] Reasoning: This sentence reiterates the exclusion of computer programs in the definition, providing no new information.
  [ID: 32622d2e-c2a9-4a05-ae9f-15eb621105c6] Reasoning: This sentence is a direct quote from the statute, providing no new interpretive value beyond the text itself.
  [ID: a0277150-6cc7-48b9-b0f1-6e6154d69262] Reasoning: This sentence provides a basic definition of DACR but does not add interpretive context or application, making it redundant.
  [ID: 4e8cffcb-f999-4f6d-b32b-893d06458035] Reasoning: This sentence reiterates the definition of 'digital musical recording' without adding new interpretive value.
  [ID: 113000ea-7ba9-4175-be49-e33b2248fa13] Reasoning: This sentence discusses the conditions under which a digital musical recording may contain additional material, providing some interpretive context.
  [ID: 51c308a5-3805-49d2-8abb-3f693242b5d0] Reasoning: This sentence explains the requirements for a DARD, linking it to the definition of DACR, which adds interpretive value.
  [ID: 4b3498f6-f9bd-4d7c-9a8c-37d3c633f44a] Reasoning: This sentence discusses the focus of statutory interpretation regarding reproductions, providing relevant context.
  [ID: f47226db-38c6-4f2b-b79a-045d8872481a] Reasoning: This sentence is a direct quote from the statute, providing no new interpretive value beyond the text itself.
  [ID: 206b6b87-ffab-48bf-839a-c0b80b580e10] Reasoning: This sentence discusses the relationship between DACR and DMR, providing interpretive insight into their definitions.
  [ID: ef38a4bc-45ea-4831-9482-e29710bb0664] Reasoning: This sentence discusses the court's powers under the AHRA, providing practical implications of the statute.
  [ID: 6efc687c-7717-4bcf-87b3-93aed8ef1ab8] Reasoning: This sentence outlines the court's authority regarding noncompliant devices, providing relevant context for enforcement of the statute.
  [ID: c42e7231-2689-45a7-9a09-7c53cd059851] Reasoning: This sentence discusses the implications of the term 'another' in the DACR definition, providing interpretive context.
  [ID: 1ec7f780-4d75-49a6-a6ac-5868e1a97a48] Reasoning: This sentence discusses earlier drafts of the AHRA, providing historical context that may influence interpretation.
Method: probabilities | Term: digital musical recording
NDCG@10: 0.6892449511233413
NDCG@20: 0.725941737542274
NDCG@40: 0.9029529337970547
NDCG@100: 0.9029529337970547

----------------------------------------
STDERR:
wandb: Appending key for api.wandb.ai to your netrc file: /Users/alvinwang/.netrc
wandb: Currently logged in as: alvinw2 (alvinw2-carnegie-mellon-university) to https://api.wandb.ai. Use `wandb login --relogin` to force relogin

GPT batches:   0%|          | 0/2 [00:00<?, ?batch/s]
GPT batches:  50%|█████     | 1/2 [00:34<00:34, 34.27s/batch]
GPT batches: 100%|██████████| 2/2 [00:43<00:00, 19.66s/batch]
GPT batches: 100%|██████████| 2/2 [00:43<00:00, 21.85s/batch]
