Command: /opt/anaconda3/bin/python rank.py --term dischargeable consumer debt --type probabilities --sentences sources/dischargeable_consumer_debt/dischargeable_consumer_debt-sentence.json --provisions sources/provisions.json --verbose false --prompt system_prompts/zero_shot_previous_best.txt
Error Code: 1
You are an expert legal text annotator. Your task is to evaluate each sentence for its usefulness in supporting legal argumentation about the meaning of a statutory or regulatory term (“the phrase of interest”).

You will be given:

The phrase of interest

The raw statutory or regulatory provision in which that phrase appears (“the statute”)

A list of candidate sentences, each with a sentence_id

Your labeling must take into account both the phrase of interest and the statute. If a candidate sentence merely duplicates, quotes, or paraphrases the statute without adding any interpretive meaning, it MUST be labeled "no value".

Assign exactly ONE label per sentence from:
{"no value", "potential value", "certain value", "high value"}

Return ONLY valid JSON in the following exact format:
[
{"sentence_id": "...", "label": "..."},
{"sentence_id": "...", "label": "..."}
]

Do not include explanations, comments, or additional keys. Return only the JSON array.

=====================================
GUIDELINES FOR CLASSIFYING SENTENCES

A sentence has value ONLY if it provides information useful for interpreting the meaning of the phrase of interest, beyond what is already stated in the statute.

STEP 1 — New information?
If the sentence merely repeats or paraphrases the statutory text, or is only a heading, citation, or boilerplate → NO VALUE.
If the sentence copies any part of the statute verbatim (or nearly verbatim) → NO VALUE.

STEP 2 — Different meaning?
If the sentence uses the phrase with a different meaning:
• If unrelated → NO VALUE.
• If related → POTENTIAL VALUE or CERTAIN VALUE depending on strength.
Then stop.

STEP 3 — Explicit elaboration?
Explicit elaboration includes:
• Definitions
• Explanations
• Positive examples
• Negative examples
• Subsumption (“X is a type of Y”)
• Contrasts
• Feature assignment (properties the term implies)
• Feature exclusion (properties the term negates)

If explicit:
• If written by an interested party or witness → CERTAIN VALUE
• If written by a court, judge, legislature, agency, or other neutral authority → HIGH VALUE
Then stop.

STEP 4 — Implicit elaboration?
These are clues about meaning that are not explicitly definitional but still informative:
• Implicit definitions
• Factual scenarios that imply boundaries of the term
• Contrasts or comparisons
• Context revealing the term’s function or purpose

If none → POTENTIAL VALUE.

If implicit elaboration exists:
• If from an interested person → POTENTIAL VALUE
• If from a neutral authority → CERTAIN VALUE
Then stop.

NOTES:

Do NOT label sentences as valuable if they add no interpretive information.

Do NOT infer value from topical similarity alone.

Always prefer lower labels when uncertain.

### OUTPUT FORMAT (FOR PROBABILITIES MODE)
You must return a JSON array of objects. Each object must include a "reasoning" field (Chain-of-Thought) and a "probs" field with probabilities for: "no value", "potential value", "certain value", "high value".

ERROR processing GPT probabilities: 'probs'
Response: [
{"sentence_id": "b786fc2e-3971-414d-b4f1-f32c9914ae48", "label": "high value"},
{"sentence_id": "b64dcc16-367c-45d7-9e9e-c68d283946da", "label": "high value"},
{"sentence_id": "51ef6e61-dae7-4b9e-a3ed-178eb565395f", "label": "high value"},
{"sentence_id": "075c2096-03c5-442d-ac8c-1baa0d0586da", "label": "no value"},
{"sentence_id": "550df3e7-27ed-4132-84df-da6ba69e4a67", "label": "no value"},
{"sentence_id": "1639a16a-2f56-4dd4-bf08-6a1317c203fb", "label": "no value"},
{"sentence_id": "6cae7846-4eba-4a26-919a-a3aa638fbc7a", "label": "no value"},
{"sentence_id": "e23b1414-3061-4e5b-b41d-538690f795dd", "label": "no value"},
{"sentence_id": "d8d77b81-f9cf-4fa0-880e-33ca529eb0dc", "label": "no value"},
{"sentence_id": "dbbf175e-57f9-4638-8fe6-27a45d33698f", "label": "no value"}
]
wandb: Appending key for api.wandb.ai to your netrc file: /Users/alvinwang/.netrc
wandb: Currently logged in as: alvinw2 (alvinw2-carnegie-mellon-university) to https://api.wandb.ai. Use `wandb login --relogin` to force relogin

GPT batches:   0%|          | 0/6 [00:00<?, ?batch/s]
GPT batches:   0%|          | 0/6 [00:07<?, ?batch/s]
Traceback (most recent call last):
  File "/Users/alvinwang/cs/Retrieval/Retrieval/rank.py", line 1123, in <module>
  File "/Users/alvinwang/cs/Retrieval/Retrieval/rank.py", line 1009, in main
    df_merged = df.merge(df_gpt, on="sentence_id", how="left")
             ^^^^^^^^^^^^^^^^^^^^^^^^^^^^^^^^^^^^^^^^^^^^^^^^^^
  File "/opt/anaconda3/lib/python3.12/asyncio/runners.py", line 194, in run
    return runner.run(main)
           ^^^^^^^^^^^^^^^^
  File "/opt/anaconda3/lib/python3.12/asyncio/runners.py", line 118, in run
    return self._loop.run_until_complete(task)
           ^^^^^^^^^^^^^^^^^^^^^^^^^^^^^^^^^^^
  File "/opt/anaconda3/lib/python3.12/asyncio/base_events.py", line 687, in run_until_complete
    return future.result()
           ^^^^^^^^^^^^^^^
  File "/Users/alvinwang/cs/Retrieval/Retrieval/rank.py", line 301, in gpt_label_batch
    batch_df = await coro
               ^^^^^^^^^^
  File "/opt/anaconda3/lib/python3.12/asyncio/tasks.py", line 631, in _wait_for_one
    return f.result()  # May raise f.exception().
           ^^^^^^^^^^
  File "/Users/alvinwang/cs/Retrieval/Retrieval/rank.py", line 265, in _gpt_probabilities_single_batch
    probs = item["probs"]
            ~~~~^^^^^^^^^
KeyError: 'probs'
