Command: /opt/anaconda3/bin/python rank.py --term essential step --type probabilities --sentences sources/essential_step/essential_step-sentence.json --provisions sources/provisions.json --verbose false --prompt system_prompts/zero_shot_previous_best.txt
Error Code: 1
You are an expert legal text annotator. Your task is to evaluate each sentence for its usefulness in supporting legal argumentation about the meaning of a statutory or regulatory term (“the phrase of interest”).

You will be given:

The phrase of interest

The raw statutory or regulatory provision in which that phrase appears (“the statute”)

A list of candidate sentences, each with a sentence_id

Your labeling must take into account both the phrase of interest and the statute. If a candidate sentence merely duplicates, quotes, or paraphrases the statute without adding any interpretive meaning, it MUST be labeled "no value".

Assign exactly ONE label per sentence from:
{"no value", "potential value", "certain value", "high value"}

Return ONLY valid JSON in the following exact format:
[
{"sentence_id": "...", "label": "..."},
{"sentence_id": "...", "label": "..."}
]

Do not include explanations, comments, or additional keys. Return only the JSON array.

=====================================
GUIDELINES FOR CLASSIFYING SENTENCES

A sentence has value ONLY if it provides information useful for interpreting the meaning of the phrase of interest, beyond what is already stated in the statute.

STEP 1 — New information?
If the sentence merely repeats or paraphrases the statutory text, or is only a heading, citation, or boilerplate → NO VALUE.
If the sentence copies any part of the statute verbatim (or nearly verbatim) → NO VALUE.

STEP 2 — Different meaning?
If the sentence uses the phrase with a different meaning:
• If unrelated → NO VALUE.
• If related → POTENTIAL VALUE or CERTAIN VALUE depending on strength.
Then stop.

STEP 3 — Explicit elaboration?
Explicit elaboration includes:
• Definitions
• Explanations
• Positive examples
• Negative examples
• Subsumption (“X is a type of Y”)
• Contrasts
• Feature assignment (properties the term implies)
• Feature exclusion (properties the term negates)

If explicit:
• If written by an interested party or witness → CERTAIN VALUE
• If written by a court, judge, legislature, agency, or other neutral authority → HIGH VALUE
Then stop.

STEP 4 — Implicit elaboration?
These are clues about meaning that are not explicitly definitional but still informative:
• Implicit definitions
• Factual scenarios that imply boundaries of the term
• Contrasts or comparisons
• Context revealing the term’s function or purpose

If none → POTENTIAL VALUE.

If implicit elaboration exists:
• If from an interested person → POTENTIAL VALUE
• If from a neutral authority → CERTAIN VALUE
Then stop.

NOTES:

Do NOT label sentences as valuable if they add no interpretive information.

Do NOT infer value from topical similarity alone.

Always prefer lower labels when uncertain.

### OUTPUT FORMAT (FOR PROBABILITIES MODE)
You must return a JSON array of objects. Each object must include a "reasoning" field (Chain-of-Thought) and a "probs" field with probabilities for: "no value", "potential value", "certain value", "high value".

ERROR processing GPT probabilities: 'probs'
Response: [
{"sentence_id": "a2289da0-9978-4510-9170-7e563746e531", "label": "no value"},
{"sentence_id": "c9e39adb-e1b4-4487-b4cc-c50c88297da0", "label": "no value"},
{"sentence_id": "47f2d776-c111-4766-90d6-a75270cf5ae5", "label": "potential value"},
{"sentence_id": "82fe5c37-f9fc-4dbb-89ec-6917edaf9996", "label": "potential value"},
{"sentence_id": "f7fc5d0d-5d3a-4a0b-a1a8-da2d65901da9", "label": "no value"},
{"sentence_id": "c3aec215-77e9-4114-a0ae-aea346e94f2d", "label": "potential value"},
{"sentence_id": "e51f9e8f-1c5f-4c04-b85e-29694cff007b", "label": "no value"},
{"sentence_id": "b6b68e7e-b786-4191-997d-55769e0cc4aa", "label": "potential value"},
{"sentence_id": "a990348a-18b2-48c5-a8a4-6226932e6328", "label": "certain value"},
{"sentence_id": "b20ebe6e-aea9-477e-81c3-e0256f01cff9", "label": "potential value"},
{"sentence_id": "a936364f-5234-416b-bfa3-80566526e5df", "label": "certain value"},
{"sentence_id": "4ae85e24-8cc3-48ac-9d80-46556f1e2ac4", "label": "certain value"},
{"sentence_id": "8998ea9d-5315-44e9-bffa-73e2982a1998", "label": "high value"},
{"sentence_id": "3db1898b-3b2b-433b-a813-d443a137ea6b", "label": "potential value"},
{"sentence_id": "c77ef73a-e585-4a7a-800a-06febccb97ac", "label": "certain value"},
{"sentence_id": "326fd66c-e486-4bc0-91a2-5204dacad0da", "label": "potential value"},
{"sentence_id": "639f337a-14ba-4e1e-b9ae-c1708fdbe5d9", "label": "certain value"},
{"sentence_id": "fdd77f3c-99ef-4e05-99d2-b06419bdf7dd", "label": "certain value"},
{"sentence_id": "a7e796cb-2cae-4f54-b077-52bf6e955a00", "label": "potential value"},
{"sentence_id": "90f1cc85-c5e0-4925-9b90-0004e263fe43", "label": "potential value"},
{"sentence_id": "1ac5dc9b-2e71-4715-b336-66fefbb71d85", "label": "potential value"},
{"sentence_id": "3db54e57-4016-49fb-9a23-ead13ff2d288", "label": "potential value"},
{"sentence_id": "b49de65e-c48e-412e-92ab-ac19110176c6", "label": "certain value"},
{"sentence_id": "604a36ba-75eb-408c-a693-6d02eebf22f2", "label": "high value"},
{"sentence_id": "79aa857b-ac31-49d8-a093-35c4ef6f91e1", "label": "certain value"}
]
wandb: Appending key for api.wandb.ai to your netrc file: /Users/alvinwang/.netrc
wandb: Currently logged in as: alvinw2 (alvinw2-carnegie-mellon-university) to https://api.wandb.ai. Use `wandb login --relogin` to force relogin

GPT batches:   0%|          | 0/95 [00:00<?, ?batch/s]
GPT batches:   0%|          | 0/95 [00:13<?, ?batch/s]
Traceback (most recent call last):
  File "/Users/alvinwang/cs/Retrieval/Retrieval/rank.py", line 1123, in <module>
  File "/Users/alvinwang/cs/Retrieval/Retrieval/rank.py", line 1009, in main
    df_merged = df.merge(df_gpt, on="sentence_id", how="left")
             ^^^^^^^^^^^^^^^^^^^^^^^^^^^^^^^^^^^^^^^^^^^^^^^^^^
  File "/opt/anaconda3/lib/python3.12/asyncio/runners.py", line 194, in run
    return runner.run(main)
           ^^^^^^^^^^^^^^^^
  File "/opt/anaconda3/lib/python3.12/asyncio/runners.py", line 118, in run
    return self._loop.run_until_complete(task)
           ^^^^^^^^^^^^^^^^^^^^^^^^^^^^^^^^^^^
  File "/opt/anaconda3/lib/python3.12/asyncio/base_events.py", line 687, in run_until_complete
    return future.result()
           ^^^^^^^^^^^^^^^
  File "/Users/alvinwang/cs/Retrieval/Retrieval/rank.py", line 301, in gpt_label_batch
    batch_df = await coro
               ^^^^^^^^^^
  File "/opt/anaconda3/lib/python3.12/asyncio/tasks.py", line 631, in _wait_for_one
    return f.result()  # May raise f.exception().
           ^^^^^^^^^^
  File "/Users/alvinwang/cs/Retrieval/Retrieval/rank.py", line 265, in _gpt_probabilities_single_batch
    probs = item["probs"]
            ~~~~^^^^^^^^^
KeyError: 'probs'
