Command: /opt/anaconda3/bin/python rank.py --term familiar symbol --type probabilities --sentences sources/familiar_symbol/familiar_symbol-sentence.json --provisions sources/provisions.json --verbose false --prompt system_prompts/zero_shot.txt
----------------------------------------
You are an expert legal text annotator. Your task is to determine how useful each candidate sentence is for supporting legal argumentation about the meaning of a statutory or regulatory term (“the phrase of interest”).

You will be given:

The phrase of interest

The statutory or regulatory provision containing that phrase (“the statute”)

A list of candidate sentences, each with a unique sentence_id

Your classification must consider both the phrase of interest and the statute.
If a candidate sentence merely repeats, quotes, or paraphrases any part of the statute without adding interpretive meaning, it MUST be labeled "no value".

✅ OUTPUT FORMAT (STRICT) - PROBABILITIES MODE

Return ONLY a JSON array of objects. Each object must include a "reasoning" field and a "probs" field with probabilities for each class:

[
  {
    "sentence_id": "...",
    "reasoning": "...",
    "probs": {"no value": 0.1, "potential value": 0.2, "certain value": 0.3, "high value": 0.4}
  }
]

✅ CLASSIFICATION LABELS

Exactly one label per sentence:

"no value"

"potential value"

"certain value"

"high value"

✅ ANNOTATION GUIDELINES

A sentence has value only if it contributes interpretive information about the phrase of interest beyond what is already stated in the statute.

Evaluate each sentence using the following workflow:

STEP 1 — Does the sentence add ANY new interpretive information beyond the statute?

If the sentence:

repeats or paraphrases the statute

quotes the statute verbatim or near-verbatim

is a heading, boilerplate, citation, or procedural note

does not mention or relate meaningfully to the phrase of interest

→ Label: "no value"
→ Stop.

STEP 2 — Does the sentence use the phrase of interest with a different meaning?

If different and unrelated to the statute’s meaning → "no value".
If different but related → "potential value" or "certain value" depending on strength.
Then stop.

STEP 3 — Does the sentence contain explicit elaboration of meaning?

Explicit elaboration includes:

definitions

explanations

positive or negative examples

subsumption (“X is a type of Y”)

contrasts

feature inclusion (“X requires Y”)

feature exclusion (“X does not include Y”)

If yes:

If authored by an interested party/witness → "certain value"

If authored by a court, judge, legislature, agency, or other neutral authority → "high value"

Then stop.

STEP 4 — Does the sentence contain implicit elaboration?

Implicit elaboration includes:

factual scenarios implying boundaries of the term

contextual clues from which meaning can be inferred

comparisons or contrasts that clarify usage

functional descriptions suggesting how the term operates

If none → "potential value" (weak relevance; no direct elaboration).
If implicit elaboration exists:

If from an interested source → "potential value"

If from a neutral source → "certain value"

Then stop.

✅ ADDITIONAL NOTES

Do NOT assign value based solely on topical similarity.

Do NOT treat case outcomes or procedural facts as meaningful unless they clarify the term’s meaning.

Always choose the lowest plausible label when uncertain.

The goal is interpretive usefulness, not relevance to the case as a whole.

  [ID: 5a131dc8-eaca-4867-af1a-d589cb9afe7f] Reasoning: This sentence states that copyright protection is not available for familiar symbols and designs, which aligns with the statute but does not provide any new interpretive information.
  [ID: 3c38e997-c5e4-4785-9fe8-ddce55407d20] Reasoning: This sentence discusses the use of traditional and familiar symbols by the Park Service but does not elaborate on the meaning of 'familiar symbol' in a legal context, thus adding no interpretive value.
  [ID: f22f5d2c-19b2-4020-86c9-55067e5cdc6a] Reasoning: This sentence contrasts a familiar symbol with a novel symbol, which provides some context but does not define or elaborate on the legal meaning of 'familiar symbol'.
  [ID: e2d2255c-8e1c-4743-bcbf-8adfaf551424] Reasoning: This sentence provides examples of works that lack a minimum level of creativity, including familiar symbols or designs, which adds interpretive context to the phrase of interest.
  [ID: 54fc4573-891e-44cd-b887-690883a4293b] Reasoning: Similar to the previous sentence, this one lists familiar symbols or designs among items not subject to copyright, providing context but not a new interpretation.
  [ID: b00e6f58-e7be-4aca-b651-9101348c01d7] Reasoning: This sentence lists familiar symbols or designs but does not provide any additional interpretive information or context regarding their legal implications.
  [ID: e7074d44-8b9e-406e-8702-a371e526a092] Reasoning: This sentence discusses the KOOSH ball as a familiar symbol, providing a specific example that implies a boundary for what constitutes a familiar symbol, thus offering some interpretive value.
  [ID: acffb5de-7ec8-4338-98a8-2aa5e9590fdb] Reasoning: This sentence mentions the familiar symbol of the International Olympic Committee but does not elaborate on its legal meaning or implications, thus adding no interpretive value.
  [ID: f49daf8b-5d39-49fd-a310-97f1057b1ecd] Reasoning: This sentence references the Copyright Office regulation regarding familiar symbols or designs, providing context that supports the interpretation of the phrase of interest.
  [ID: 883cb89f-5a9b-4443-8ab5-8c405617fea2] Reasoning: This sentence discusses a familiar symbol in the context of deception but does not clarify or elaborate on its legal meaning, thus adding no interpretive value.
  [ID: ff6071cc-f8c8-4d21-b74f-a3307eab997c] Reasoning: This sentence describes a familiar symbol in a specific context but does not provide any legal interpretation or elaboration on its meaning.
  [ID: 1e168e52-ea8e-429c-a589-47b021e461c2] Reasoning: This sentence mentions a familiar symbol in a survey context but does not provide any interpretive information relevant to the legal definition of 'familiar symbol'.
  [ID: e94d22d5-937d-4940-9f79-1240786947f0] Reasoning: This sentence discusses the implications of a familiar symbol in the context of trademark law, providing some interpretive context that could be relevant to understanding the phrase of interest.
  [ID: bdabe747-dad9-45e9-8c66-767ad4c13a0a] Reasoning: This sentence mentions a familiar symbol in the context of checks but does not provide any interpretive information regarding its legal meaning.
  [ID: 34a88884-7521-4920-b34e-aefce11ec2d7] Reasoning: This sentence states that familiar symbols cannot be copyrighted, which is a paraphrase of the statute's exclusion of familiar symbols from protection. It does not add new interpretive information.
  [ID: f59d0d3c-8976-42cb-8289-9901dd49684d] Reasoning: This sentence describes the star as a familiar symbol and its prevalence in business, but it does not provide new interpretive information about the legal meaning of 'familiar symbol' as defined in the statute.
  [ID: 8d8f701c-aec1-41e3-a3bf-8d5ec4e6c7b5] Reasoning: This sentence reiterates the statute's content regarding familiar symbols and designs not being protected, without adding any new interpretive information.
  [ID: 87a2ce69-0081-446b-a547-e6910b0ffe19] Reasoning: This sentence provides context about the anarchist symbol being a familiar symbol, but it does not elaborate on the legal definition or implications of 'familiar symbol' as per the statute.
  [ID: bf1a4b2c-c410-41dd-a42a-b3d2f064a3ab] Reasoning: This sentence discusses the use of traditional and familiar symbols but does not provide new interpretive information about the legal meaning of 'familiar symbol' as defined in the statute.
  [ID: 4b2791f9-27a8-4df6-8ab6-81404b04324e] Reasoning: This sentence contrasts a familiar symbol with a novel symbol, which could imply boundaries of what constitutes a familiar symbol, but it does not provide explicit legal interpretation.
  [ID: 2d583834-9133-4d19-914d-3ee75098330d] Reasoning: This sentence repeats the statute's content regarding familiar symbols and designs not being protected, without adding new interpretive information.
  [ID: 8846db4c-75fe-4854-8d07-d38765290c60] Reasoning: This sentence cites the Copyright Office regulation regarding familiar symbols and designs not being subject to copyright, which is a restatement of the statute without new interpretive information.
  [ID: 735d775b-de42-4804-8386-81eeaf7e5213] Reasoning: This sentence lists familiar symbols among other items that are not copyrightable, which is a direct repetition of the statute without adding new interpretive meaning.
  [ID: b7470cc9-f74d-4f2f-9311-f5ce70049c06] Reasoning: This sentence mentions the familiar symbol of the International Olympic Committee but does not provide new interpretive information about the legal meaning of 'familiar symbol' as defined in the statute.
  [ID: e8f29f00-7be0-4a18-885a-a318c44f5224] Reasoning: This sentence states that familiar symbols or designs are not protected under copyright, which is a paraphrase of the statute without adding new interpretive information.
  [ID: a6d267cb-f453-4e35-a232-6583beac97fe] Reasoning: This sentence restates the statute's exclusion of familiar symbols from copyright protection without providing new interpretive information.
  [ID: 59f7b6d2-87b0-402e-a568-580de95fe099] Reasoning: This sentence lists familiar symbols among other items that are not copyrightable, which is a direct repetition of the statute without adding new interpretive meaning.
  [ID: 71629327-ba3b-4d2e-9841-ef65ebcad0f8] Reasoning: This sentence discusses various cases and their outcomes regarding copyright but does not provide new interpretive information about the legal meaning of 'familiar symbol' as defined in the statute.
  [ID: 8bea981b-6c05-4ca6-af5b-94a904d9bb55] Reasoning: This sentence restates the statute's exclusion of familiar symbols from copyright protection without providing new interpretive information.
  [ID: 139358b5-e46d-4ee9-a20e-6a9170fba144] Reasoning: This sentence discusses the interpretation of Copyright Office regulations regarding familiar symbols and designs, but it does not provide new interpretive information about the legal meaning of 'familiar symbol' as defined in the statute.
  [ID: a01e14dc-0ada-4b84-bfc9-7228dd95c8d3] Reasoning: This sentence discusses a trademark as a familiar symbol but does not provide any interpretive information about the statutory term 'familiar symbol' itself.
  [ID: 0d832f85-8bea-4152-b3a6-45faeed85c06] Reasoning: This sentence lists familiar symbols among other items but does not elaborate on their meaning or relevance to copyright protection.
  [ID: f7659905-89e7-446a-867c-1ad7f22d5750] Reasoning: This sentence provides an example of a familiar symbol in the context of copyright, indicating that it lacks copyrightable authorship, which adds interpretive value.
  [ID: 90489c83-881b-42c1-b747-e7874a451ea1] Reasoning: This sentence states that familiar symbols lack a minimal degree of creativity, which aligns with the statute's exclusion criteria, providing interpretive context.
  [ID: ecdb66b4-52c3-473b-afad-dc5bf548c27a] Reasoning: This sentence is a repetition of the previous one and does not add any new interpretive information.
  [ID: 9301f6f3-4eb0-47ba-819d-614611d9d001] Reasoning: This sentence argues that a design consisting of familiar symbols is not original, directly relating to the statute's criteria for copyrightability.
  [ID: ba90eeac-4e02-4227-b17d-3288f0e2ee8c] Reasoning: This sentence cites a regulation that includes familiar symbols in a list of items not subject to copyright, providing relevant interpretive context.
  [ID: 89d8092a-7ceb-4a0a-90f4-ddf03ab974d3] Reasoning: This sentence discusses the public domain status of familiar symbols, which is relevant to the statute's exclusion criteria.
  [ID: 072c61cd-8cfd-47b7-9c3d-af3724811201] Reasoning: This sentence argues that stick figure drawings made of familiar symbols are not protectable, which relates to the statute's criteria.
  [ID: a08f0a19-10dc-4f1c-b9b3-160d1bc04eac] Reasoning: This sentence discusses the distinctiveness of a costume in relation to familiar symbols, providing context for their copyrightability.
  [ID: bfa39c04-6b98-47fb-8196-02ec59cce57e] Reasoning: This sentence repeats the list of items not subject to copyright, similar to previous sentences, and does not add new interpretive information.
  [ID: f5fdf2f7-8a92-42f1-8e96-e54eaf4e86af] Reasoning: This sentence describes the representation of a star as a familiar symbol but does not provide additional interpretive context regarding copyright.
  [ID: 6a609fd0-6df6-4896-a112-00c6a85fad24] Reasoning: This sentence discusses the implications of familiar symbols in trademark law, which is relevant but does not directly interpret the statutory term.
  [ID: 259a307e-ec0f-46a0-b84e-cffd1109442c] Reasoning: This sentence repeats the list of items not subject to copyright, similar to previous sentences, and does not add new interpretive information.
  [ID: 3118d64f-af61-4457-9f8d-d3829c33779f] Reasoning: This sentence argues that a design composed of familiar symbols is not copyrightable, which directly relates to the statute's criteria.
  [ID: 5f180c8b-de63-4ac9-b83c-81332d8d4125] Reasoning: This sentence discusses familiar symbols in a general context but does not provide specific interpretive information regarding copyright.
  [ID: 00f76d44-5e89-4509-8793-b6245c49098d] Reasoning: This sentence lists familiar symbols among other items not subject to copyright, providing relevant interpretive context.
  [ID: 30c69e48-9643-49b5-9a40-5be06068dcc2] Reasoning: This sentence states that familiar symbols do not warrant copyright registration, which aligns with the statute's exclusion criteria.
  [ID: 09035252-435d-4a6d-9a2a-346ad57dfe09] Reasoning: This sentence discusses the applicability of copyright law to short phrases and familiar symbols, providing relevant interpretive context.
  [ID: ebdbbb79-73dd-4320-99ea-0d005ebbe6aa] Reasoning: This sentence discusses the familiar ® symbol in the context of trademark registration, which is relevant but does not interpret the statutory term.
  [ID: 8f200000-886e-4549-9770-a0fb05f39227] Reasoning: This sentence discusses the familiar ® symbol in the context of trademark infringement, which is relevant but does not interpret the statutory term.
  [ID: 6b820508-49e3-41f1-8083-6717c5764249] Reasoning: This sentence discusses the implications of familiar symbols in trademark law, which is relevant but does not directly interpret the statutory term.
  [ID: 259a307e-ec0f-46a0-b84e-cffd1109442c] Reasoning: This sentence repeats the list of items not subject to copyright, similar to previous sentences, and does not add new interpretive information.
  [ID: 3118d64f-af61-4457-9f8d-d3829c33779f] Reasoning: This sentence argues that a design composed of familiar symbols is not copyrightable, which directly relates to the statute's criteria.
  [ID: 5f180c8b-de63-4ac9-b83c-81332d8d4125] Reasoning: This sentence discusses familiar symbols in a general context but does not provide specific interpretive information regarding copyright.
Method: probabilities | Term: familiar symbol
NDCG@10: 0.5191142902103308
NDCG@20: 0.6588100194839663
NDCG@40: 0.8068921333336248
NDCG@100: 0.8418779270981647

----------------------------------------
STDERR:
wandb: Appending key for api.wandb.ai to your netrc file: /Users/alvinwang/.netrc
wandb: Currently logged in as: alvinw2 (alvinw2-carnegie-mellon-university) to https://api.wandb.ai. Use `wandb login --relogin` to force relogin

GPT batches:   0%|          | 0/3 [00:00<?, ?batch/s]
GPT batches:  33%|███▎      | 1/3 [00:30<01:00, 30.29s/batch]
GPT batches:  67%|██████▋   | 2/3 [00:32<00:13, 13.66s/batch]
GPT batches: 100%|██████████| 3/3 [00:50<00:00, 15.60s/batch]
GPT batches: 100%|██████████| 3/3 [00:50<00:00, 16.74s/batch]
