Command: /opt/anaconda3/bin/python rank.py --term final average compensation --type probabilities --sentences sources/final_average_compensation/final_average_compensation-sentence.json --provisions sources/provisions.json --verbose false
----------------------------------------
You are an expert legal scholar specializing in statutory interpretation. Your task is to evaluate the interpretive value of retrieved sentences in relation to a specific "Phrase of Interest" and its "Source Statute/Provision".

### KEY RULE: PENALIZE STATUTORY REDUNDANCY (ADVERSARIAL GOAL)
You must act as a critic looking to disqualify sentences that provide NO NEW INFORMATION.
- IF a sentence merely repeats or paraphrases the provided "Source Statute/Provision" without adding interpretive context (like case law, specific applications, or expert analysis), it has **NO VALUE**.
- A literal quote of the statute is a redundant distraction. Assign 'no value' a probability of 0.90 or higher.
- Interpretive value comes from how the statute is *applied* or *explained* in practice, not from the text of the statute itself.

### RELEVANCE CATEGORIES
- **0: no value**: Irrelevant, off-topic, or purely redundant statutory text.
- **1: potential value**: Mentions the term in a relevant context but adds very little interpretive depth (e.g., a simple factual statement).
- **2: certain value**: Relevant; provide clear application, context, or explanation of the term that helps understand its scope or meaning.
- **3: high value**: Highly relevant; Provides critical interpretive guidance, settles a legal ambiguity, or explains a complex application in a way that significantly aids interpretation.

### GRANULARITY & TIE-BREAKING
- **BE PRECISE**: Do not give all relevant sentences the same score. Distinguish between a "good" explanation (Score 2) and an "excellent" one (Score 3). 
- **RESOLUTION**: Use granular probabilities (e.g., 0.35, 0.62) to ensure the final ranking is stable and distinguishes between similar-quality sentences.

### OUTPUT FORMAT
You must return a JSON array of objects. Each object must include a "reasoning" field (Chain-of-Thought) and a "probs" field.

Example:
[
  {
    "sentence_id": "S1",
    "reasoning": "Direct quote of Section 60101. No interpretive value beyond the statute itself.",
    "probs": {"no value": 0.98, "potential value": 0.02, "certain value": 0.0, "high value": 0.0}
  },
  {
    "sentence_id": "S2",
    "reasoning": "Applies 'hazardous liquid' to liquid CO2 pipelines, clarifying a major jurisdictional boundary.",
    "probs": {"no value": 0.05, "potential value": 0.15, "certain value": 0.30, "high value": 0.50}
  }
]

### DATA TO PROCESS
Phrase of Interest: {{phrase_of_interest}}
Source Statute/Provision: {{raw_statute}}

Sentences to evaluate:
{{sentences}}

  [ID: 8891bef5-81c0-42b2-875a-24b80fbeac43] Reasoning: This sentence explains how the final average compensation method works, detailing the calculation based on the highest paid years, which adds interpretive context to the term.
  [ID: 23e7d49d-3fa0-425f-b82e-a622754d6e9f] Reasoning: This sentence outlines the basic elements of the plan, including final average compensation, but does not provide significant interpretive depth beyond a factual statement.
  [ID: e02a4216-cacf-4165-a38e-5fef99a62cbb] Reasoning: This sentence provides a detailed explanation of how the percentage of final average compensation is calculated over years of service, which adds significant interpretive value.
  [ID: 1fada071-0bf2-4eb8-a0c7-4ad73b607de3] Reasoning: This sentence describes the original computation method for final average compensation, but it does not add much interpretive context or application.
  [ID: 579cb976-3f15-4c8f-a917-b0f1d07e3b7e] Reasoning: This sentence explains how the retirement benefit is calculated using final average compensation, providing useful context for understanding its application.
  [ID: 679bb970-4439-4573-999d-cb4c429ad2f6] Reasoning: Similar to the previous sentence, this one also explains the calculation of retirement benefits using final average compensation, adding interpretive value.
  [ID: 71d17991-13ac-4527-b811-93c19a715934] Reasoning: This sentence discusses a specific case involving final average compensation, providing context for its application in a legal dispute.
  [ID: 95195aa3-a427-4531-832e-ea733bf972dd] Reasoning: This sentence is a direct quote of the definition of final average compensation, providing no new interpretive context.
  [ID: 83a45759-4e80-4727-9b21-bd40b51f267f] Reasoning: This sentence is vague and does not provide any new information or context regarding final average compensation.
  [ID: c0d62f46-2bdb-4b21-a381-26923649fd7a] Reasoning: This sentence discusses a specific practice regarding final average compensation, adding context to its application in a particular agency.
  [ID: 29e4f1c7-c99c-4270-b4a3-c9b9d0d631a4] Reasoning: This sentence provides a formula for calculating a benefit based on final average compensation, which adds context to its application in a specific scenario.
  [ID: 0b598a25-d8f1-42a6-ad39-bb532e1b856b] Reasoning: Defines 'Accrued Benefit' in relation to final average compensation, providing context for how it is determined under the plan.
  [ID: afe3ee2a-9224-40d3-83dd-95a4aa10265c] Reasoning: Describes a death benefit based on final average compensation, illustrating a specific application of the term.
  [ID: d30345ec-fde2-4c1e-81de-a7f145537f44] Reasoning: Compares benefits based on final average compensation for different types of disability, providing interpretive context.
  [ID: 2328f40a-2e96-4c77-be9d-9f3437f971ec] Reasoning: Details a complex calculation involving final average compensation and credited service, which aids in understanding its application.
  [ID: 982309ee-238d-4bab-9619-8148f12363bc] Reasoning: Mentions the inclusion of a specific amount in calculating final average compensation, providing a practical example.
  [ID: a8654d32-1fd8-4287-a1ce-392f599b50cd] Reasoning: Duplicate of the previous sentence, providing no new information.
  [ID: a127ca7a-a999-4d05-a500-7058cfa37c9e] Reasoning: Explains how benefits accrue under a specific plan, providing context for final average compensation calculations.
  [ID: dd0a688d-4fff-4634-8105-dfdf4dd91a10] Reasoning: Describes a specific benefit calculation based on final average compensation, adding practical context.
  [ID: dd600558-5648-41ad-88c9-79dd6f9cfd90] Reasoning: Details a reduction in benefits after three years, providing context for the application of final average compensation.
  [ID: f947fa3f-218d-4d32-8aa2-2e63fea49ceb] Reasoning: Provides a specific amount related to final average compensation, illustrating its application in a retirement benefit scenario.
  [ID: e69670f1-4c1d-462c-8080-8edc70bb2df3] Reasoning: Discusses a legal case regarding the calculation of final average compensation, providing interpretive context.
  [ID: 2ac0ec50-6c8f-4192-b0dc-4192b57c4398] Reasoning: Cites a court's conclusion about vested employees' rights regarding final average compensation calculations, providing legal context.
  [ID: 8318466c-f089-4cd9-99f8-d67b11c5a2ee] Reasoning: Describes a pension calculation based on final average compensation, providing a specific application.
  [ID: 11736a3d-6477-4707-9eec-b3aadb44121a] Reasoning: Discusses a directive regarding benefits based on final average compensation, providing interpretive context.
  [ID: b878a1f3-b4e0-440b-a3fa-e6d774d6ff4e] Reasoning: Describes a defined benefit plan based on final average compensation, providing context for its calculation.
  [ID: 8430e5b9-5539-4f53-8347-42a9bd5fb873] Reasoning: Compares benefits under different retirement scenarios based on final average compensation, providing interpretive context.
  [ID: 5a1af067-f1b9-49b7-a9c6-68f170301c1e] Reasoning: Mentions a computation issue related to final average compensation, providing context for its application.
  [ID: 9f7a7f7f-3b61-43f2-b613-fff9ed6882c4] Reasoning: Explains a defined benefit plan based on final average compensation, providing clarity on its calculation.
  [ID: 8a9b3722-1125-4e79-8b1b-e1c591f2eaf7] Reasoning: Discusses how final average compensation should be calculated for retirement benefits, providing specific context.
  [ID: ad14d4ae-e8b5-4b56-b209-7ccca76d5725] Reasoning: Explains how final average compensation is affected by years of service, providing interpretive context.
  [ID: f3f40aff-e378-4597-a7b7-f222a02e1ef0] Reasoning: Details exclusions from compensation that affect final average compensation calculations, providing important context.
  [ID: 6db4854e-a935-4e69-80e5-b14a1e5cbe37] Reasoning: Duplicate of the previous sentence, providing no new information.
  [ID: c55e3310-dca5-45ae-be8c-de7f2dc3aad1] Reasoning: Similar to previous sentences, it reiterates exclusions from compensation affecting final average compensation, providing no new information.
  [ID: ed1df0e5-1a08-43ac-9ebc-a38f1dfbdf96] Reasoning: Discusses a conclusion regarding a specific payment's impact on final average compensation, providing context for its application.
  [ID: 585fc298-2c5d-4226-8137-8968872eac5e] Reasoning: States that Dowling's post-1997 compensation is irrelevant to his Final Average Compensation calculation, but does not provide further context or analysis.
  [ID: 5bb6dee2-7537-425d-acbf-3e2c1e809816] Reasoning: Clarifies that Final Average Compensation is based on pre-disability pay, but does not elaborate on implications or applications.
  [ID: e9d6995c-8313-4b28-af63-d0ee6cb57b7e] Reasoning: Indicates that Section 2.18 does not support the Plan administrator's calculation of Final Average Compensation for a specific period, but lacks deeper analysis.
  [ID: 99e602a3-7a76-4c2f-9692-adc3326afa9e] Reasoning: Speculates on the application of language in the Plan regarding Final Average Compensation, but does not provide concrete interpretive value.
  [ID: 77f7d605-8d28-4854-a25d-77406a9edf94] Reasoning: Discusses the lack of a special rule for Disabled Participants' Final Average Compensation, but does not clarify the implications of this silence.
  [ID: 9b13bcc0-0723-45a4-845c-f4dee8cc83c1] Reasoning: Mentions a perceived gap in the Plan regarding Final Average Compensation for disabled participants, but lacks depth in analysis.
  [ID: 10700c08-876f-4188-821b-332f5ea82382] Reasoning: States that calculating Final Average Compensation is straightforward for typical employees, but does not provide further context or complexity.
  [ID: 449783ea-abb7-431b-a89d-ce1c47069e5e] Reasoning: Claims no need for an alternative definition of Final Average Compensation for Disabled Participants, but does not explain why this is significant.
  [ID: 3497ab6b-3fd6-47f1-aac6-56ddab8e5435] Reasoning: States the Plan failed to specify how to calculate a Disabled Participant's Final Average Compensation, but lacks further interpretive insight.
  [ID: 6cfe0985-8a64-4ceb-b486-adec5df147f7] Reasoning: Poses a hypothetical about Dowling's Final Average Compensation being zero, but does not provide substantive analysis.
  [ID: 662ef4f8-a4d8-47f6-8796-ecdc861b37ee] Reasoning: Describes how the Plan administrator calculated Dowling's Final Average Compensation, but lacks deeper interpretive context.
  [ID: e81b78ab-6711-411a-bf0c-b43668afe0f1] Reasoning: Suggests a reasonable design for a pension program regarding Final Average Compensation, but does not elaborate on its implications.
  [ID: c9db8498-04bd-4d92-97e4-e4b04f6f35b9] Reasoning: Questions the reasonableness of the calculation of Final Average Compensation, but does not provide a clear interpretive framework.
  [ID: 723b556f-820d-4dc3-bafa-378e93b82ead] Reasoning: Raises a question about the relationship between two sections regarding Final Average Compensation, but lacks a definitive answer or analysis.
  [ID: 41add913-c64c-47c5-b7de-5434a44cdd7f] Reasoning: States that Disabled Participants continue to receive Credited Service after their Final Average Compensation is fixed, but does not explain the significance.
  [ID: 1e189501-c18c-442b-88ef-b0035b9cd1cc] Reasoning: Argues that including disability periods in Final Average Compensation would misrepresent economic value, but lacks depth in the argument.
  [ID: 6655b3c5-997a-4ac8-bacb-90ad15d33623] Reasoning: Suggests a reasonable approach to calculating Final Average Compensation for Disabled Participants, but does not provide a detailed rationale.
  [ID: 80e5ce61-60a2-4cfd-b593-b1d6f5779199] Reasoning: Cites a formula for calculating Normal Retirement Benefit based on Final Average Compensation, but does not provide interpretive context.
  [ID: 8de3cf78-46fe-4e5e-8787-662d7fd29697] Reasoning: States that retirement annuity is based on final average compensation, but does not add any interpretive value.
  [ID: 497fa58b-d7a9-442a-953c-3024339271af] Reasoning: Describes a specific case of benefit calculation without providing interpretive context or analysis.
  [ID: 7ed62aa9-908c-45ed-901b-2a8783135417] Reasoning: Mentions a formula for calculating benefits based on Final Average Compensation, but lacks interpretive depth.
  [ID: 4a79b24f-5bee-454a-9d93-119bb53a45d1] Reasoning: Provides a definition of 'final average compensation' but does not add any interpretive context.
  [ID: f39602a7-c6e6-4139-8d3f-8e9d8e907048] Reasoning: States that a specific severance pay was not included in Final Average Compensation, but lacks further analysis.
  [ID: 52e1918d-cbe8-4741-a7c1-790831920fa1] Reasoning: Mentions that benefits are calculated as a percentage of final average compensation, but does not provide additional context.
  [ID: 5cecc3a2-fa3b-43db-a462-836bda7611bb] Reasoning: States specific percentages of final average compensation for retirement benefits, but lacks interpretive depth.
  [ID: bc62749b-9f9e-456e-9774-e322a19363e3] Reasoning: Describes the calculation of benefits using a final-pay formula based on final average compensation, but does not provide new interpretive context.
  [ID: 0ca98244-564b-4e06-afc4-c5efd717311d] Reasoning: Mentions a lesser percentage of final average compensation but lacks depth in explaining its implications or context.
  [ID: 3109c472-a1a4-47af-9398-299ee48008a2] Reasoning: States that it represents a percentage of final average compensation for service periods, but does not elaborate on its application.
  [ID: c2ec9ed9-660d-4668-8764-9ab63779c8ce] Reasoning: Compares two formulas based on final average compensation but does not provide new insights into their application.
  [ID: 4e646e0e-a7de-406d-a144-65ee9ae3b03c] Reasoning: Defines Final Average Compensation in detail, providing clarity on its calculation, which adds interpretive value.
  [ID: 645ef655-5624-4f70-8975-946a220bc432] Reasoning: Highlights ambiguity in the application of final average compensation for disabled participants, indicating a significant interpretive issue.
  [ID: 0b651a0d-875b-4a50-80ed-155b93f05bf6] Reasoning: Describes a specific case involving Dowling's final average compensation calculation but lacks broader interpretive context.
  [ID: e175e977-e6f6-46d4-ab41-142bd9954ee9] Reasoning: Discusses the interpretation of a plan provision regarding disabled participants, providing critical context for final average compensation calculations.
  [ID: d05f9e35-c6df-409a-a06d-123b6ad5f0b7] Reasoning: Explores the implications of defining 'absence' for disabled participants, which is crucial for understanding final average compensation.
  [ID: 5cdb4838-2831-435c-adb5-4e5dd5fbb756] Reasoning: Identifies ambiguity in calculating final average compensation for disabled participants, which is significant for legal interpretation.
  [ID: 2f91d8ea-f0fa-4d1f-bf52-ffee6c490da4] Reasoning: Mentions a gap in the plan regarding final average compensation for disabled participants, indicating a potential legal issue.
  [ID: cf6bc44c-9a3b-4cb0-9577-58ca259f4d32] Reasoning: Discusses the administrator's choices in calculating final average compensation, providing insight into interpretive challenges.
  [ID: c61bf108-2460-4055-ab89-fbfc99e71142] Reasoning: Applies the expressio unius canon of construction to argue about the interpretation of final average compensation, providing a legal argument.
  [ID: d1e0d8de-ad5b-4f94-836a-ec0484168e21] Reasoning: Contrasts the treatment of credited service and final average compensation, indicating a nuanced legal interpretation.
  [ID: b2c1799c-0bc8-4fbe-b4ad-7aedd3278718] Reasoning: Highlights Dowling's differing views on fictional salary treatment, which adds context to the interpretation of final average compensation.
  [ID: ea8f813a-7f42-465a-94d4-ab866cf5512f] Reasoning: Suggests harmonizing credited service with final average compensation, indicating a potential interpretive approach.
  [ID: 558f9e38-c3df-4146-8d49-56fd564bb5a4] Reasoning: Mentions a correspondence regarding the calculation of final average compensation, but lacks depth in legal interpretation.
  [ID: f63a1654-de4a-4c78-93c5-9d5d373dde77] Reasoning: Direct quote of the plan's definition of final average compensation, providing no new interpretive context.
  [ID: 2c86c436-6620-48ba-ab88-8131a9def38d] Reasoning: States that pension benefits depend on credited service and final average compensation, but does not elaborate on their relationship.
  [ID: 154e5b3c-13f6-4b7b-b471-173e266855ef] Reasoning: Claims miscalculation of final average compensation but lacks broader context or implications for interpretation.
  [ID: 4ebf9c4d-4f8d-4987-ace6-3e6fa0b80049] Reasoning: Poses a question about the calculation of final average compensation, indicating a legal ambiguity but lacking depth.
  [ID: da0e7331-6a5f-4162-9f81-2371c1039b43] Reasoning: Direct quote of the plan's definition of final average compensation, providing no new interpretive context.
  [ID: 87de7dff-7796-49b3-a3f5-eb205181aede] Reasoning: Simplifies the definition of final average compensation but does not add significant interpretive value.
  [ID: b767eb79-6688-4313-9d31-401a7168a912] Reasoning: Indicates a return to the definition of final average compensation but does not provide new insights.
  [ID: a689d18f-3e86-4d3a-9a19-869482885c87] Reasoning: States that the administrator's calculation was incorrect but lacks context for why this matters legally.
  [ID: 53edd359-ca86-40c2-b732-c12514e515a2] Reasoning: Provides a specific example of final average compensation but does not explain its application or significance in a broader context.
  [ID: 52637183-fea3-41ba-8a11-1ac4c15f41e1] Reasoning: Lists components of pension calculations including final average compensation but lacks interpretive depth or context.
  [ID: 6b3a327d-1b05-4738-b48e-9cf6461caf75] Reasoning: Discusses how county versus state employment affects final average compensation, providing context for its application.
  [ID: b2c57cd1-bb52-4cb7-b91b-aaedb4b59abe] Reasoning: Mentions a minimum death benefit based on final average compensation, providing a specific application of the term.
  [ID: e3d9fe28-2e35-4d03-a949-dc419bc36cf4] Reasoning: Explains a change in how final average compensation is calculated, providing critical interpretive guidance.
  [ID: 7f341478-6889-4205-a2b2-0b3e8ded48b3] Reasoning: Details specific rules regarding the inclusion of overtime in final average compensation calculations, adding significant interpretive value.
  [ID: 18f3dfed-91f4-4e71-869f-3a5bbf415394] Reasoning: Describes a claim for a disability pension based on final average compensation, illustrating its application in a legal context.
  [ID: 3d9f84ff-8c92-4224-be83-759687bedb0d] Reasoning: Discusses the calculation of retirement allowance based on final average compensation, providing context for its application.
  [ID: 47eb338e-1795-4c3e-abff-bb8f4f2b62fe] Reasoning: Similar to the previous sentence, it discusses the calculation of retirement allowance but adds little new information.
  [ID: a9c348e2-ea31-458c-b0a1-93a4d1bdd8f0] Reasoning: Similar to the previous sentence, it discusses the calculation of retirement allowance but adds little new information.
  [ID: 88786cda-604c-4288-86c4-423f0258b9fc] Reasoning: Discusses the inclusion of all credited service in the calculation of retirement allowance, providing context for final average compensation.
  [ID: d900f9fe-062c-4087-973b-cf53573e8eea] Reasoning: Mentions a legislative change affecting final average compensation calculations, providing context for its application.
  [ID: b6726cc1-f5ec-4a2b-9d47-357027b0efa1] Reasoning: Discusses a dispute regarding the interpretation of final average compensation, highlighting its legal significance.
  [ID: 438e7198-d8ee-4e9f-8219-412ff59b4064] Reasoning: Describes a pension calculation based on final average compensation, providing context for its application.
  [ID: 1993b13b-8115-4194-9587-130e9779649b] Reasoning: Provides a formula for calculating retirement benefits based on final average compensation but lacks interpretive depth.
  [ID: e4a0b956-a709-4df1-bb42-cfa4c33d8977] Reasoning: Compares different retirement plans based on final average compensation, providing context for its application.
  [ID: 504fffda-66eb-4023-8bcf-1834f2cb4be3] Reasoning: Mentions a challenge regarding changes in overtime application to final average compensation, indicating its legal relevance.
  [ID: d9a4d5c8-6c99-4d44-9898-df7a6a677089] Reasoning: Defines final average compensation, providing a clear explanation of its calculation method.
  [ID: 15dc30b5-ac0b-4328-8341-8656ee499d04] Reasoning: Similar to the previous sentence, it defines final average compensation but focuses on a different time frame.
  [ID: bea02114-3635-4b26-bd0f-621700f3296a] Reasoning: Discusses a legislative change affecting final average compensation, providing context for its application.
  [ID: d2ac6600-f61f-455f-8ca5-99fb0bb970cc] Reasoning: Mentions a legislative change regarding the averaging period for overtime in final average compensation calculations, providing context.
  [ID: bfe68823-9a8a-4290-9a44-b169ca3ab08e] Reasoning: States that final average compensation was reduced for employees in the DB plan, indicating its application in a specific context.
  [ID: 39d2d3b2-8546-4b47-a46b-2923e23717bd] Reasoning: Describes the previous method of calculating final average compensation, providing historical context.
  [ID: a51ba787-4bad-4456-b733-91c193fcdb52] Reasoning: Presents a formula for calculating final average compensation but lacks interpretive depth.
  [ID: 8e55918f-8f99-437a-afeb-93379d895cd4] Reasoning: Mentions the impact of mortality tables on contributions and final average compensation calculations, indicating its relevance.
  [ID: d94b0915-0d83-409e-999b-16e83820644c] Reasoning: Mentions the calculation of final average compensation but does not provide any new interpretive context or application.
  [ID: cb6c92f4-822e-46d6-b2a0-8f85219e0f23] Reasoning: States that parties bargain over formulas including final average compensation, but lacks depth in explaining its implications.
  [ID: 565dbb51-cdbd-4cb2-9c1f-0ba297b5e040] Reasoning: Similar to the previous sentence, it states that CBAs provide formulas for retirement benefits but does not elaborate on their significance.
  [ID: cad9d6c3-020e-4510-aec2-5557da817b0e] Reasoning: Indicates that retirement benefits are calculated as a percentage of final average compensation but does not provide further context.
  [ID: 34e50a5f-247a-41a4-bc47-c19f3370307f] Reasoning: Directly quotes a section of the Code defining final average compensation, providing no new interpretive value.
  [ID: 478ec232-42fa-484c-8e04-2355a0396d3b] Reasoning: Mentions a request to recalculate benefits based on an amendment but does not explain the implications of the amendment.
  [ID: 882c50b8-bab3-4658-b431-107bdb3cfb30] Reasoning: Provides a specific definition of final average compensation for State Police officers, adding clarity to its application.
  [ID: b2557f70-02aa-4d2e-a1d0-9c57b95fe1b1] Reasoning: States that claims were denied based on statutory provisions but does not elaborate on the reasoning behind the denial.
  [ID: f57b65dd-3eb7-4d28-b501-ae47634d6e56] Reasoning: Mentions a benefit equal to final average compensation but lacks context or application details.
  [ID: d2e11b99-ed0e-4d4d-a375-4a862698a364] Reasoning: Discusses limitations on optional settlements based on final average compensation but does not provide deeper insights.
  [ID: 51081f39-c20b-4c88-b2df-bdcdceab77a9] Reasoning: States that final average compensation remains fixed but does not explain the implications of this provision.
  [ID: 90513559-9d1c-4d2d-b7de-8ace656056d8] Reasoning: Compares ordinary and accidental retirement benefits based on final average compensation, providing some context.
  [ID: 40871630-1dd6-489c-9f02-dc3ee05dac16] Reasoning: Mentions the use of tables to approximate Social Security benefits based on final average compensation but lacks depth.
  [ID: 8bf2095e-b8c4-4d0c-a88e-8102148de499] Reasoning: Describes a bill related to retirement pensions based on final average compensation but does not provide interpretive context.
  [ID: c0af1fc4-c700-4221-a5da-31138b72ee60] Reasoning: Discusses historical provisions regarding retirement age and compensation but does not clarify their current application.
  [ID: ca24163d-8b97-4457-a9c9-22a0482162d6] Reasoning: Details eligibility requirements for a service pension but does not explain how final average compensation factors into this.
  [ID: 08ed526a-0fd9-482d-852f-84460e124268] Reasoning: Similar to previous sentences, it states conditions for retirement based on final average compensation without further context.
  [ID: f315f1b1-49ed-40e7-aa2b-25d4128d801b] Reasoning: Repeats the same information as the previous sentence regarding retirement conditions based on final average compensation.
  [ID: c255affd-f5e4-4e87-bdc1-c5030f3ff75b] Reasoning: Similar to the previous sentence, it reiterates retirement conditions without adding new interpretive value.
  [ID: 81ad0d08-cd8a-48ff-852f-ffbb7f26c8b5] Reasoning: Describes a formula for retirement benefits based on final average compensation, providing some clarity on its application.
  [ID: 88471fe7-33b0-491b-a475-23ea8d4eee5b] Reasoning: Mentions a disability pension based on final average compensation but lacks depth in explaining its implications.
  [ID: 49a71620-1e32-43f8-92c8-85c07e26e1ec] Reasoning: States the defined benefit amount based on final average compensation but does not provide further context.
  [ID: 92913615-d24f-46e7-8013-c9b84555d383] Reasoning: Defines final average compensation in terms of average contract salary, providing clarity on its calculation.
  [ID: 0fd86843-a65c-4b47-a1ce-6602f07f080e] Reasoning: Repeats the definition of final average compensation without adding new interpretive value.
  [ID: 8872b4e7-a03a-4647-9ce8-6cec87f41d61] Reasoning: Describes the defined benefits plan based on final average compensation but lacks depth in its application.
  [ID: bd3c433c-22e4-4ee6-b20e-d90231315593] Reasoning: Mentions the Final Average Compensation Formula in the context of a survivor annuity but does not provide additional interpretive context or application.
  [ID: 178a27ef-821e-435d-bb4e-a45b337c8950] Reasoning: Simply states the amount of the Preretirement Survivor Annuity related to the Final Average Compensation Formula without further explanation.
  [ID: 74c7c818-da99-4033-89a4-a60c9ef5dc50] Reasoning: Direct quote from the Plan regarding survivor annuity entitlement based on Final Average Compensation, providing no new interpretive insight.
  [ID: f5d1d255-0256-430a-9e6d-4959543dbfe4] Reasoning: Provides a specific dollar amount related to Final Average Compensation but lacks context or application, making it largely redundant.
  [ID: 118f121a-e0f9-4fd0-9749-a0988a372e53] Reasoning: Describes the benefit formula based on Final Average Compensation but does not elaborate on its application or implications.
  [ID: fb4e4e86-26ea-4ebf-8b2d-022d25f5b1ce] Reasoning: Mentions the determination of benefits based on Final Average Compensation but lacks specific interpretive context.
  [ID: 0e5b22cd-aeb9-4b0d-b5c6-2b4b5f9b2176] Reasoning: Describes a specific case where Final Average Compensation was calculated, providing some context but lacking deeper interpretive analysis.
  [ID: 313c2ae5-a3a4-4e8e-8d07-dbfab3cc2e6f] Reasoning: Indicates the Plan's consistent practice regarding the inclusion of compensation in Final Average Compensation calculations, providing some interpretive context.
  [ID: c8479a75-e169-446c-a77b-3ddb6330524b] Reasoning: Discusses a magistrate judge's recommendation regarding the inclusion of bonuses in Final Average Compensation, providing significant interpretive context.
  [ID: 0a36edd3-8fcc-487c-b3b5-5a3b3d7621e6] Reasoning: Defines Final Average Compensation but does not provide additional context or application, making it largely redundant.
  [ID: 8873b4e8-2e41-463a-8871-5c30b404007f] Reasoning: States that bonuses are included in the computation of Final Average Compensation but lacks further interpretive depth.
  [ID: 56a83db0-3f11-4bc5-85f2-ac7cc383f456] Reasoning: Describes how the Plan defines Final Average Compensation based on continuous service, providing some context but lacking deeper analysis.
  [ID: bcada626-444d-4232-8ad4-cbd79face1ac] Reasoning: Acknowledges the Committee's resolution of ambiguity regarding Final Average Compensation, providing some interpretive context.
  [ID: c3a36239-9347-49b0-addf-e32ac07314e0] Reasoning: Summarizes the Plan's argument regarding the definition of Compensation and its implications for Final Average Compensation, providing significant interpretive context.
  [ID: 61b8414a-e2d6-4f45-b31e-d98ff33375f4] Reasoning: Describes the calculation requirements for Final Average Compensation, providing relevant context and application.
  [ID: facfa6f7-09b8-4d26-ad4f-beb80f4aad31] Reasoning: Explains the benefit calculation based on Final Average Compensation, providing clear application and context.
  [ID: b47bd527-71fc-4b4e-85b3-66c5da2baba9] Reasoning: States that benefits are calculated based on Final Average Compensation and years of service, but lacks deeper interpretive context.
  [ID: 80f278b6-bf76-4d0e-bc4d-2135692b76f4] Reasoning: Mentions the 2004 amendment and its lack of change to the benefit calculation formula, providing some context but lacking deeper analysis.
  [ID: 2afa0c28-dbe8-4ec9-81c7-a5361927b242] Reasoning: Cites a statutory provision related to Final Average Compensation but does not provide additional interpretive context.
  [ID: b7c09c6d-298f-4eaf-baea-3bf72af6b4a6] Reasoning: Describes a pension benefit calculation based on Final Average Compensation but lacks further interpretive depth.
  [ID: 0e4abb3d-2d4b-43d9-a4ec-e194e11cf264] Reasoning: States that a defined lump sum is calculated based on final average compensation but lacks context or application.
  [ID: 26bb1582-0bb3-4953-8e42-00d6ba6f8c44] Reasoning: Describes the defined benefit plan and its reliance on Final Average Compensation, providing some context but lacking deeper analysis.
  [ID: aa3f1194-8ec1-409f-b284-b0cf44383618] Reasoning: Provides a specific example of a participant's final average compensation but lacks broader interpretive context.
  [ID: d2f1842e-345a-487a-b78c-4a7cc91d187c] Reasoning: This sentence defines 'Accrued Benefit' and references the formula for calculating it, which includes 'final average compensation'. However, it does not provide any new interpretive context or application beyond what is already stated in the statute.
  [ID: 86a1d1a8-254b-44f6-9506-25110e0275ff] Reasoning: This sentence discusses 'Pre-1995 Accrued Benefit' and its relation to 'Final Average Compensation', but it primarily reiterates the statutory language without adding interpretive depth or context.
  [ID: 155bc58c-e867-40ca-9310-e36af299fc32] Reasoning: This sentence states that participants receive benefits based on 'Final Average Compensation' but does not elaborate on how this is calculated or its implications, making it largely redundant.
  [ID: 9f7ac3fa-cf36-4b3a-afae-e5a2c6f793a7] Reasoning: This sentence describes the benefit structure based on 'final average compensation' but does not provide any new insights or applications, thus lacking interpretive value.
  [ID: 712a4f0a-86b5-490b-a983-9abcca11790e] Reasoning: This sentence explains how accrued benefits are calculated based on 'final average compensation' and years of service, but it does not add any new interpretive context.
  [ID: 4d7f37ed-900e-4c00-9337-613e0a1f2895] Reasoning: This sentence states that compensation earned will be used to determine 'final average compensation' but does not provide any additional context or application.
  [ID: 5d8a53dc-acd7-46c7-8789-ab3333223e0b] Reasoning: This sentence provides a specific calculation of 'Final Average Compensation' for a defendant but does not explain the broader implications or context of this calculation.
  [ID: 526a769e-a856-4468-833d-b55dcad2812c] Reasoning: This sentence provides a specific figure for 'Final Average Compensation' but lacks interpretive context or application, making it largely redundant.
  [ID: a89d28bc-5f98-4732-89c6-0212fe4e805c] Reasoning: This sentence discusses a different estimate of 'Final Average Compensation' but does not provide any new interpretive context or application.
  [ID: 203dfb93-6ccc-4c76-bdb8-1b5ade364396] Reasoning: This sentence states how 'final average compensation' was determined but does not provide any new insights or applications, making it redundant.
  [ID: 01814b8b-80b6-4e30-81bd-86dd02b0f759] Reasoning: This sentence explains the method used to calculate 'final average compensation' but does not provide any new interpretive context or application.
  [ID: 6170f344-6cbc-4ed0-8314-3e71f4a144a3] Reasoning: This sentence discusses an internal memorandum explaining a pension calculation but does not provide new interpretive context regarding 'final average compensation'.
  [ID: 407ca18b-d4dd-4ac6-a3aa-10bf1b3ffd8f] Reasoning: This sentence states that the administrator calculates 'final average compensation' but does not provide any new insights or applications.
  [ID: 15e4e1cc-3b5f-4153-a85a-57d0b8cbec4c] Reasoning: This sentence presents a contention regarding the calculation of 'final average compensation' but does not provide new interpretive context or application.
  [ID: 421c9d58-2b2b-42cc-8c47-7f9af0056b57] Reasoning: This sentence defines 'Final Average Compensation' but does so in a way that closely mirrors the statutory language, lacking interpretive depth.
  [ID: b3f06201-35b4-471c-9474-3df650efd86e] Reasoning: This sentence discusses a contention regarding the interpretation of 'Final Average Compensation' but does not provide new insights or applications.
  [ID: f70c2ef0-3355-4bc5-998c-9f4aa4f4dbed] Reasoning: This sentence discusses a contention regarding the timing of 'Final Average Compensation' calculation but does not provide new interpretive context or application.
  [ID: 97c38c40-8f88-43fd-97c6-c67e5f53ad62] Reasoning: This sentence discusses a contention regarding the basis for pension calculation but does not provide new insights or applications.
  [ID: 3df7cc3b-0026-428a-bee4-371a6167b276] Reasoning: This sentence states that the administrator's interpretations are entitled to deference but does not provide new insights or applications regarding 'final average compensation'.
  [ID: 458616a0-8b84-4367-bcde-55dd2e6375ed] Reasoning: This sentence states that there was an overstated 'Final Average Compensation' but does not provide new interpretive context or application.
  [ID: 8852dfae-9f39-494f-8113-7cafd9390f44] Reasoning: This sentence provides a corrected figure for 'Final Average Compensation' but lacks interpretive context or application.
  [ID: ad388c46-afc5-464a-97fd-33d0b6f804de] Reasoning: This sentence states the pension amount based on 'final average compensation' but does not provide any new interpretive context or application.
  [ID: bffd53f2-e2dc-41c3-87ac-94ca1d1a61dc] Reasoning: This sentence discusses a legal action regarding the calculation of 'final average compensation' but does not provide new insights or applications.
  [ID: 0e6b0f55-d32c-4ce2-8dc4-7181f9693f6a] Reasoning: This sentence references a section of the plan but does not provide any new interpretive context or application regarding 'final average compensation'.
  [ID: 75a60ef9-23e7-4da8-8ce3-760f7382e328] Reasoning: This sentence mentions 'Final Average Compensation Formula' but does not provide any new interpretive context or application.
  [ID: 6c595266-10b5-4cdb-98f5-d2b311256e19] Reasoning: Mentions the calculation of 'final average compensation' but does not provide any interpretive context or application.
  [ID: fd1b57fb-f62f-43e8-9c95-eeedfc2ec6c5] Reasoning: States that benefits are based on years of service and final average compensation, but lacks depth in explaining how this is applied.
  [ID: 31889a2c-7ae2-4791-a694-baa9c0324b5f] Reasoning: Describes the formula used by MPERA to calculate retirement benefits, providing specific context on how final average compensation is determined.
  [ID: c1f2711d-9ceb-4bf9-97a0-f41f3889d396] Reasoning: Indicates a direct relationship between final average compensation and monthly retirement benefits, but does not elaborate on the implications.
  [ID: 1dfe8f71-2869-4329-92ff-44cb0dbbc8aa] Reasoning: Complaints about faulty calculations of final average compensation suggest practical implications but lack detailed analysis.
  [ID: ff3ff99a-072f-4f1b-916a-2cb615a696cd] Reasoning: Clarifies what is excluded from compensation, which is relevant for understanding how final average compensation is calculated.
  [ID: 32226f06-e0bd-4283-a471-bf417b6d178c] Reasoning: States an increase in final average compensation for retirement years, which provides a specific application of the term.
  [ID: 18e198f3-79d1-434b-9a04-b02ea7464d48] Reasoning: Discusses how retirement allowance is reduced based on earnings, which relates to final average compensation but lacks depth.
  [ID: 931508d3-ddea-45f7-bc13-8d7b95771c8b] Reasoning: States a limit on survivor benefits based on final average compensation, which is relevant but lacks further explanation.
  [ID: b8726906-43be-46ae-9c48-eabd7bf097aa] Reasoning: Mentions a calculation involving final average compensation but does not provide context or application.
  [ID: 058e025b-3cb9-4cd5-aedf-af9a27b68c5e] Reasoning: States that pension payments are based on final average compensation, but does not elaborate on how this is determined.
  [ID: 523536d2-497f-4e8b-ad06-46daf39fc91f] Reasoning: Discusses a legal opinion on including sick leave in final average compensation, which provides context for its calculation.
  [ID: 44215db1-135a-4c50-b77b-9663eda66ec3] Reasoning: Legal advice on including sick leave in final average compensation adds interpretive context to its calculation.
  [ID: 843c369c-fb0c-4b00-9c54-f7945ed2d70b] Reasoning: Mentions a change in the method of computing final average compensation, indicating a significant legal development.
  [ID: 9d0f7940-f524-4b7b-b745-91b708a1c54b] Reasoning: Court ruling on terminal payments not being included in final average compensation provides critical interpretive guidance.
  [ID: a2c1e3ed-ebdb-49ec-8611-91669ede7a37] Reasoning: Raises a question about including vacation pay in final average compensation, indicating a legal ambiguity.
  [ID: 459d3d00-bf4b-43a0-a4a1-645cbd9f34fc] Reasoning: Defines final average compensation in terms of the highest consecutive months of service, providing clarity on its calculation.
  [ID: efc788bc-7c48-47fc-a125-63c3e70a4423] Reasoning: Further clarifies the definition of final average compensation for those with less than 24 months of service, adding depth.
  [ID: 84b78712-9d0e-410c-a219-482a82213d43] Reasoning: Describes the retirement allowance calculation based on final average compensation, providing a clear application.
  [ID: ff17ebde-735c-4178-8149-a58f9ba47268] Reasoning: States that reasoning applies to final average compensation as per the city charter, but lacks specific application.
  [ID: d4f9068a-74f3-4c9e-a8d3-5c49b248969c] Reasoning: Indicates a change in the definition of final average compensation, which is significant for understanding its application.
  [ID: b7db6813-50c0-4e49-8fad-f79221c161c8] Reasoning: Discusses the establishment of retirement systems for uniform benefits, which relates to final average compensation but lacks depth.
  [ID: fa185ab6-2526-4dca-904f-e32a7ff978e1] Reasoning: Cites a case where pensions were based on final average compensation, providing a practical example of its application.
  [ID: 30c40ee2-f204-49f3-af5e-4260f64ff901] Reasoning: Mentions disability benefits based on final average compensation, providing context for its application in a different scenario.
  [ID: 9b1cc200-71c9-4341-89f4-d2c616e7fcd8] Reasoning: Provides a specific example of an individual’s final average compensation, which adds practical context.
Method: probabilities | Term: final average compensation
NDCG@10: 0.8700152943830132
NDCG@20: 0.7779480626874177
NDCG@40: 0.7352265295520026
NDCG@100: 0.7824976756455188

----------------------------------------
STDERR:
wandb: Appending key for api.wandb.ai to your netrc file: /Users/alvinwang/.netrc
wandb: Currently logged in as: alvinw2 (alvinw2-carnegie-mellon-university) to https://api.wandb.ai. Use `wandb login --relogin` to force relogin

GPT batches:   0%|          | 0/9 [00:00<?, ?batch/s]
GPT batches:  11%|█         | 1/9 [00:21<02:48, 21.03s/batch]
GPT batches:  22%|██▏       | 2/9 [00:43<02:31, 21.69s/batch]
GPT batches:  33%|███▎      | 3/9 [00:44<01:13, 12.29s/batch]
GPT batches:  44%|████▍     | 4/9 [00:46<00:42,  8.49s/batch]
GPT batches:  67%|██████▋   | 6/9 [00:47<00:12,  4.02s/batch]
GPT batches:  78%|███████▊  | 7/9 [00:47<00:06,  3.16s/batch]
GPT batches:  89%|████████▉ | 8/9 [00:51<00:03,  3.30s/batch]
GPT batches: 100%|██████████| 9/9 [00:52<00:00,  2.49s/batch]
GPT batches: 100%|██████████| 9/9 [00:52<00:00,  5.79s/batch]
