Command: /opt/anaconda3/bin/python rank.py --term hybrid instrument --type probabilities --sentences sources/hybrid_instrument/hybrid_instrument-sentence.json --provisions sources/provisions.json --verbose false --prompt system_prompts/zero_shot_previous_best.txt
Error Code: 1
ERROR processing GPT probabilities: 'probs'
Response: [
{"sentence_id": "22cbdf9d-5193-41c6-bb27-3aaba8800826", "label": "certain value"},
{"sentence_id": "d3ebaeef-8957-4748-8254-b30b6a319dea", "label": "certain value"},
{"sentence_id": "46b337ed-a0f3-4219-9576-9d4f22314db1", "label": "potential value"},
{"sentence_id": "8498dc7f-7e40-4658-82eb-06c21094498a", "label": "certain value"},
{"sentence_id": "dcec0bb8-36ab-434c-84d2-666d2e9f0d54", "label": "no value"},
{"sentence_id": "7201f2eb-8dd8-4a28-a7b4-dc974a5d9239", "label": "no value"},
{"sentence_id": "149c3d1d-9db0-414b-b837-d7aea426d633", "label": "no value"},
{"sentence_id": "c9ee8455-6543-41c5-b9e8-9488373e034c", "label": "potential value"},
{"sentence_id": "b407a05d-0031-45eb-960a-1bddce25a09d", "label": "no value"},
{"sentence_id": "a79d04e2-0be6-4606-a049-069ce87cf85d", "label": "no value"},
{"sentence_id": "d8fa7a12-e0aa-481a-a539-7b9f5c3dcf7a", "label": "no value"},
{"sentence_id": "f07cbabd-54c7-41b8-ac05-4216b66c31ce", "label": "certain value"}
]
wandb: Appending key for api.wandb.ai to your netrc file: /Users/alvinwang/.netrc
wandb: Currently logged in as: alvinw2 (alvinw2-carnegie-mellon-university) to https://api.wandb.ai. Use `wandb login --relogin` to force relogin

GPT batches:   0%|          | 0/4 [00:00<?, ?batch/s]
GPT batches:   0%|          | 0/4 [00:10<?, ?batch/s]
Traceback (most recent call last):
  File "/Users/alvinwang/cs/Retrieval/Retrieval/rank.py", line 1063, in <module>
    main()
  File "/Users/alvinwang/cs/Retrieval/Retrieval/rank.py", line 1059, in main
    asyncio.run(run_ranking_engine(args))
  File "/opt/anaconda3/lib/python3.12/asyncio/runners.py", line 194, in run
    return runner.run(main)
           ^^^^^^^^^^^^^^^^
  File "/opt/anaconda3/lib/python3.12/asyncio/runners.py", line 118, in run
    return self._loop.run_until_complete(task)
           ^^^^^^^^^^^^^^^^^^^^^^^^^^^^^^^^^^^
  File "/opt/anaconda3/lib/python3.12/asyncio/base_events.py", line 687, in run_until_complete
    return future.result()
           ^^^^^^^^^^^^^^^
  File "/Users/alvinwang/cs/Retrieval/Retrieval/rank.py", line 1007, in run_ranking_engine
    df_gpt = await gpt_label_batch(df, args.type, args.term, args.id_check, raw_statute, system_prompt)
             ^^^^^^^^^^^^^^^^^^^^^^^^^^^^^^^^^^^^^^^^^^^^^^^^^^^^^^^^^^^^^^^^^^^^^^^^^^^^^^^^^^^^^^^^^^
  File "/Users/alvinwang/cs/Retrieval/Retrieval/rank.py", line 301, in gpt_label_batch
    batch_df = await coro
               ^^^^^^^^^^
  File "/opt/anaconda3/lib/python3.12/asyncio/tasks.py", line 631, in _wait_for_one
    return f.result()  # May raise f.exception().
           ^^^^^^^^^^
  File "/Users/alvinwang/cs/Retrieval/Retrieval/rank.py", line 265, in _gpt_probabilities_single_batch
    probs = item["probs"]
            ~~~~^^^^^^^^^
KeyError: 'probs'
