Command: /opt/anaconda3/bin/python rank.py --term hybrid instrument --type probabilities --sentences sources/hybrid_instrument/hybrid_instrument-sentence.json --provisions sources/provisions.json --verbose false --prompt system_prompts/zero_shot.txt
----------------------------------------
You are an expert legal text annotator. Your task is to determine how useful each candidate sentence is for supporting legal argumentation about the meaning of a statutory or regulatory term (“the phrase of interest”).

You will be given:

The phrase of interest

The statutory or regulatory provision containing that phrase (“the statute”)

A list of candidate sentences, each with a unique sentence_id

Your classification must consider both the phrase of interest and the statute.
If a candidate sentence merely repeats, quotes, or paraphrases any part of the statute without adding interpretive meaning, it MUST be labeled "no value".

✅ OUTPUT FORMAT (STRICT) - PROBABILITIES MODE

Return ONLY a JSON array of objects. Each object must include a "reasoning" field and a "probs" field with probabilities for each class:

[
  {
    "sentence_id": "...",
    "reasoning": "...",
    "probs": {"no value": 0.1, "potential value": 0.2, "certain value": 0.3, "high value": 0.4}
  }
]

✅ CLASSIFICATION LABELS

Exactly one label per sentence:

"no value"

"potential value"

"certain value"

"high value"

✅ ANNOTATION GUIDELINES

A sentence has value only if it contributes interpretive information about the phrase of interest beyond what is already stated in the statute.

Evaluate each sentence using the following workflow:

STEP 1 — Does the sentence add ANY new interpretive information beyond the statute?

If the sentence:

repeats or paraphrases the statute

quotes the statute verbatim or near-verbatim

is a heading, boilerplate, citation, or procedural note

does not mention or relate meaningfully to the phrase of interest

→ Label: "no value"
→ Stop.

STEP 2 — Does the sentence use the phrase of interest with a different meaning?

If different and unrelated to the statute’s meaning → "no value".
If different but related → "potential value" or "certain value" depending on strength.
Then stop.

STEP 3 — Does the sentence contain explicit elaboration of meaning?

Explicit elaboration includes:

definitions

explanations

positive or negative examples

subsumption (“X is a type of Y”)

contrasts

feature inclusion (“X requires Y”)

feature exclusion (“X does not include Y”)

If yes:

If authored by an interested party/witness → "certain value"

If authored by a court, judge, legislature, agency, or other neutral authority → "high value"

Then stop.

STEP 4 — Does the sentence contain implicit elaboration?

Implicit elaboration includes:

factual scenarios implying boundaries of the term

contextual clues from which meaning can be inferred

comparisons or contrasts that clarify usage

functional descriptions suggesting how the term operates

If none → "potential value" (weak relevance; no direct elaboration).
If implicit elaboration exists:

If from an interested source → "potential value"

If from a neutral source → "certain value"

Then stop.

✅ ADDITIONAL NOTES

Do NOT assign value based solely on topical similarity.

Do NOT treat case outcomes or procedural facts as meaningful unless they clarify the term’s meaning.

Always choose the lowest plausible label when uncertain.

The goal is interpretive usefulness, not relevance to the case as a whole.

  [ID: 22cbdf9d-5193-41c6-bb27-3aaba8800826] Reasoning: This sentence discusses the obligations related to a hybrid instrument but does not provide a definition or elaboration on what constitutes a hybrid instrument as defined in the statute.
  [ID: d3ebaeef-8957-4748-8254-b30b6a319dea] Reasoning: This sentence mentions that a contract is a hybrid instrument but does not elaborate on the meaning of 'hybrid instrument' beyond the statute's definition.
  [ID: 46b337ed-a0f3-4219-9576-9d4f22314db1] Reasoning: This sentence refers to statutes and the interpretation of a hybrid instrument but does not provide any new interpretive information about the term itself.
  [ID: 8498dc7f-7e40-4658-82eb-06c21094498a] Reasoning: This sentence discusses the challenges of integrating a hybrid instrument into existing law but does not define or clarify the term itself.
  [ID: dcec0bb8-36ab-434c-84d2-666d2e9f0d54] Reasoning: This sentence mentions a hybrid instrument in the context of a trial but does not provide any interpretive information about the term itself.
  [ID: 7201f2eb-8dd8-4a28-a7b4-dc974a5d9239] Reasoning: This sentence states that the People could announce readiness for trial on a hybrid instrument but does not elaborate on the meaning of the term.
  [ID: 149c3d1d-9db0-414b-b837-d7aea426d633] Reasoning: This sentence references a case involving a hybrid instrument but does not provide any new interpretive information about the term itself.
  [ID: c9ee8455-6543-41c5-b9e8-9488373e034c] Reasoning: This sentence describes a hybrid instrument with metaphorical language but does not provide a clear definition or interpretive information about the term.
  [ID: b407a05d-0031-45eb-960a-1bddce25a09d] Reasoning: This sentence discusses the evaluation of a hybrid instrument in the context of breath tests but does not clarify the meaning of the term itself.
  [ID: a79d04e2-0be6-4606-a049-069ce87cf85d] Reasoning: This sentence mentions the hybrid instrument in relation to a court's decision but does not provide any new interpretive information about the term.
  [ID: d8fa7a12-e0aa-481a-a539-7b9f5c3dcf7a] Reasoning: This sentence discusses the State's position on the hybrid instrument but does not provide any interpretive information about the term itself.
  [ID: f07cbabd-54c7-41b8-ac05-4216b66c31ce] Reasoning: This sentence characterizes uninsured motorist coverage as a hybrid instrument and provides a definition that adds interpretive value to the term.
  [ID: ec6dc453-1d01-4c7c-8a8e-ba3f0068fd7c] Reasoning: This sentence discusses the classification of RZVs as hybrid instruments under a specific methodology, but does not provide new interpretive information about the term 'hybrid instrument' itself.
  [ID: 0ab2f260-6e48-4a3b-bc1f-258930e0d37a] Reasoning: This sentence critiques Dillinger's interpretation of Commerce's criteria for hybrid instruments but does not elaborate on the meaning of 'hybrid instrument' itself.
  [ID: c18e9d49-bf6f-461b-bc8e-b66ab53e2376] Reasoning: This sentence describes Commerce's process in classifying preferred shares as equity instruments but does not provide new interpretive information about 'hybrid instrument'.
  [ID: a68922d7-2065-469a-9c9f-154efc1395ed] Reasoning: This sentence outlines a hierarchy for classifying hybrid instruments but does not define or elaborate on the term 'hybrid instrument' itself.
  [ID: cc08b89d-2536-44bd-8c87-221e564d05c5] Reasoning: This sentence mentions considering criteria for hybrid instruments but does not provide new interpretive information about the term itself.
  [ID: 4158c98e-ce3f-4019-b9aa-3968e08ea4ec] Reasoning: This sentence discusses Commerce's discretion in evaluating facts related to hybrid instruments but does not clarify the meaning of 'hybrid instrument'.
  [ID: 83000c77-076c-440d-9b88-1223586e0b6a] Reasoning: This sentence describes a process for determining if a hybrid instrument is debt or equity but does not elaborate on the term 'hybrid instrument' itself.
  [ID: 7ef925ba-7a0a-4e56-b720-67700bab11cb] Reasoning: This sentence mentions the evolution of products marketed by life insurance companies resulting in hybrid instruments but does not provide interpretive information about the term itself.
  [ID: 503d0300-4ee6-488b-be06-fb4977026c9c] Reasoning: This sentence repeats the earlier sentence about RZVs and does not add new interpretive information about 'hybrid instrument'.
  [ID: 0a1a412a-1fef-4777-8e60-e0176a30508b] Reasoning: This sentence repeats the earlier critique of Dillinger's reading of Commerce's criteria and does not provide new interpretive information about 'hybrid instrument'.
  [ID: 5d4e04de-fcae-4c47-b8ad-bf72ad83a14b] Reasoning: This sentence repeats the earlier mention of the evolution of products resulting in hybrid instruments and does not provide new interpretive information.
  [ID: 7246a78a-396c-47d0-84ef-7f9651beb9ba] Reasoning: This sentence outlines a hierarchy for classifying hybrid instruments but does not define or elaborate on the term 'hybrid instrument' itself.
  [ID: 797751a6-0833-4afb-8431-93b2d6ab1163] Reasoning: This sentence mentions considering criteria for hybrid instruments but does not provide new interpretive information about the term itself.
  [ID: adb4e9c0-4a0f-4e95-983d-8dc742ddc9c6] Reasoning: This sentence discusses Commerce's methodology but does not clarify the meaning of 'hybrid instrument'.
  [ID: 5013c863-de53-4878-9e82-9424793a558b] Reasoning: This sentence describes a process for determining if a hybrid instrument is debt or equity but does not elaborate on the term 'hybrid instrument' itself.
  [ID: 0a735f9f-0f73-44c2-b8e0-d8c0c4627f74] Reasoning: This sentence describes Commerce's process in classifying preferred shares but does not provide new interpretive information about 'hybrid instrument'.
  [ID: e62c1a77-093d-446a-9b63-24007ab3a456] Reasoning: This sentence discusses the enforceability of agreements involving hybrid instruments but does not clarify the meaning of 'hybrid instrument'.
  [ID: 874e0ed7-488a-45fd-aef6-ee88760eb7ed] Reasoning: This sentence is a citation and does not provide any interpretive information about 'hybrid instrument'.
  [ID: 0faa4d78-0cdb-4a89-9e3b-4e0bb9cba395] Reasoning: This sentence states that shares are hybrid instruments with both equity and debt characteristics, providing a new interpretive perspective on the term.
  [ID: b4a4f614-cddf-480a-a6b3-7ef0deff045d] Reasoning: This sentence characterizes mutual share accounts as hybrid instruments with both equity and debt characteristics, providing interpretive information about the term.
  [ID: 2c8c6592-dd9f-4f5c-ac56-530f9482dad3] Reasoning: This sentence discusses the intertwined nature of equity and debt aspects of hybrid instruments, providing a deeper understanding of the term.
  [ID: 477ccf28-2910-4aa5-9fb0-acfc65599409] Reasoning: This sentence mentions the Court's opportunity to consider hybrid instruments in reorganizations, but does not provide new interpretive information about the term itself.
  [ID: b4dabf78-83f0-4f20-b043-bbef64470d7a] Reasoning: This sentence states that a hybrid instrument with equity characteristics should be treated as equity, providing interpretive guidance on the classification of hybrid instruments.
  [ID: fdbcb251-0ae7-4a9d-9380-78bedc59809b] Reasoning: This sentence is a citation and does not provide any interpretive information about 'hybrid instrument'.
  [ID: eadad0a0-b435-4d7e-a4eb-125fc39eb76a] Reasoning: This sentence suggests that arguments can be made for or against the classification of hybrid instruments, but does not provide specific interpretive information about the term itself.
  [ID: de3b6223-15fe-4fe0-a12e-ef6ce18d168e] Reasoning: This sentence discusses the classification of FIS bonds as debt based on criteria for hybrid instruments, but it does not provide new interpretive information about the term 'hybrid instrument' itself.
  [ID: d7744e26-bc8a-4070-969e-377b4919464d] Reasoning: This sentence mentions SEC guidance on hybrid instruments but does not elaborate on the meaning of the term itself, thus providing no new interpretive information.
  [ID: 6e4732b1-692b-43e4-af5c-7736b3c3f08f] Reasoning: This sentence quotes a court case discussing the acquisition of a hybrid instrument but does not provide new interpretive information about the term itself.
  [ID: f36ddf99-f034-4e35-b441-27ce4ef33ca8] Reasoning: This sentence describes a bifurcated approach to the acquisition of a hybrid instrument but does not clarify the meaning of 'hybrid instrument' itself.
  [ID: 589e7b0d-eb54-4346-b5d1-43df8a5cc78f] Reasoning: This sentence suggests an analogous approach to hybrid instruments but does not provide new interpretive information about the term itself.
  [ID: 21d9f204-b524-4036-b35c-4a61ade1272e] Reasoning: This sentence indicates that a court determined a specific instrument to be a hybrid instrument with properties of both a time and demand instrument, providing some interpretive context.
  [ID: 257b4437-8462-4d65-8019-c5201ef798e7] Reasoning: This sentence discusses the effects of hybrid instruments on funding rates and returns but does not clarify the meaning of 'hybrid instrument' itself.
  [ID: f7c977ee-d270-49a0-9d93-bc21624113cb] Reasoning: This sentence describes a specific hybrid instrument and its objective, providing some context but not a clear definition or interpretive elaboration.
  [ID: 094c7651-b542-432d-85ec-99b16aea567f] Reasoning: This sentence states that PCs are a hybrid instrument with a mix of debt and equity attributes, providing a definition that adds interpretive value.
  [ID: a31c0825-f391-4128-a47b-acbe74317296] Reasoning: This sentence discusses the potential benefits of allowing national banks to issue hybrid instruments but does not clarify the meaning of 'hybrid instrument' itself.
  [ID: 4226da85-e8d9-4022-8c97-ca1277f91f1a] Reasoning: This sentence states that a mining lease is a hybrid instrument but does not provide any interpretive information about the term itself.
  [ID: c24f2278-ab57-4148-a480-622d3957147f] Reasoning: This sentence claims that an agreement is a hybrid instrument but does not elaborate on the meaning of the term itself.
  [ID: 3e08577a-6d26-4021-8bd9-83d427a44a0e] Reasoning: This sentence states that consent decrees are hybrid instruments but does not provide any interpretive information about the term itself.
  [ID: 930ebcd9-cbad-4e5d-a247-719c52125e3b] Reasoning: This sentence discusses the difficulty in distinguishing between debt and equity in hybrid instruments, providing some context but not a clear definition.
  [ID: 9e36dd35-6d26-4021-8bd9-83d427a44a0e] Reasoning: This sentence discusses the blurred lines between debt and equity in hybrid instruments, providing context but not a clear definition.
  [ID: 4ed2c2ba-1837-4998-9a7d-369a543ae4ea] Reasoning: This sentence discusses the evolution of the law regarding hybrid instruments but does not clarify the meaning of the term itself.
  [ID: 85f3cbe0-9cc5-4bdc-8a50-396103146ff0] Reasoning: This sentence states that a hybrid instrument was determined to be a form of debt as a matter of law, providing some interpretive context.
  [ID: 478f4a17-7057-4e9f-b56e-41ab4407239f] Reasoning: This sentence discusses the legal status of hybrid instruments in relation to common law but does not clarify the meaning of the term itself.
  [ID: f1218e16-e4e5-4305-aef0-c000516e83dd] Reasoning: This sentence discusses the introduction of evidence to clarify the legal status of a hybrid instrument, providing some context but not a clear definition.
  [ID: 0462c908-fadf-40f0-b9f9-59ccb28e7be9] Reasoning: This sentence describes a hybrid instrument in the context of a speeding charge but does not provide any interpretive information about the term itself.
  [ID: f3b37b20-2541-4a11-aea0-dad99bfe502c] Reasoning: This sentence states that an oil and gas lease is a hybrid instrument but does not provide any interpretive information about the term itself.
  [ID: 117bf0ce-097b-4a8f-864a-48b03fdd1a97] Reasoning: This sentence states that an oil and gas lease is a hybrid instrument but does not provide any interpretive information about the term itself.
  [ID: 6879dc4e-153a-4bda-9b4f-1e6ec883fed0] Reasoning: This sentence states that an oil and gas lease is a hybrid instrument but does not provide any interpretive information about the term itself.
  [ID: d5ed1aac-d7c9-4a02-9428-b24660fa316b] Reasoning: This sentence discusses a contract as a hybrid instrument but does not provide any interpretive information about the term itself.
  [ID: 5fda0de3-234b-44a0-9f90-1a41b8cc982b] Reasoning: This sentence discusses a contract as a hybrid instrument but does not provide any interpretive information about the term itself.
  [ID: 6b6bf160-ec1d-4720-9f13-b543c947fd7c] Reasoning: This sentence discusses the classification of FIS bonds as debt and mentions criteria for hybrid instruments, but does not provide new interpretive information about the term 'hybrid instrument' itself.
  [ID: 0a7e14f7-c54c-4ad4-b6d1-3f484036c4e7] Reasoning: This sentence states that a capital note is a hybrid instrument with characteristics of both debt and equity, which adds some interpretive information about the nature of hybrid instruments.
  [ID: 5fc0de8f-b92f-4f71-850a-d84d5859afcd] Reasoning: This sentence refers to a hybrid instrument in a non-standard form but does not clarify or elaborate on the meaning of 'hybrid instrument' as defined in the statute.
  [ID: 41f5904c-3ee3-46ed-afa7-a0a7db8c70ef] Reasoning: This sentence discusses factors for determining if a hybrid instrument is debt or equity but does not provide new interpretive information about the term itself.
  [ID: ffb8ce85-369f-497f-942b-c76574805268] Reasoning: This sentence mentions a hybrid instrument in the context of negotiable instruments and ordinary contracts but does not clarify its meaning as defined in the statute.
  [ID: 05813e69-74f6-4925-a203-e95f1873fb55] Reasoning: This is a heading and does not provide any interpretive information about the term 'hybrid instrument'.
  [ID: 6ef55590-a01f-4fab-86a1-94b25f0bfbc7] Reasoning: This sentence discusses the introduction of hybrid financial instruments and their classification as derivative securities, providing context but not explicit interpretive information about the term 'hybrid instrument'.
  [ID: 0a4ab2cd-b7ab-468f-99b0-96d3ccd2b51d] Reasoning: This sentence states that the court saw no difference between a hybrid instrument and one with no fixed price component, but does not elaborate on the meaning of 'hybrid instrument'.
  [ID: 82c443c7-fc78-48a5-a023-c97f1545097f] Reasoning: This sentence discusses the timing of when a hybrid instrument is considered purchased but does not clarify the meaning of 'hybrid instrument' itself.
  [ID: 4ff34bce-30de-4d27-9697-3bdbf25ef0fe] Reasoning: This sentence critiques a previous analysis of hybrid instruments but does not provide new interpretive information about the term itself.
  [ID: 3ec15d05-1e5e-4a5d-85e3-91cdd747e02f] Reasoning: This sentence concludes that a hybrid instrument invokes the same investor response as a fixed price instrument, providing some interpretive context but not a clear definition.
  [ID: 81ac91dd-35b7-4e98-8a3c-eeb0dee09385] Reasoning: This sentence mentions the SEC's request for input on hybrid instruments but does not provide interpretive information about the term itself.
  [ID: 21b3105d-78b9-49ea-99cc-34a4496da880] Reasoning: This sentence provides specific details about the fixed rate component of a hybrid instrument and its implications for the holder, offering valuable interpretive information.
  [ID: 53d4c6b3-c285-421c-827f-aedafde4727c] Reasoning: This sentence discusses the SEC's position on separating hybrid instruments into distinct derivative instruments, providing interpretive context.
  [ID: f505395a-ce22-487b-a958-966079882800] Reasoning: This sentence explains the implications of acquiring a hybrid instrument under the SEC's reasoning, providing detailed interpretive information about its operation.
  [ID: e72835a9-0033-4637-82d5-07555e50c2bb] Reasoning: This sentence discusses the court's reasoning in relation to hybrid instruments and previous rulings, providing interpretive context but not a clear definition.
  [ID: 4696e21b-e963-4acd-8674-25f4be2e5fa6] Reasoning: This sentence implies that a hybrid instrument offers multiple opportunities for profit, providing some implicit elaboration on its function.
  [ID: 52924b46-3e95-4e73-aa14-de8b163d1cbe] Reasoning: This sentence asks for the SEC's opinion on the classification of hybrid instruments, indicating a need for interpretive guidance but not providing it directly.
  [ID: db8c6df1-10a6-4fb1-a6cf-2c36fd2c99b6] Reasoning: This sentence discusses the Subcommittee's agreement with the SEC's guidance on hybrid instruments, indicating interpretive relevance but not providing new information.
  [ID: 37f08a02-dbcb-43f4-975d-474b8038f213] Reasoning: This sentence discusses the implications of the SEC's Brief on defendants' liability regarding hybrid instruments, but does not clarify the meaning of the term itself.
  [ID: 3656302b-5551-4b83-8fd6-dcc385abfc02] Reasoning: This sentence provides context about previous rulings and guidance on hybrid instruments but does not clarify the term's meaning.
  [ID: 70ebea12-0238-4d0f-b60d-efdcef5d3a23] Reasoning: This sentence explains the SEC's reasoning regarding ownership provisions and hybrid instruments, providing some interpretive context.
  [ID: 1aca353f-9b68-4a60-a3f7-1f2b08f063d9] Reasoning: This sentence discusses the Second Circuit's analysis and reasoning regarding hybrid instruments, providing interpretive guidance.
  [ID: a8472475-9b0e-4baa-973a-5821e3bba47f] Reasoning: This sentence notes the Subcommittee's assessment of a decision related to hybrid instruments, providing context but not new interpretive information.
  [ID: c716496b-9b35-4782-88db-1ac5c659d755] Reasoning: This sentence discusses the CFTC's rules regarding hybrid instruments but does not clarify the meaning of 'hybrid instrument' as defined in the statute.
Method: probabilities | Term: hybrid instrument
NDCG@10: 0.4700182601018591
NDCG@20: 0.5788037469624102
NDCG@40: 0.6840301522461829
NDCG@100: 0.840750232057676

----------------------------------------
STDERR:
wandb: Appending key for api.wandb.ai to your netrc file: /Users/alvinwang/.netrc
wandb: Currently logged in as: alvinw2 (alvinw2-carnegie-mellon-university) to https://api.wandb.ai. Use `wandb login --relogin` to force relogin

GPT batches:   0%|          | 0/4 [00:00<?, ?batch/s]
GPT batches:  25%|██▌       | 1/4 [00:22<01:06, 22.03s/batch]
GPT batches:  50%|█████     | 2/4 [00:42<00:42, 21.31s/batch]
GPT batches:  75%|███████▌  | 3/4 [00:46<00:13, 13.12s/batch]
GPT batches: 100%|██████████| 4/4 [00:48<00:00,  8.86s/batch]
GPT batches: 100%|██████████| 4/4 [00:48<00:00, 12.13s/batch]
