Command: /opt/anaconda3/bin/python rank.py --term navigation equipment --type probabilities --sentences sources/navigation_equipment/navigation_equipment-sentence.json --provisions sources/provisions.json --verbose false
----------------------------------------
You are an expert legal scholar specializing in statutory interpretation. Your task is to evaluate the interpretive value of retrieved sentences in relation to a specific "Phrase of Interest" and its "Source Statute/Provision".

### KEY RULE: PENALIZE STATUTORY REDUNDANCY (ADVERSARIAL GOAL)
You must act as a critic looking to disqualify sentences that provide NO NEW INFORMATION.
- IF a sentence merely repeats or paraphrases the provided "Source Statute/Provision" without adding interpretive context (like case law, specific applications, or expert analysis), it has **NO VALUE**.
- A literal quote of the statute is a redundant distraction. Assign 'no value' a probability of 0.90 or higher.
- Interpretive value comes from how the statute is *applied* or *explained* in practice, not from the text of the statute itself.

### RELEVANCE CATEGORIES
- **0: no value**: Irrelevant, off-topic, or purely redundant statutory text.
- **1: potential value**: Mentions the term in a relevant context but adds very little interpretive depth (e.g., a simple factual statement).
- **2: certain value**: Relevant; provide clear application, context, or explanation of the term that helps understand its scope or meaning.
- **3: high value**: Highly relevant; Provides critical interpretive guidance, settles a legal ambiguity, or explains a complex application in a way that significantly aids interpretation.

### GRANULARITY & TIE-BREAKING
- **BE PRECISE**: Do not give all relevant sentences the same score. Distinguish between a "good" explanation (Score 2) and an "excellent" one (Score 3). 
- **RESOLUTION**: Use granular probabilities (e.g., 0.35, 0.62) to ensure the final ranking is stable and distinguishes between similar-quality sentences.

### OUTPUT FORMAT
You must return a JSON array of objects. Each object must include a "reasoning" field (Chain-of-Thought) and a "probs" field.

Example:
[
  {
    "sentence_id": "S1",
    "reasoning": "Direct quote of Section 60101. No interpretive value beyond the statute itself.",
    "probs": {"no value": 0.98, "potential value": 0.02, "certain value": 0.0, "high value": 0.0}
  },
  {
    "sentence_id": "S2",
    "reasoning": "Applies 'hazardous liquid' to liquid CO2 pipelines, clarifying a major jurisdictional boundary.",
    "probs": {"no value": 0.05, "potential value": 0.15, "certain value": 0.30, "high value": 0.50}
  }
]

### DATA TO PROCESS
Phrase of Interest: {{phrase_of_interest}}
Source Statute/Provision: {{raw_statute}}

Sentences to evaluate:
{{sentences}}

  [ID: 4cd53d75-f3aa-474b-94ac-315d34660198] Reasoning: This sentence discusses rights related to aircraft and equipment servicing but does not mention 'navigation equipment' in a relevant context. It is largely unrelated to the phrase of interest.
  [ID: b409984e-0600-427c-9bdc-06a9b9d2efeb] Reasoning: This sentence mentions 'aids to navigation equipment' but does not provide any specific application or context related to the phrase of interest. It is a general statement about regulations without interpretive depth.
  [ID: 4539716e-6997-462b-9803-e349e83c3510] Reasoning: This sentence states that a vessel was equipped with necessary navigation equipment but does not elaborate on its significance or application. It merely describes the vessel's status without adding interpretive value.
  [ID: 08cb529f-0f8f-4967-b392-4fe45d21d2ee] Reasoning: This sentence describes an action taken to check the accuracy of navigation equipment, providing a specific context in which navigation equipment is used. It adds some interpretive value by illustrating a practical application.
  [ID: 4db80de6-d87b-425c-b3a0-bdf7276a36d1] Reasoning: This sentence describes a specific action taken by a crew member regarding navigation equipment but does not provide any interpretive context or legal application.
  [ID: 535c5685-f3d8-4330-8239-b1d85cbb6940] Reasoning: This sentence lists various roles and responsibilities related to navigation equipment on a vessel, providing context about its operational use but lacks deeper interpretive analysis.
  [ID: e8114d4e-9674-4b0a-b96c-ae6a04993271] Reasoning: This sentence mentions navigation equipment in the context of a plaintiff's injuries and losses but does not elaborate on its legal implications or relevance to the case.
  [ID: 3b19ae90-2292-4e7a-92de-5dc07c9baec1] Reasoning: This sentence references navigation equipment among other goods but does not provide any specific legal context or application.
  [ID: 0262089d-163c-4e66-8d04-7db9dabe4584] Reasoning: This sentence states that a vessel is outfitted with navigation equipment but does not provide any interpretive context or legal significance.
  [ID: 178d1042-2863-40ec-af3f-2df72afa950b] Reasoning: This sentence discusses the potential for safer night flights with proper navigation equipment, hinting at its importance but lacking legal analysis.
  [ID: 037be537-6c89-48b3-8b10-10d0c182092d] Reasoning: This sentence states that the absence of night navigation equipment had no impact on risk, which could imply legal relevance but lacks depth.
  [ID: 634715a6-aaef-45af-b565-4cf32704110f] Reasoning: This sentence mentions thefts of navigation equipment but does not provide any legal context or implications.
  [ID: 441bd615-b26c-4632-a4e0-d64159239343] Reasoning: This sentence indicates a need for further development regarding the failure to use navigation equipment, suggesting potential legal implications.
  [ID: 2d9396fe-c338-4035-a685-6e869be9a8d2] Reasoning: This sentence discusses inaccuracies in satellite navigation equipment, which could have legal implications regarding liability or operational standards.
  [ID: 1af9eae8-7aed-410e-9eb6-c60ab07d0db3] Reasoning: This sentence provides context about a company's involvement with navigation equipment but lacks specific legal implications.
  [ID: 93ac06cf-e743-4320-9fbb-9d49460dc9d5] Reasoning: This sentence mentions the status report of navigation equipment but does not provide any interpretive context or legal significance.
  [ID: 575e28b5-ff61-428d-92a6-7021eea4c498] Reasoning: This sentence references a court case involving navigation equipment, providing some legal context but lacks depth in analysis.
  [ID: 021673e4-2bba-4b59-b32d-6735b374b295] Reasoning: This sentence is a partial quote from a court case and does not add interpretive value beyond the statute itself.
  [ID: 070d056e-f26d-4261-be1c-fc56b6d8f176] Reasoning: This sentence provides an example of a worker installing navigation equipment, which could have implications for legal definitions but lacks depth.
  [ID: 071cbf1d-3e56-4c80-8e1b-aedcdbc5699a] Reasoning: This sentence discusses defects in navigation equipment as contributing causes of a casualty, providing significant legal context.
  [ID: bf5f1646-7b67-4470-a755-7bc212db5039] Reasoning: This sentence involves alleged fraud regarding navigation equipment, indicating potential legal implications and context.
  [ID: d50661cd-83f7-4857-8f85-7dea3f2aa287] Reasoning: This sentence describes a specific instance of testing navigation equipment, providing operational context but lacking legal implications.
  [ID: 6b35c3f6-ec19-4b53-9ef1-2937239c8e82] Reasoning: This sentence quotes the statute directly, providing no new interpretive value.
  [ID: 36bcd118-bfe1-428f-9c44-98fb4a73b8fe] Reasoning: This sentence discusses common costs related to navigation equipment but does not provide specific legal context or implications.
  [ID: a1d9e673-1f45-476d-bb3d-fd52bd9059ce] Reasoning: This sentence describes an action involving navigation equipment but lacks legal context or implications.
  [ID: 3ebe55eb-0a0e-4111-b73f-bef4686e4c6f] Reasoning: This sentence describes the use of navigation equipment in a specific incident, providing operational context but lacking legal implications.
  [ID: 7ab0ec13-80e1-486d-968f-617951204ca9] Reasoning: This sentence discusses the preservation of navigation equipment ordered by the court, indicating potential legal relevance.
  [ID: 78e8e2cd-b9c5-4328-8bd2-74725d4bfaf0] Reasoning: This sentence provides a financial breakdown that includes navigation equipment but lacks interpretive context or legal implications.
  [ID: 593f7a5c-30d3-4d08-b78f-b5dd9141ee3a] Reasoning: This sentence simply lists communication and navigation equipment without any context or legal implications.
  [ID: 2abba3b7-c64e-4f40-9c99-cc67b5d2004a] Reasoning: Mentions long-range navigation equipment in a legal context but does not provide any interpretive depth or application related to the statute.
  [ID: 92903d4b-9d9f-4e2f-bacf-7305ce090279] Reasoning: Describes the stripping of navigation equipment but lacks context or relevance to the statutory requirements or applications.
  [ID: aec1cb38-35c1-45cd-888a-298cd9190183] Reasoning: States that air navigation equipment is installed at the airport but does not elaborate on its relevance to the statute or its application.
  [ID: 64ada152-a570-4fb6-85a5-5f69e7650f16] Reasoning: Discusses interference-free frequency for radio-navigation equipment but does not connect to the statutory context or requirements.
  [ID: f1e65273-720c-41ac-a9b8-fe548a7af3ed] Reasoning: Lists navigation equipment as part of a sale but does not provide any interpretive context or application related to the statute.
  [ID: b35a802b-a1ad-4d27-b036-d85432690e66] Reasoning: Mentions that navigation equipment was not tuned properly but lacks context on how this relates to the statutory requirements.
  [ID: 15713456-e031-4c38-b80d-5dd728d12425] Reasoning: Includes navigation equipment in a mortgage context but does not explain its relevance to the statute or its application.
  [ID: 18ccccaa-9a39-4ddd-86a3-c94ccbaabf62] Reasoning: Claims that the Town Board failed to modernize navigation equipment but does not provide interpretive context or legal implications.
  [ID: bc473842-c5e9-4d02-b86b-fa91d153efa3] Reasoning: Mentions certification of navigation equipment but does not connect to the statutory requirements or provide interpretive context.
  [ID: b5660361-de9f-41be-8a11-0a1f1123fe45] Reasoning: Lists navigation equipment as part of customer-furnished equipment but lacks relevance to the statute or its application.
  [ID: e1ea8d4f-faf7-47a4-bc41-1a353da95057] Reasoning: Discusses measures necessary for navigation but does not provide context or application related to the statute.
  [ID: 178a4dbe-0339-4aa6-a845-a8d46eb4f847] Reasoning: Mentions navigation warranty breach but does not connect to the statutory requirements or provide interpretive context.
  [ID: da56aae2-e32c-425e-a692-ccf3c461c666] Reasoning: Discusses air traffic controllers and navigation equipment but does not provide relevant interpretive context or application.
  [ID: aea3e07c-c550-485f-a913-55828bf57eec] Reasoning: Mentions sale of navigation equipment but lacks context or relevance to the statute or its application.
  [ID: e16c9957-af1a-47da-aaf9-c7638b93a7b3] Reasoning: Lists navigation equipment in a tax context but does not provide interpretive context or application related to the statute.
  [ID: 14c10ed8-7e4e-4082-8094-ffa1d5b9bb00] Reasoning: Similar to the previous sentence, it lists navigation equipment in a tax context without interpretive value.
  [ID: 31a8f6bd-c242-402a-abe9-ea39879112e7] Reasoning: Discusses safety in commercial airplanes with navigation equipment but does not connect to the statute or provide interpretive context.
  [ID: 67132e39-fcbc-40f9-9fc1-5ce1b05f3f12] Reasoning: Mentions radar and SSB Radio as navigation equipment but lacks context or relevance to the statute.
  [ID: 79d9bd64-345f-4354-8ca3-afdd17cf7097] Reasoning: Mentions air navigation equipment improvements but does not provide interpretive context or application related to the statute.
  [ID: bc2a58e4-4807-45db-8893-4f5459b69eac] Reasoning: Argues about the State's failure to maintain navigation equipment but does not provide interpretive context or legal implications.
  [ID: 188cf097-b3a0-4d56-84dc-642afb7bf40b] Reasoning: States that navigation equipment is intact but does not provide any interpretive context or application related to the statute.
  [ID: 66644995-7eed-4eed-a03a-73da5893015f] Reasoning: Mentions isolating contaminated navigation equipment but lacks context or relevance to the statute or its application.
  [ID: 7c4b7450-29df-4722-9ed9-79650d31f0c8] Reasoning: Describes sending a third set of navigation equipment but does not provide interpretive context or application related to the statute.
  [ID: 60d524a7-3d4f-4633-a4d2-05fdcf0b6cb7] Reasoning: Mentions exposure to contaminated navigation equipment but lacks context or relevance to the statute or its application.
  [ID: 15bfeb58-499c-4030-8828-463eb66b8f13] Reasoning: States that the vessel was not navigable due to missing navigation equipment but does not connect to the statutory requirements.
  [ID: 2e90faa3-dd34-47ac-81b1-c3a629ec7259] Reasoning: Describes a specific type of satellite navigation equipment used on a vessel, but does not provide interpretive context or application related to the statute.
  [ID: ad4f2faf-8890-4163-aaef-ef958ce1eff9] Reasoning: Mentions navigation equipment in the context of crew responsibilities but does not elaborate on its legal implications or applications.
  [ID: 3bef88f3-9068-45bd-91ed-c63da0de7ae7] Reasoning: States that certain navigation equipment was used in piloting the ship, but lacks further context or legal significance.
  [ID: 180befe0-5886-4302-b5f5-b79e2029bcb5] Reasoning: Discusses the use of navigation equipment in the context of control and direction during towing, providing some interpretive context.
  [ID: 4138ad24-0f12-4437-98a8-193cf007942a] Reasoning: Indicates the operational status of navigation equipment in relation to a vessel's towing situation, but lacks deeper legal analysis.
  [ID: b5d6bda6-b42e-4a05-8f32-4878e85272e8] Reasoning: Mentions compliance with regulations regarding navigation equipment but does not provide specific interpretive context.
  [ID: c0281d36-73ed-4b22-b6c3-18481d5ea858] Reasoning: Discusses the legal implications of navigation equipment ownership in the context of liens, providing some interpretive value.
  [ID: eb346dd4-6075-4911-93ff-cb0491a77e11] Reasoning: Describes the use of a trademark for navigation equipment but does not connect it to the statutory context or application.
  [ID: 9b14c498-28f3-4fef-ad17-474a97c42cce] Reasoning: Mentions a registration for airborne navigation equipment but lacks context or application related to the statute.
  [ID: 45f3e1da-3711-46a0-8e9c-be616c0d15a1] Reasoning: Describes a vessel's navigability status in relation to installed navigation equipment, providing some context.
  [ID: 2fe7fbac-adcc-491d-9baf-a29e6c506d46] Reasoning: Mentions a company engaged in navigation equipment production but does not provide legal context or application.
  [ID: bb8aebb2-5650-44f8-bc74-19c1c0370916] Reasoning: Discusses alleged violations of navigation rules but lacks specific legal analysis or application of the statute.
  [ID: dfa006e5-6490-4783-8095-2ae3c157c357] Reasoning: Mentions stripping of navigation equipment but does not provide context or legal implications related to the statute.
  [ID: d7492011-0f71-48a9-8f7c-55b6c0966703] Reasoning: Mentions a license for radio-navigation equipment but lacks interpretive context or application.
  [ID: 884d3b7c-7252-43fd-b092-1b6484169638] Reasoning: Describes supplies on board but does not provide relevant context or application regarding navigation equipment.
  [ID: 402d2a22-ab02-427d-ba91-552e2a2f8f07] Reasoning: Similar to the previous sentence, it lists supplies without relevant context or application regarding navigation equipment.
  [ID: 68abd689-dafb-4ade-8e70-7547df719e89] Reasoning: Describes navigation by reference to radio navigation equipment but lacks deeper legal context or implications.
  [ID: 0529aed4-abfa-4281-acf5-3a69540dfead] Reasoning: Mentions checking navigation equipment during a delivery but does not provide legal context or implications.
  [ID: 73c1dccf-14a0-4fe9-bd06-e19865719df1] Reasoning: Discusses a phaseout model of navigation equipment but lacks interpretive context or application.
  [ID: faf26ce0-4095-45f7-9a32-d234a45baee4] Reasoning: Describes the presence of navigation equipment in the pilot house but lacks legal context or implications.
  [ID: e0851def-ceac-424a-b03e-35941d7b1799] Reasoning: Mentions the location of navigation equipment but does not provide relevant legal context or implications.
  [ID: 7a263877-331a-4806-86fd-aa0338bbe7eb] Reasoning: Discusses tax exemptions for navigation equipment but does not connect it to the statutory context or application.
  [ID: ca194ba2-1492-4b81-9fa3-42131b4ec9ae] Reasoning: Similar to the previous sentence, it discusses tax exemptions but lacks relevant context or application.
  [ID: 4946f326-04b2-4434-860d-79cccd7e027e] Reasoning: Mentions a limitation on excise tax for navigation equipment but does not provide deeper legal context or implications.
  [ID: 15e78e83-41bd-4a4d-a2f2-a5b2b9817307] Reasoning: Discusses the Service's perspective on defining navigation equipment but lacks specific legal context or application.
  [ID: c0682e99-3ffa-4736-8735-93074f854e90] Reasoning: Mentions navigation equipment in a context unrelated to the statutory requirements, providing no interpretive value.
  [ID: 6d27ba64-429c-4441-a1a6-385d462a93b3] Reasoning: Describes the use of navigation equipment in a medical context, which is not relevant to the statutory interpretation of vessel navigation equipment.
  [ID: 890d3478-fc29-4c93-af75-aaa4042c9096] Reasoning: Discusses navigation equipment in a surgical context, lacking relevance to the statutory framework regarding vessels.
  [ID: 761a32d0-d8dc-428f-aef7-3681e00526b1] Reasoning: Title suggests a focus on navigation equipment but does not provide any substantive information or context.
  [ID: 8701cc78-2c33-4542-bb95-6d83bd354bb5] Reasoning: A quote about running navigation equipment in a surgical case, which does not relate to the statutory context of vessel navigation.
  [ID: 230114c1-4aa6-4f2d-8fcb-c4bc31e5d37c] Reasoning: Mentions lack of training for navigation equipment in a surgical context, irrelevant to the statutory interpretation.
  [ID: 9853f81e-2f55-4b82-b7a8-fe8b7bfc1653] Reasoning: Discusses experience with surgical equipment similar to navigation equipment, lacking relevance to the statutory context.
  [ID: 9e427201-b4a3-416a-afbe-af463a00cd26] Reasoning: States that Vickery lacked training for navigation equipment, which does not contribute to understanding the statutory requirements.
  [ID: faa30930-9b47-4a01-8823-59ce3d7e36b1] Reasoning: Claims belief about working on navigation equipment not being against policy, which does not clarify statutory interpretation.
  [ID: 010ff6e3-ea78-4b8b-9433-3295675926ec] Reasoning: Cites a case involving navigation equipment but does not provide relevant interpretive context for the statute.
  [ID: 842a5ff8-bdeb-4a42-a046-82c8af56c97f] Reasoning: Describes a provision requiring tankers to possess navigation equipment, which is relevant but lacks deeper interpretive context.
  [ID: 959cd4a3-a34a-47f4-ba2e-5ca99e57d434] Reasoning: Simply states 'Navigation Equipment' without any context or application, providing no interpretive value.
  [ID: 8178b0b3-2b00-4f5e-b6c5-c8ae49fb7d7f] Reasoning: Mentions navigation equipment in the context of an oil spill prevention plan, which is somewhat relevant but lacks depth.
  [ID: 5b59b09f-9fc1-408e-b49d-778a9f448efc] Reasoning: Discusses a preemption claim regarding navigation equipment, which is relevant but does not clarify statutory interpretation.
  [ID: e02ea51e-067f-49db-8857-60d327451c5a] Reasoning: Describes components sold for navigation equipment but does not provide relevant interpretive context for the statute.
  [ID: 26b72b3b-2b7f-4a13-ac5a-130522bf8b70] Reasoning: Mentions lack of navigational lights and equipment, which does not contribute to understanding the statutory requirements.
  [ID: 7bcf93bb-19fb-4b2c-8ecf-75b2febd2027] Reasoning: Discusses inertial navigation systems in a context unrelated to the statute, providing no interpretive value.
  [ID: 47257c1f-a4dc-4e32-8698-a0e81539f27d] Reasoning: Mentions exports of technical data related to inertial navigation equipment, which is irrelevant to the statutory context.
  [ID: f2a5c85b-322b-4111-afff-261310e5bc57] Reasoning: Mentions repairs and tests of navigation equipment but does not provide relevant interpretive context for the statute.
  [ID: e4a81a52-38e5-4412-895a-5e5f6456d893] Reasoning: Mentions regulation of navigation equipment but lacks depth in explaining its application or relevance to the statute.
  [ID: d991b79f-0768-4a14-b7de-c9f1ca0b9702] Reasoning: Discusses the market value of fishing vessels in relation to navigation equipment, which is somewhat relevant but lacks depth.
  [ID: 3bed5e74-f8bc-424d-b5a5-4b68fd4c3e19] Reasoning: Mentions removal of aid-to-navigation equipment, which does not clarify statutory interpretation.
  [ID: 404d8f8f-3139-4810-a217-e6b8735d9ee1] Reasoning: Repeats a previous sentence about components sold for navigation equipment, providing no new information.
  [ID: 2b2c0e4b-d820-4819-8c6a-dda3f15b22d4] Reasoning: Mentions inability to use navigation equipment, which does not contribute to understanding the statutory requirements.
  [ID: cdc98400-c84c-4db1-85e2-6fbb56b9a10f] Reasoning: Describes a vessel fitted with navigation equipment but does not provide relevant interpretive context for the statute.
  [ID: acde7f11-65ba-4e8a-ad19-eb2248c9e545] Reasoning: Mentions navigation equipment in the context of aviation, which is unrelated to the maritime focus of the source statute.
  [ID: 309d6b50-7dd4-4808-a8c9-82bae20b9f55] Reasoning: Discusses navigation equipment in relation to FAA regulations, but does not provide relevant interpretive context for maritime navigation equipment.
  [ID: 96b451ad-a636-430e-bca6-950922cce465] Reasoning: References a registration for airborne navigation equipment, which is not applicable to the maritime context of the source statute.
  [ID: 6bacf112-4772-4d90-b579-860b599f1b5e] Reasoning: Mentions navigation equipment in a trademark context, which does not provide relevant interpretive value for the source statute.
  [ID: 2f7168e4-c1d4-4bbe-a924-467725ee7d70] Reasoning: Discusses tax exemptions for navigation equipment but does not clarify its application in the context of the source statute.
  [ID: 0781cf62-8a21-4d25-a1eb-0b705c01631f] Reasoning: Similar to the previous sentence, it discusses tax exemptions without providing relevant interpretive context for maritime navigation equipment.
  [ID: 3f3ed958-07d6-4ea3-9325-0d6a18592d24] Reasoning: Mentions navigation equipment in the context of pilot duties, but lacks relevance to the maritime focus of the source statute.
  [ID: 774fc2ce-44e9-4d68-9253-301aae6ec4e4] Reasoning: Describes the installation of navigation equipment on a vessel but does not provide interpretive context or legal implications.
  [ID: 4cae6f8c-e00a-46ac-af96-3c3c50f7a343] Reasoning: Compares the condition of navigation equipment on a vessel but does not provide relevant legal context or implications.
  [ID: 5d56324f-e2e9-4a48-a910-01ce3bc86e36] Reasoning: Mentions the standard of care related to navigation equipment but does not clarify its application in the context of the source statute.
  [ID: 3027b6db-8bf6-4547-8a11-0bed94deafdf] Reasoning: Describes a vessel overhaul including navigation equipment but lacks interpretive context relevant to the source statute.
  [ID: 0fa4d176-672a-476e-8fa1-7ec133100eb0] Reasoning: Discusses the definition of a seaman in relation to navigation equipment installation, providing some context but lacking depth.
  [ID: 0302fd87-5f40-4a61-a220-029e4da60554] Reasoning: Mentions a company involved in navigation equipment production but does not provide relevant legal context or implications.
  [ID: 8e481f05-1eee-4bda-8d12-7d61e4b368b4] Reasoning: Describes responsibilities related to navigation equipment but lacks specific legal implications or context relevant to the source statute.
  [ID: 1086c457-d8fd-439d-b145-f7c8b77d583a] Reasoning: Mentions navigation equipment in the context of safety measures but does not clarify its application in the context of the source statute.
  [ID: 24898554-4b91-46f6-9147-a49aa1e00841] Reasoning: Discusses a contract for navigation equipment installation but lacks interpretive context relevant to the source statute.
  [ID: e6ac896d-56a6-476a-979b-b3acb13edaab] Reasoning: Mentions problems with car navigation equipment, which is irrelevant to the maritime context of the source statute.
  [ID: c137fa50-6510-4ce9-8e61-5dec33251b4] Reasoning: Discusses issues with car navigation equipment, which is not relevant to the maritime focus of the source statute.
  [ID: a99ef51c-2e13-4e6d-a519-55bf65fb13cf] Reasoning: Describes the use of navigation equipment in a legal context but does not clarify its application in relation to the source statute.
  [ID: 0a6363ab-5ea4-427e-b667-2cd327fa9dda] Reasoning: Mentions responsibilities of a ship management company regarding navigation equipment but lacks specific legal implications or context relevant to the source statute.
  [ID: 5fa1ee75-f8c8-40a7-9629-40467e7133ca] Reasoning: Discusses distinctions in seaman training related to navigation equipment but does not provide relevant interpretive context for the source statute.
  [ID: a4b8b075-aa95-421c-a9d0-d3ac06293ca6] Reasoning: Mentions the lack of navigation equipment in a safety context but does not clarify its application in relation to the source statute.
  [ID: 01685140-e203-47fb-aa7f-120d23be99ee] Reasoning: Describes damage to navigation equipment but does not provide relevant legal context or implications for the source statute.
  [ID: e4db9970-f3d5-4704-85ea-a20d224a0501] Reasoning: Describes common oceanographic research equipment, including navigation equipment, but lacks relevance to the maritime focus of the source statute.
  [ID: 7e4a40c0-5424-4de7-aed9-7d394bf492a3] Reasoning: Mentions a contract for long-range navigation equipment but does not provide relevant interpretive context for the source statute.
  [ID: c986b235-01e5-4ecf-b148-4dd96dca33da] Reasoning: This sentence lists items removed from a yacht, including navigation equipment, but does not provide any interpretive context or application related to the statute.
  [ID: f99e25a1-2e66-42a0-8ff9-94839a4cf981] Reasoning: This sentence discusses the relationship between a vessel's market value and its navigation equipment, providing some context but lacking depth in legal interpretation.
  [ID: af3c6f4f-7840-4490-b08f-e56efd6e0702] Reasoning: This sentence is a citation of case law that reiterates the previous sentence's point about market value and navigation equipment, offering no new interpretive insight.
  [ID: 39c1db8a-42aa-47b6-864e-fc21914ca1e8] Reasoning: This sentence describes a method for surveying the ocean bottom using navigation equipment, providing a specific application that adds interpretive value.
  [ID: a90b7c4c-740d-4a1d-8ff3-a18d7191e5b8] Reasoning: This sentence states that the Glomar Explorer is equipped with navigation equipment, but lacks further context or application, limiting its interpretive value.
  [ID: 3a24e463-d63a-4a71-a7ee-02cb20b7cd6a] Reasoning: This sentence describes the movement of a ship using navigation equipment, providing a specific application that enhances understanding of its use.
  [ID: c51c5665-ace0-43c8-8d1b-32c1c4723158] Reasoning: This sentence discusses a financial obligation related to navigation equipment, but does not provide significant interpretive context or application.
  [ID: c8a0d184-8341-4251-b9a9-4d3b13e0aa92] Reasoning: This sentence states the role of a navigation equipment repairman but does not provide any interpretive context or application related to the statute.
  [ID: 52fedd07-1aae-42d3-8127-d134d2ff8a3e] Reasoning: This sentence describes a failure to check navigation equipment, indicating negligence but lacking broader interpretive context.
  [ID: 7d4fdc9f-cbed-4566-8932-8b3192464a8e] Reasoning: This sentence discusses the installation and operation of navigation equipment but does not provide specific legal context or application.
  [ID: 982ff11d-5892-488f-856a-378e9ba2e6c5] Reasoning: This sentence outlines the operational responsibilities of boat captains, including navigation equipment, but lacks specific legal context.
  [ID: ab0824f8-402f-4504-a8f6-75a8978cd888] Reasoning: This sentence defines avionics as aircraft radios and navigation equipment, but does not provide any legal context or application.
  [ID: feeb732a-ae13-48c4-9d7c-56023cdba242] Reasoning: This sentence discusses an indictment related to navigation equipment, providing legal context that enhances its interpretive value.
  [ID: 4aba0072-4620-48bb-9954-4bd8adfd6388] Reasoning: This sentence states that the navigation equipment on a ship was insufficient, indicating a potential legal issue but lacking depth in interpretation.
  [ID: ce014595-9b76-42fc-897c-35d755551894] Reasoning: This sentence describes the installation of electronic navigation equipment, providing some context but lacking deeper interpretive value.
  [ID: e8179a06-42a5-4370-a10f-e2c468b76fb9] Reasoning: This sentence discusses the inspection of navigation equipment but does not provide significant interpretive context or application.
  [ID: 558ea4bb-8507-4acc-abdf-74e3b14fa3ff] Reasoning: This sentence suggests ignorance of navigation equipment but does not provide any legal context or application.
  [ID: 2e45087d-9835-4657-b9f0-010b5d124358] Reasoning: This sentence describes a directive to remove navigation equipment as evidence, providing some legal context but lacking depth.
  [ID: ea57605a-3723-4cb6-b06e-8ec17a4e55a6] Reasoning: This sentence describes checking navigation equipment and functions, but lacks broader interpretive context or application.
  [ID: ffe962fc-f48f-48c0-ba3b-c619dc9beab5] Reasoning: This sentence outlines factors contributing to a grounding incident, including defective navigation equipment, providing relevant context for legal interpretation.
  [ID: 6b789d25-2561-47d5-b894-1becd6d8b367] Reasoning: This sentence states that a vessel was unseaworthy due to navigation equipment issues, providing significant interpretive context related to legal standards.
  [ID: da7d064b-a62b-4cb2-a15b-1939c14ff71f] Reasoning: This sentence is a repeat of a previous sentence regarding surveying methods, providing no new interpretive value.
  [ID: e680ef57-af61-41e0-a263-2ca0f6009acf] Reasoning: This sentence is a repeat of a previous sentence regarding the Glomar Explorer, providing no new interpretive value.
  [ID: 9baf1a06-365d-48c3-a780-2ac5e0d739cb] Reasoning: This sentence is a repeat of a previous sentence regarding the movement of a ship, providing no new interpretive value.
  [ID: fdc8570f-7e7e-4b9b-8777-99395f816706] Reasoning: This sentence states that a vessel had no navigation equipment aboard, but does not provide any interpretive context or application.
Method: probabilities | Term: navigation equipment
NDCG@10: 0.5318944775123207
NDCG@20: 0.5727547331162023
NDCG@40: 0.7055471048624494
NDCG@100: 0.8349426111732384

----------------------------------------
STDERR:
wandb: Appending key for api.wandb.ai to your netrc file: /Users/alvinwang/.netrc
wandb: Currently logged in as: alvinw2 (alvinw2-carnegie-mellon-university) to https://api.wandb.ai. Use `wandb login --relogin` to force relogin

GPT batches:   0%|          | 0/7 [00:00<?, ?batch/s]
GPT batches:  14%|█▍        | 1/7 [00:09<00:56,  9.49s/batch]
GPT batches:  29%|██▊       | 2/7 [00:19<00:49, 10.00s/batch]
GPT batches:  43%|████▎     | 3/7 [00:36<00:52, 13.01s/batch]
GPT batches:  57%|█████▋    | 4/7 [00:47<00:36, 12.12s/batch]
GPT batches:  71%|███████▏  | 5/7 [00:47<00:16,  8.00s/batch]
GPT batches:  86%|████████▌ | 6/7 [00:48<00:05,  5.42s/batch]
GPT batches: 100%|██████████| 7/7 [00:48<00:00,  3.81s/batch]
GPT batches: 100%|██████████| 7/7 [00:48<00:00,  6.97s/batch]
