Command: /opt/anaconda3/bin/python rank.py --term nonindustrial use --type probabilities --sentences sources/nonindustrial_use/nonindustrial_use-sentence.json --provisions sources/provisions.json --verbose false --prompt system_prompts/zero_shot_previous_best.txt
Error Code: 1
ERROR processing GPT probabilities: 'probs'
Response: [
{"sentence_id": "55f8514f-afaa-4c09-806a-945d08ccd1af", "label": "certain value"},
{"sentence_id": "ae0ad779-bf3b-49d9-b0f2-54d34b93403e", "label": "certain value"},
{"sentence_id": "e62ca25f-5d07-40fa-819c-5780017a1eec", "label": "potential value"},
{"sentence_id": "1bea7721-57da-4ef8-a978-c91a99d3a407", "label": "high value"},
{"sentence_id": "4c36eb4d-d861-4ae4-aa13-25ab1fb8b55b", "label": "high value"},
{"sentence_id": "57a6e8ca-530b-4c45-b68a-3ee37fb98290", "label": "certain value"},
{"sentence_id": "107f9c44-20d6-49e0-aca5-063914ad3ff0", "label": "certain value"}
]
wandb: Appending key for api.wandb.ai to your netrc file: /Users/alvinwang/.netrc
wandb: Currently logged in as: alvinw2 (alvinw2-carnegie-mellon-university) to https://api.wandb.ai. Use `wandb login --relogin` to force relogin

GPT batches:   0%|          | 0/2 [00:00<?, ?batch/s]
GPT batches:   0%|          | 0/2 [00:06<?, ?batch/s]
Traceback (most recent call last):
  File "/Users/alvinwang/cs/Retrieval/Retrieval/rank.py", line 1063, in <module>
    main()
  File "/Users/alvinwang/cs/Retrieval/Retrieval/rank.py", line 1059, in main
    asyncio.run(run_ranking_engine(args))
  File "/opt/anaconda3/lib/python3.12/asyncio/runners.py", line 194, in run
    return runner.run(main)
           ^^^^^^^^^^^^^^^^
  File "/opt/anaconda3/lib/python3.12/asyncio/runners.py", line 118, in run
    return self._loop.run_until_complete(task)
           ^^^^^^^^^^^^^^^^^^^^^^^^^^^^^^^^^^^
  File "/opt/anaconda3/lib/python3.12/asyncio/base_events.py", line 687, in run_until_complete
    return future.result()
           ^^^^^^^^^^^^^^^
  File "/Users/alvinwang/cs/Retrieval/Retrieval/rank.py", line 1007, in run_ranking_engine
    df_gpt = await gpt_label_batch(df, args.type, args.term, args.id_check, raw_statute, system_prompt)
             ^^^^^^^^^^^^^^^^^^^^^^^^^^^^^^^^^^^^^^^^^^^^^^^^^^^^^^^^^^^^^^^^^^^^^^^^^^^^^^^^^^^^^^^^^^
  File "/Users/alvinwang/cs/Retrieval/Retrieval/rank.py", line 301, in gpt_label_batch
    batch_df = await coro
               ^^^^^^^^^^
  File "/opt/anaconda3/lib/python3.12/asyncio/tasks.py", line 631, in _wait_for_one
    return f.result()  # May raise f.exception().
           ^^^^^^^^^^
  File "/Users/alvinwang/cs/Retrieval/Retrieval/rank.py", line 265, in _gpt_probabilities_single_batch
    probs = item["probs"]
            ~~~~^^^^^^^^^
KeyError: 'probs'
