Command: /opt/anaconda3/bin/python rank.py --term nonindustrial use --type probabilities --sentences sources/nonindustrial_use/nonindustrial_use-sentence.json --provisions sources/provisions.json --verbose false --prompt system_prompts/zero_shot.txt
----------------------------------------
You are an expert legal text annotator. Your task is to determine how useful each candidate sentence is for supporting legal argumentation about the meaning of a statutory or regulatory term (“the phrase of interest”).

You will be given:

The phrase of interest

The statutory or regulatory provision containing that phrase (“the statute”)

A list of candidate sentences, each with a unique sentence_id

Your classification must consider both the phrase of interest and the statute.
If a candidate sentence merely repeats, quotes, or paraphrases any part of the statute without adding interpretive meaning, it MUST be labeled "no value".

✅ OUTPUT FORMAT (STRICT) - PROBABILITIES MODE

Return ONLY a JSON array of objects. Each object must include a "reasoning" field and a "probs" field with probabilities for each class:

[
  {
    "sentence_id": "...",
    "reasoning": "...",
    "probs": {"no value": 0.1, "potential value": 0.2, "certain value": 0.3, "high value": 0.4}
  }
]

✅ CLASSIFICATION LABELS

Exactly one label per sentence:

"no value"

"potential value"

"certain value"

"high value"

✅ ANNOTATION GUIDELINES

A sentence has value only if it contributes interpretive information about the phrase of interest beyond what is already stated in the statute.

Evaluate each sentence using the following workflow:

STEP 1 — Does the sentence add ANY new interpretive information beyond the statute?

If the sentence:

repeats or paraphrases the statute

quotes the statute verbatim or near-verbatim

is a heading, boilerplate, citation, or procedural note

does not mention or relate meaningfully to the phrase of interest

→ Label: "no value"
→ Stop.

STEP 2 — Does the sentence use the phrase of interest with a different meaning?

If different and unrelated to the statute’s meaning → "no value".
If different but related → "potential value" or "certain value" depending on strength.
Then stop.

STEP 3 — Does the sentence contain explicit elaboration of meaning?

Explicit elaboration includes:

definitions

explanations

positive or negative examples

subsumption (“X is a type of Y”)

contrasts

feature inclusion (“X requires Y”)

feature exclusion (“X does not include Y”)

If yes:

If authored by an interested party/witness → "certain value"

If authored by a court, judge, legislature, agency, or other neutral authority → "high value"

Then stop.

STEP 4 — Does the sentence contain implicit elaboration?

Implicit elaboration includes:

factual scenarios implying boundaries of the term

contextual clues from which meaning can be inferred

comparisons or contrasts that clarify usage

functional descriptions suggesting how the term operates

If none → "potential value" (weak relevance; no direct elaboration).
If implicit elaboration exists:

If from an interested source → "potential value"

If from a neutral source → "certain value"

Then stop.

✅ ADDITIONAL NOTES

Do NOT assign value based solely on topical similarity.

Do NOT treat case outcomes or procedural facts as meaningful unless they clarify the term’s meaning.

Always choose the lowest plausible label when uncertain.

The goal is interpretive usefulness, not relevance to the case as a whole.

  [ID: 55f8514f-afaa-4c09-806a-945d08ccd1af] Reasoning: This sentence discusses the burden of proof regarding industrial versus nonindustrial use but does not provide any new interpretive information about the phrase 'nonindustrial use' itself.
  [ID: ae0ad779-bf3b-49d9-b0f2-54d34b93403e] Reasoning: This sentence mentions the comparison of industrial and nonindustrial use but does not elaborate on the meaning of 'nonindustrial use' itself, thus it does not add interpretive value.
  [ID: e62ca25f-5d07-40fa-819c-5780017a1eec] Reasoning: This sentence refers to the nonindustrial use of a saw but does not provide any definition or elaboration on what constitutes 'nonindustrial use' in a broader context.
  [ID: 1bea7721-57da-4ef8-a978-c91a99d3a407] Reasoning: This sentence outlines regulations related to industrial and nonindustrial uses but does not provide specific interpretive information about 'nonindustrial use' itself.
  [ID: 4c36eb4d-d861-4ae4-aa13-25ab1fb8b55b] Reasoning: This sentence discusses the implications of nonindustrial use on industrial planning but does not clarify or define what 'nonindustrial use' means.
  [ID: 57a6e8ca-530b-4c45-b68a-3ee37fb98290] Reasoning: This sentence addresses the proportional use of equipment in both industrial and nonindustrial contexts but does not provide a definition or elaboration on 'nonindustrial use'.
  [ID: 107f9c44-20d6-49e0-aca5-063914ad3ff0] Reasoning: This sentence discusses restrictive covenants that prohibit nonindustrial uses but does not elaborate on the meaning of 'nonindustrial use' itself.
  [ID: 41490a81-e371-4c7c-91cb-8c6ea84e28b0] Reasoning: This sentence discusses what constitutes 'industrial' use but does not provide any new interpretive information about 'nonindustrial use' itself.
  [ID: 929f3a88-76b9-4edf-82bf-4a911b6c1e04] Reasoning: This sentence lists examples of 'nonindustrial' uses but does not provide any definitions or deeper interpretive context beyond what is already implied in the statute.
  [ID: d03b8583-fc61-4a5b-acab-565b72a09109] Reasoning: This sentence references a specific use case that falls under 'nonindustrial use' but does not elaborate on the meaning of the term itself.
  [ID: 6c6be685-6dc0-4af1-93a5-e5c621913d89] Reasoning: This sentence discusses the availability of goods and services for 'nonindustrial use' but does not clarify or define the term itself.
  [ID: 0e237edb-ee27-4e92-9198-f79dde561cc9] Reasoning: This sentence states that a party does not intend to use something for 'nonindustrial use', but it does not provide any interpretive information about what 'nonindustrial use' means.
  [ID: e84f2b06-8402-4a61-b529-0b6945827eb2] Reasoning: This sentence discusses limitations on 'nonindustrial uses' in a specific zoning context but does not provide a definition or deeper understanding of the term.
  [ID: a4b3bd8e-ad38-4023-a552-f22558e46fca] Reasoning: This sentence mentions 'nonindustrial uses' allowed in a specific zoning context but does not elaborate on the meaning of the term itself.
  [ID: 5e60eaf4-dc2b-4732-8c88-1278c7bd6100] Reasoning: This sentence describes zoning provisions that permit 'nonindustrial uses' but does not provide any interpretive information about the term itself.
  [ID: 25beba6e-fe82-40b9-a2cb-ee60f6d92ec7] Reasoning: This sentence mentions 'nonindustrial uses' in a zoning context but does not clarify or define the term itself.
  [ID: c88dd2ba-0927-4be3-a2d2-ff2a17b967e3] Reasoning: This sentence discusses a violation of zoning ordinances related to 'nonindustrial use' but does not provide any interpretive information about the term.
  [ID: 7004fcc8-3118-4a17-8a7b-aa1dfe6d9024] Reasoning: This sentence references case law regarding 'nonindustrial use' but does not provide any definitions or deeper interpretive context.
  [ID: 6ef0945d-add9-4366-be81-2d5de8c3df3e] Reasoning: This sentence discusses a zoning provision related to 'nonindustrial uses' but does not clarify or define the term itself.
  [ID: 969ecfad-985b-43b4-89eb-f297b1bb5d60] Reasoning: This sentence discusses a zoning violation related to 'nonindustrial use' but does not provide any interpretive information about the term.
  [ID: 22a5c5cc-fad0-4106-9ce0-b84c05a02793] Reasoning: This sentence states that certain 'nonindustrial uses' are not permissible but does not elaborate on the meaning of the term itself.
  [ID: ae28c0bd-6aa8-4fb1-98e1-7787637084e0] Reasoning: This sentence references a case that discusses 'nonindustrial use' but does not provide any definitions or deeper interpretive context.
  [ID: 23c8c542-bd37-440e-9d82-12c077fc6c79] Reasoning: This sentence discusses the burden of proof regarding 'nonindustrial use' but does not clarify or define the term itself.
  [ID: a0d89160-59a0-485d-ab42-73722996adac] Reasoning: This sentence references a case discussing 'nonindustrial use' but does not provide any definitions or deeper interpretive context.
  [ID: 7de66d9e-4164-4ec7-a9b1-fbe4c1cf297c] Reasoning: This sentence discusses a requirement for cities and counties regarding 'nonindustrial uses' but does not provide any interpretive information about the term itself.
  [ID: ec2bbfa0-08b7-48bc-a124-be767001c092] Reasoning: This sentence prohibits new 'nonindustrial uses' but does not elaborate on the meaning of the term itself.
  [ID: 31bb7840-595e-4b54-a42b-15f999df815b] Reasoning: This sentence imposes limitations on 'nonindustrial uses' but does not provide any interpretive information about the term itself.
  [ID: 030cfc2c-7987-418d-92ad-039efe9aac44] Reasoning: This sentence summarizes amendments limiting 'nonindustrial uses' but does not clarify or define the term itself.
  [ID: 0e10c790-ea62-459b-9645-cae85a806a31] Reasoning: This sentence references arguments concerning 'nonindustrial uses' but does not provide any definitions or deeper interpretive context.
  [ID: 6fdba89e-bfa9-46cd-a84e-9c7fc79438ca] Reasoning: This sentence discusses a court's conclusion regarding 'nonindustrial use' but does not clarify or define the term itself.
  [ID: 141f0984-75a8-4771-90b4-6f800ffea103] Reasoning: This sentence references a case discussing 'nonindustrial use' but does not provide any definitions or deeper interpretive context.
  [ID: 8dac1dab-939f-4cf2-b4ea-356e60197367] Reasoning: This sentence states that there has been no showing regarding 'nonindustrial use' but does not clarify or define the term itself.
Method: probabilities | Term: nonindustrial use
NDCG@10: 0.2608241989827188
NDCG@20: 0.3608295785193401
NDCG@40: 0.548631555417066
NDCG@100: 0.548631555417066

----------------------------------------
STDERR:
wandb: Appending key for api.wandb.ai to your netrc file: /Users/alvinwang/.netrc
wandb: Currently logged in as: alvinw2 (alvinw2-carnegie-mellon-university) to https://api.wandb.ai. Use `wandb login --relogin` to force relogin

GPT batches:   0%|          | 0/2 [00:00<?, ?batch/s]
GPT batches:  50%|█████     | 1/2 [00:15<00:15, 15.55s/batch]
GPT batches: 100%|██████████| 2/2 [00:45<00:00, 24.03s/batch]
GPT batches: 100%|██████████| 2/2 [00:45<00:00, 22.76s/batch]
