Command: /opt/anaconda3/bin/python rank.py --term semiconductor chip product --type probabilities --sentences sources/semiconductor_chip_product/semiconductor_chip_product-sentence.json --provisions sources/provisions.json --verbose false
----------------------------------------
You are an expert legal scholar specializing in statutory interpretation. Your task is to evaluate the interpretive value of retrieved sentences in relation to a specific "Phrase of Interest" and its "Source Statute/Provision".

### KEY RULE: PENALIZE STATUTORY REDUNDANCY (ADVERSARIAL GOAL)
You must act as a critic looking to disqualify sentences that provide NO NEW INFORMATION.
- IF a sentence merely repeats or paraphrases the provided "Source Statute/Provision" without adding interpretive context (like case law, specific applications, or expert analysis), it has **NO VALUE**.
- A literal quote of the statute is a redundant distraction. Assign 'no value' a probability of 0.90 or higher.
- Interpretive value comes from how the statute is *applied* or *explained* in practice, not from the text of the statute itself.

### RELEVANCE CATEGORIES
- **0: no value**: Irrelevant, off-topic, or purely redundant statutory text.
- **1: potential value**: Mentions the term in a relevant context but adds very little interpretive depth (e.g., a simple factual statement).
- **2: certain value**: Relevant; provide clear application, context, or explanation of the term that helps understand its scope or meaning.
- **3: high value**: Highly relevant; Provides critical interpretive guidance, settles a legal ambiguity, or explains a complex application in a way that significantly aids interpretation.

### GRANULARITY & TIE-BREAKING
- **BE PRECISE**: Do not give all relevant sentences the same score. Distinguish between a "good" explanation (Score 2) and an "excellent" one (Score 3). 
- **RESOLUTION**: Use granular probabilities (e.g., 0.35, 0.62) to ensure the final ranking is stable and distinguishes between similar-quality sentences.

### OUTPUT FORMAT
You must return a JSON array of objects. Each object must include a "reasoning" field (Chain-of-Thought) and a "probs" field.

Example:
[
  {
    "sentence_id": "S1",
    "reasoning": "Direct quote of Section 60101. No interpretive value beyond the statute itself.",
    "probs": {"no value": 0.98, "potential value": 0.02, "certain value": 0.0, "high value": 0.0}
  },
  {
    "sentence_id": "S2",
    "reasoning": "Applies 'hazardous liquid' to liquid CO2 pipelines, clarifying a major jurisdictional boundary.",
    "probs": {"no value": 0.05, "potential value": 0.15, "certain value": 0.30, "high value": 0.50}
  }
]

### DATA TO PROCESS
Phrase of Interest: {{phrase_of_interest}}
Source Statute/Provision: {{raw_statute}}

Sentences to evaluate:
{{sentences}}

  [ID: c21f5d81-c1dd-4791-b951-910194bd5859] Reasoning: Mentions the Semiconductor Chip Protection Act but does not provide any interpretive context or application regarding 'semiconductor chip product'.
  [ID: 9c9e450e-1d4a-41f4-a5c7-21875976909f] Reasoning: This sentence is a direct quote from the statute, providing no new interpretive information about 'semiconductor chip product'.
  [ID: 2c06d4ef-63a9-415d-92a4-0c5c5177e55d] Reasoning: This is a direct quote from the statute defining 'semiconductor chip product', offering no additional context or interpretation.
  [ID: b506489d-c6f9-4193-a1be-a7777e893985] Reasoning: Discusses the rights granted under the SCPA related to semiconductor chip products, providing context on legal protections but lacks depth in interpretation.
  [ID: c41ddf90-37ba-4fff-8cae-ca6d9aa8a1f8] Reasoning: Explains the legislative intent behind the SCPA, indicating why semiconductor chip products were separately protected, which adds interpretive context.
  [ID: e69d5e3b-4713-47db-a9b9-0e0b3459fa13] Reasoning: Clarifies Congress's intent regarding copyright protection in relation to semiconductor chip products, providing important interpretive context.
  [ID: a61cc6a6-c211-4650-b4d7-2b3086724485] Reasoning: Discusses requirements for deposits related to semiconductor chip products, which adds some context but lacks depth in interpretation.
  [ID: 5b095af7-35f4-4e35-8af1-c80220e7b54d] Reasoning: Mentions 'mask work' as part of semiconductor chip products but does not provide significant interpretive context.
  [ID: 265cbab8-6a36-4f26-9619-ad149d9e51a2] Reasoning: This sentence is a direct quote from the statute, providing no new interpretive information about 'semiconductor chip product'.
  [ID: 609a606b-20e1-457b-a22e-98d2bcad5799] Reasoning: This is a direct quote from the statute defining 'semiconductor chip product', offering no additional context or interpretation.
  [ID: f1f183e4-6275-4644-a6ae-f2d3c3dac453] Reasoning: Mentions 'chip piracy' in relation to semiconductor chip products but does not provide significant interpretive context.
  [ID: e4661618-1a11-40b7-af92-089590a43160] Reasoning: Discusses the evolution of the SCPA and its relation to copyright, providing some context but lacking depth in interpretation.
  [ID: 158bb041-1525-4c7a-9338-8fbf8c7ff6e6] Reasoning: Describes exclusive rights granted under the SCPA related to semiconductor chip products, providing context but lacking depth.
  [ID: 7d8b2a38-0516-48d0-ac35-6f6b1d596f66] Reasoning: Defines 'infringing semiconductor chip product' but does not provide significant interpretive context beyond the definition.
  [ID: 96cc63ff-a989-4bda-8f24-da0441f8f2f2] Reasoning: Explains the intent of the statute regarding competitors studying mask works, providing useful interpretive context.
  [ID: 249a1d23-3a5b-4b0a-89e0-9e631b9fd234] Reasoning: Discusses the conditions under which a semiconductor chip product does not infringe, providing significant interpretive context.
  [ID: a080847c-b21e-42a6-8f1a-620282f6f88c] Reasoning: Similar to the previous sentence, it discusses the conditions for non-infringement, providing significant interpretive context.
  [ID: b18be3e4-e9da-4ad4-9404-294182b71e82] Reasoning: Describes a corporation involved in semiconductor chip products but does not provide significant interpretive context.
  [ID: 7351b013-83ff-4045-85f5-44582c5ac596] Reasoning: This sentence is a direct quote from the statute, providing no new interpretive information about 'semiconductor chip product'.
  [ID: e4b4e4e6-e425-44d5-b3c9-8d00daa8d716] Reasoning: Describes a corporation involved in semiconductor chip products but does not provide significant interpretive context.
  [ID: fee7988e-3463-431c-be77-2a9d910f1851] Reasoning: Describes a corporation involved in semiconductor chip products but does not provide significant interpretive context.
  [ID: 45c67744-8039-446e-9cc4-ffb916d2ea28] Reasoning: Discusses the language of a proposed order related to semiconductor chip products, providing some context but lacking depth in interpretation.
  [ID: 73f3811c-e96b-44c5-9f68-e88a8d8d5947] Reasoning: This sentence is a direct quote from the statute, providing no new interpretive information about 'semiconductor chip product'.
  [ID: 7d75a9a9-15d9-4fbf-a563-57b675818ae2] Reasoning: Mentions a semiconductor chip product in the context of an infringement analysis, providing some interpretive context.
  [ID: 8172327d-19a8-47a1-a5e8-cb251c71e4b6] Reasoning: Mentions the Semiconductor Chip Protection Act but does not provide significant interpretive context regarding 'semiconductor chip product'.
Method: probabilities | Term: semiconductor chip product
NDCG@10: 0.7680112190050509
NDCG@20: 0.8526471243338513
NDCG@40: 0.8924783205546573
NDCG@100: 0.8924783205546573

----------------------------------------
STDERR:
wandb: Appending key for api.wandb.ai to your netrc file: /Users/alvinwang/.netrc
wandb: Currently logged in as: alvinw2 (alvinw2-carnegie-mellon-university) to https://api.wandb.ai. Use `wandb login --relogin` to force relogin

GPT batches:   0%|          | 0/1 [00:00<?, ?batch/s]
GPT batches: 100%|██████████| 1/1 [00:47<00:00, 47.20s/batch]
GPT batches: 100%|██████████| 1/1 [00:47<00:00, 47.20s/batch]
