Command: /opt/anaconda3/bin/python rank.py --term significant property damage --type probabilities --sentences sources/significant_property_damage/significant_property_damage-sentence.json --provisions sources/provisions.json --verbose false
----------------------------------------
You are an expert legal scholar specializing in statutory interpretation. Your task is to evaluate the interpretive value of retrieved sentences in relation to a specific "Phrase of Interest" and its "Source Statute/Provision".

### KEY RULE: PENALIZE STATUTORY REDUNDANCY (ADVERSARIAL GOAL)
You must act as a critic looking to disqualify sentences that provide NO NEW INFORMATION.
- IF a sentence merely repeats or paraphrases the provided "Source Statute/Provision" without adding interpretive context (like case law, specific applications, or expert analysis), it has **NO VALUE**.
- A literal quote of the statute is a redundant distraction. Assign 'no value' a probability of 0.90 or higher.
- Interpretive value comes from how the statute is *applied* or *explained* in practice, not from the text of the statute itself.

### RELEVANCE CATEGORIES
- **0: no value**: Irrelevant, off-topic, or purely redundant statutory text.
- **1: potential value**: Mentions the term in a relevant context but adds very little interpretive depth (e.g., a simple factual statement).
- **2: certain value**: Relevant; provide clear application, context, or explanation of the term that helps understand its scope or meaning.
- **3: high value**: Highly relevant; Provides critical interpretive guidance, settles a legal ambiguity, or explains a complex application in a way that significantly aids interpretation.

### GRANULARITY & TIE-BREAKING
- **BE PRECISE**: Do not give all relevant sentences the same score. Distinguish between a "good" explanation (Score 2) and an "excellent" one (Score 3). 
- **RESOLUTION**: Use granular probabilities (e.g., 0.35, 0.62) to ensure the final ranking is stable and distinguishes between similar-quality sentences.

### OUTPUT FORMAT
You must return a JSON array of objects. Each object must include a "reasoning" field (Chain-of-Thought) and a "probs" field.

Example:
[
  {
    "sentence_id": "S1",
    "reasoning": "Direct quote of Section 60101. No interpretive value beyond the statute itself.",
    "probs": {"no value": 0.98, "potential value": 0.02, "certain value": 0.0, "high value": 0.0}
  },
  {
    "sentence_id": "S2",
    "reasoning": "Applies 'hazardous liquid' to liquid CO2 pipelines, clarifying a major jurisdictional boundary.",
    "probs": {"no value": 0.05, "potential value": 0.15, "certain value": 0.30, "high value": 0.50}
  }
]

### DATA TO PROCESS
Phrase of Interest: {{phrase_of_interest}}
Source Statute/Provision: {{raw_statute}}

Sentences to evaluate:
{{sentences}}

  [ID: 971260b5-286c-4fda-b057-a5309992f5a8] Reasoning: This sentence restates evidence regarding dangerous conduct that could lead to significant property damage, but it does not provide any new interpretive context or application of the term.
  [ID: f4ffed64-2a08-4eae-a7bf-235f9cbbcbc1] Reasoning: This sentence mentions significant property damage in the context of a lawsuit but does not elaborate on the implications or legal standards involved.
  [ID: b080f2b9-e2bb-4c98-ac6e-698dda9a692c] Reasoning: This sentence describes an event causing significant property damage but lacks any legal analysis or context that would enhance understanding of the term.
  [ID: 96aa2404-9bbf-41eb-8a1a-fa0ec8512940] Reasoning: This sentence references a complaint regarding the absence of significant property damage but does not provide any interpretive context or legal implications.
  [ID: db0c8a62-7f8a-4797-814d-b0439ded888e] Reasoning: This sentence describes rioting that resulted in significant property damage but does not provide any legal context or implications.
  [ID: 4881d09c-5fea-4739-b15a-5dd73ba35358] Reasoning: This sentence quotes the Flammable Fabrics Act, which includes the phrase 'significant property damage' but does not add any interpretive value beyond the statute itself.
  [ID: 1a171573-e234-4b6f-ab65-e1607696ffbf] Reasoning: This sentence discusses the necessity of a flammability standard to protect against significant property damage but does not provide additional context or application.
  [ID: a4286e65-95eb-4c22-a5b4-60075903e8ba] Reasoning: This sentence states that non-compliance with a standard causes public harm, including significant property damage, but lacks further interpretive depth.
  [ID: 3525d7e8-bb21-45f5-b1d5-e492957e86c7] Reasoning: This sentence mentions significant property damage in the context of an accident but does not provide any legal analysis or implications.
  [ID: 1ee62c70-351f-4207-8124-adfaeb7119c7] Reasoning: This sentence describes collisions resulting in significant property damage but does not provide any legal context or implications.
  [ID: b6f2a658-b408-4fd3-bb4b-6fc95821f638] Reasoning: This sentence reiterates the requirements for a flammability standard, including significant property damage, but does not add any interpretive value.
  [ID: a89dab8d-8100-437e-ab0c-cedb1c462391] Reasoning: This sentence states a likelihood of significant property damage but does not provide any context or application.
  [ID: 66384614-92be-402d-aa2b-0cfe1dd5a631] Reasoning: This sentence discusses automobile accidents leading to significant property damage but lacks any legal context or implications.
  [ID: 66a1d47c-f5eb-4161-9290-76eea451f46e] Reasoning: This sentence mentions significant property damage in the context of a vehicle accident but does not provide any legal analysis or implications.
  [ID: b2b55312-a605-4451-adaf-e804eb764f0c] Reasoning: This sentence references a method for investigating significant operational mishaps but does not provide any legal context or implications.
  [ID: 744430a6-6ffc-4e11-96a1-a5b4b67f0242] Reasoning: This sentence states that Marlow suffered significant property damage but does not provide any context or legal implications.
  [ID: 3dd9d7e3-c1f7-498b-93db-77a87484a90e] Reasoning: This sentence discusses the possibility of upward departure in sentencing due to significant property damage but lacks further context or application.
  [ID: d8ae922f-35cc-4fa2-a9b0-fd4cfec7819a] Reasoning: This sentence quotes the statute verbatim, providing no new interpretive context or application.
  [ID: 738abae2-2818-4995-a72f-f2f3d9b55ff7] Reasoning: This sentence describes rioting that resulted in significant property damage but does not provide any legal context or implications.
  [ID: 603e688c-2b83-4121-b5fe-4c8fc460e185] Reasoning: This sentence describes a crash landing resulting in significant property damage but does not provide any legal context or implications.
  [ID: a9c55e20-76bf-49ad-89e1-35469e2bd259] Reasoning: This sentence describes a fire causing significant property damage but does not provide any legal context or implications.
  [ID: 4faf3c45-7a28-4b59-a398-a82fcf19d160] Reasoning: This sentence states that an offense resulted in significant property damage but does not provide any legal context or implications.
  [ID: d3ec289f-b963-4555-8b5d-6d45fb32ce90] Reasoning: This sentence describes a fire causing significant property damage but does not provide any legal context or implications.
  [ID: aab8c9b4-dd87-4fe7-82fc-d5c6c9d2435d] Reasoning: This sentence describes a fire causing significant property damage but does not provide any legal context or implications.
  [ID: cb95b4e1-1177-43e3-8bca-a9e15a826dda] Reasoning: This sentence states a likelihood of significant property damage but does not provide any context or application.
  [ID: 5921f674-981b-4ed4-9ecc-d829768c4b69] Reasoning: Describes an event causing significant property damage but does not provide any legal context or application related to the statute.
  [ID: e63a32b9-851f-469d-8cb9-6f39c0b02e25] Reasoning: Mentions significant property damage in the context of an accident but lacks interpretive depth or legal analysis.
  [ID: 1bddd990-005e-4a65-a58f-25803fc1e7a3] Reasoning: Discusses significant property damage and settlements, but does not connect this to the legal framework or implications of the statute.
  [ID: 7b819a34-f89b-43e8-a07a-a124174c1555] Reasoning: Mentions significant property damage in a factual context without providing legal interpretation or relevance to the statute.
  [ID: 222daf19-8bf3-4b8c-9d78-281fa83e5628] Reasoning: States that a tenant suffered significant property damage due to a fire, but lacks any legal context or application to the statute.
  [ID: 254c3222-8fd3-4cfd-905c-a95e25f04f27] Reasoning: Describes an incident causing significant property damage but does not provide any legal analysis or connection to the statute.
  [ID: b9ad1943-903b-4b50-8b99-4a4ef7bac982] Reasoning: Mentions significant property damage and lost income but does not elaborate on legal implications or context.
  [ID: d4ebac40-c99d-4a38-9216-07427468cc4d] Reasoning: States that a collapse caused significant property damage but lacks any legal context or relevance to the statute.
  [ID: 037333e3-e0c6-4155-b950-aabd578c630a] Reasoning: Discusses discretion related to significant property damage but does not provide a clear legal interpretation or application.
  [ID: eb83ef3a-d7ed-4b1f-92c2-62250a520bdf] Reasoning: Interprets a regulation in relation to significant property damage but lacks depth in legal analysis.
  [ID: 44405200-696d-4bc9-b2c4-2e6e73bdf62c] Reasoning: Discusses prohibiting actions based on the potential for significant property damage but lacks a strong legal framework.
  [ID: 3ce32da9-a01c-4649-8572-ff5e60acfef9] Reasoning: Describes an event causing significant property damage but does not connect it to the legal implications of the statute.
  [ID: 61cb47e0-a41c-4f52-a921-3ac46938ab26] Reasoning: Directly quotes the statute, providing no new interpretive context or application.
  [ID: 389001d3-8b9a-464b-a111-b6ce6fe14bed] Reasoning: Mentions significant property damage in a factual context without legal interpretation or relevance to the statute.
  [ID: 152e797e-fba1-408b-99c9-75b0d1778aa5] Reasoning: References significant property damage in a sentencing context but lacks depth in legal analysis.
  [ID: 8711ca6b-22e2-4e26-af33-8cfe3bb0f610] Reasoning: Mentions significant property damage in the context of regulations but does not provide a clear legal interpretation.
  [ID: eb925e3f-0962-4a2a-a4b3-d0d7c0431a79] Reasoning: Describes a fire causing significant property damage but does not connect it to the legal implications of the statute.
  [ID: 2b7e6022-da17-4eca-8598-fa467cd924ec] Reasoning: Mentions significant property damage due to a roof collapse but lacks any legal context or application to the statute.
  [ID: 05763c2a-e2ef-4251-a644-326a295f5352] Reasoning: Describes landslides causing significant property damage but does not provide legal context or relevance to the statute.
  [ID: 261c6351-8292-4a52-a8fc-6bcbf2956c14] Reasoning: Mentions significant property damage in a factual context without legal interpretation or relevance to the statute.
  [ID: 9e9f5ee9-6c4c-435c-8d3b-92b0fe6503d0] Reasoning: Describes significant property damage to personal property but lacks any legal context or application to the statute.
  [ID: 6b15bb66-a871-4b6d-ada5-c4961f6f4cf2] Reasoning: Mentions significant property damage in a factual context without legal interpretation or relevance to the statute.
  [ID: 150cfc21-639a-4e27-b071-c7f5194184c6] Reasoning: Describes significant property damage suffered by the Red Cross but does not provide legal context or application.
  [ID: 21acccbc-2f10-4b98-8ec5-bd005f3ee9b2] Reasoning: Mentions significant property damage due to a capsizing incident but lacks any legal context or application to the statute.
  [ID: 75933177-d977-41ef-b4da-e77fdb61928a] Reasoning: Discusses conduct likely to cause significant property damage but does not provide a clear legal interpretation or application.
  [ID: f9dfad2d-d57f-4d08-a58c-d2f60de91061] Reasoning: This sentence discusses emotional distress and the risk posed by driving under the influence, but it does not provide any new interpretive context regarding 'significant property damage' beyond its mention.
  [ID: c66385ea-e16d-4ad9-b2b1-7ea0d330af36] Reasoning: The sentence mentions the potential for significant property damage due to the dam's failure but lacks further context or analysis that would enhance understanding of the term.
  [ID: 76787b09-d5e1-4a3c-b735-52077b6c3829] Reasoning: This sentence describes an incident causing significant property damage but does not provide any interpretive context or legal analysis related to the term.
  [ID: 7ff13198-5e6b-4e2c-a322-14df76175cad] Reasoning: The sentence discusses a lawsuit resulting from significant property damage but does not elaborate on the implications or legal interpretations of the term.
  [ID: 06e0461f-23d9-426f-b037-72193b825d78] Reasoning: This sentence mentions significant property damage resulting from a wildfire but lacks any interpretive depth or context that would aid in understanding the term.
  [ID: e19f237e-7fcc-429a-ac0f-0bd2db3abb5e] Reasoning: The sentence describes a lawsuit related to significant property damage but does not provide any additional context or analysis that would enhance understanding.
  [ID: 95580e78-9897-41d9-a0dd-9aba3bf0c131] Reasoning: This sentence refers to an insurance settlement involving significant property damage but does not provide further interpretive context.
  [ID: 75282251-7099-4419-b432-29489b152d95] Reasoning: The sentence discusses a letter asserting the possibility of significant property damage but does not provide any interpretive context or legal analysis.
  [ID: 897eda27-9c16-4c94-ace1-970228640035] Reasoning: This sentence describes the impact of Hurricane Ivan, mentioning significant property damage but lacks any interpretive depth.
  [ID: 79576f17-b910-4c82-a824-57953825db7e] Reasoning: The sentence discusses flooding causing significant property damage but does not provide any additional context or analysis.
  [ID: f9576613-8bf1-4b41-bc2d-a0a2354ed800] Reasoning: This sentence speculates on jury perceptions regarding significant property damage but does not provide substantive interpretive context.
  [ID: 86a84e55-555d-447a-91bc-767a60fb3241] Reasoning: The sentence discusses a legal requirement related to significant property damage but does not provide further interpretive context.
  [ID: 65b6f816-d4fb-4894-8885-8c6a9b9f33d1] Reasoning: This sentence mentions a significant property damage loss but does not provide any additional context or analysis.
  [ID: 6286a85d-8f20-42ce-bf01-0b202793b7aa] Reasoning: The sentence discusses a relationship between property damage and injury but does not provide substantive interpretive context.
  [ID: 32d966cb-6a4f-4ac3-8dde-8989531454b7] Reasoning: This sentence discusses sentencing in relation to significant property damage but lacks further interpretive depth.
  [ID: 31ba92c7-12c2-4f96-a65b-b357d5efbc75] Reasoning: The sentence states that significant property damage occurred but does not provide any additional context or analysis.
  [ID: 0091af8b-cb2a-4672-9ad0-5df681a401ab] Reasoning: This sentence describes a case involving significant property damage but does not provide any interpretive context.
  [ID: 85866962-f14a-4c7e-b988-c58ce45472a4] Reasoning: The sentence discusses the impact of hurricanes on property damage but does not provide any additional interpretive context.
  [ID: 7b730938-9350-4edb-a507-3975d9022b1d] Reasoning: This sentence mentions a fire causing significant property damage but lacks any interpretive depth.
  [ID: 1da0b776-fce6-4c5d-bce2-27bfaeb94651] Reasoning: The sentence states that a fire caused significant property damage but does not provide any additional context or analysis.
  [ID: 1e15b966-d311-4749-a3a5-abee9aa2b3cf] Reasoning: This sentence discusses the basis for a construction ban related to significant property damage but does not provide further interpretive context.
  [ID: 0c20f76b-da19-438e-a486-9993baffcb26] Reasoning: The sentence references a case where no significant property damage occurred but does not provide any additional context or analysis.
  [ID: 93e527ef-a3ee-4bb1-b393-9a42ecc33e2e] Reasoning: This sentence discusses the potential for significant property damage but lacks any interpretive depth or context.
  [ID: 375fdc3c-d390-46de-a0d7-7e3b6d8c37d2] Reasoning: The sentence states that no significant property damage occurred but does not provide any additional context or analysis.
  [ID: 4dd5a154-d31f-4f6e-a6c0-a7f35feedd23] Reasoning: This sentence discusses the severity of violations in relation to significant property damage but does not provide further interpretive context.
  [ID: e686279a-c05e-499f-a74a-a621dbf33651] Reasoning: Describes a specific incident of significant property damage due to a natural gas fire, providing context for the term's application.
  [ID: 525f2646-0906-4db8-92fc-03936b4717b6] Reasoning: Mentions significant property damage but lacks detail or context about the incident, providing minimal interpretive depth.
  [ID: 2ffaa415-f254-48e1-ba9c-3534017617f7] Reasoning: Discusses significant property damage exposure in a construction contract, providing context for how the term is applied in legal claims.
  [ID: 2551b2ce-ee82-4640-976b-8e62f1796cba] Reasoning: References significant property damage in conjunction with serious bodily injury, but lacks specific context or application.
  [ID: 24fdcf95-7811-48f2-a925-6b6f85a5c6d3] Reasoning: Links significant property damage to a mental health assessment, providing a unique context for the term's application.
  [ID: 03cbce5b-bedf-44e2-afc8-16966363a096] Reasoning: Repeats the phrase without additional context or application, thus providing no interpretive value.
  [ID: f0446c8f-f793-41e8-ab34-422813e94ef2] Reasoning: Discusses potential convictions related to significant property damage, indicating legal implications but lacking specific context.
  [ID: 3416a7b2-d9a2-421c-9434-88e2e9fa5282] Reasoning: Describes a counterclaim involving significant property damage, providing context for its legal implications.
  [ID: 01a366d5-2ed6-4619-80aa-bf84d587167d] Reasoning: Discusses the implications of recognizing a cause of action for significant property damage claims, providing interpretive context.
  [ID: 87937267-260f-415f-b7f2-d9fbdafd08fe] Reasoning: Describes a specific incident where significant property damage occurred due to faulty work, providing context for the term's application.
  [ID: eb1e9c23-609a-4f97-b0ab-dfe92c6d6503] Reasoning: Details the consequences of a system's failure leading to significant property damage, providing context for its application.
  [ID: db1f05a8-f90c-4c98-a652-59bdb31e069a] Reasoning: Describes a trial establishing significant property damage due to a criminal act, providing context for legal implications.
  [ID: 955727ff-ab6a-4e57-8289-f38ccd761dfb] Reasoning: Cites a court ruling regarding significant property damage caused by a fire truck, providing legal context and implications.
  [ID: 3f8e79f5-0c2f-498c-b622-6d2a92df2e70] Reasoning: Discusses the government's responsibility for significant property damage due to a dam, providing context for legal accountability.
  [ID: 941a25b8-bb36-4805-bd77-8ae797bf1041] Reasoning: Describes a collapse causing significant property damage, providing context for the term's application in a specific incident.
  [ID: 4d0b3536-7b0b-49b8-b63b-18b1eba44f0e] Reasoning: Describes a fire causing significant property damage to a building, providing context for the term's application.
  [ID: 3df1c798-4a98-40ff-86ed-b903ddfdf315] Reasoning: Mentions significant property damage without context or application, providing minimal interpretive depth.
  [ID: 7cbc4cb7-e5e4-406f-bc6c-c61de790f357] Reasoning: Discusses regulations related to significant property damage in public transportation accidents, providing context for legal implications.
  [ID: cb5c4d13-0924-4027-a827-30251e629d06] Reasoning: Discusses public policy concerns regarding significant property damage claims, providing context for legal implications.
  [ID: 54f4f204-259e-40f5-a978-4addb7c2a819] Reasoning: Describes a collision causing significant property damage, providing context for the term's application.
  [ID: 1134abed-ccc2-4dc4-ab8e-02bc93947704] Reasoning: Describes a criminal act leading to significant property damage, providing context for legal implications.
  [ID: 0d1cbab1-92f0-4ecd-b048-4199b66fada8] Reasoning: Mentions significant property damage in the context of accident investigations, providing some interpretive context.
  [ID: b9668b46-2b42-433e-a5eb-6079304a1115] Reasoning: Mentions significant property damage in a vague context of an argument, providing minimal interpretive depth.
  [ID: fdc7080f-f60e-45af-80b5-05eb18de504c] Reasoning: This sentence repeats the phrase 'significant property damage' without providing any additional context or application.
  [ID: f51c15a7-17c4-4b27-9bb2-c7bfe47903fc] Reasoning: This sentence discusses a risk of causing significant property damage due to mental illness, but it does not provide a legal context or application of the term.
  [ID: a5f994db-6e3a-4834-b27f-5b0c41fde1c4] Reasoning: This sentence states that there was significant property damage but lacks any legal context or implications.
  [ID: 0db6bf6b-c98a-4e76-9a82-0851333b45a] Reasoning: This sentence is a repeat of a previous one, providing no new information or context regarding significant property damage.
  [ID: a66605b9-9170-484a-9867-784c366d84e0] Reasoning: This sentence is identical to the previous one, offering no new insights or context.
  [ID: 15cd3236-4764-4be0-ad35-0c578ca8cc20] Reasoning: This sentence mentions significant property damage to a business establishment but does not elaborate on the legal implications or context.
  [ID: f5b93012-fc1d-42d1-acb1-5882f88a88e9] Reasoning: This sentence provides specific examples of significant property damage resulting from a breach of contract, adding context to the term.
  [ID: 513bceaa-7547-4828-82cb-f3439b10e865] Reasoning: This sentence connects significant property damage to a specific incident involving a fire, providing context for the term.
  [ID: 3d6cc6f4-bf5a-4273-aca3-b1f7d64bd8cf] Reasoning: This sentence details a specific incident of significant property damage due to a valve failure, providing context and implications.
  [ID: a25d4a74-a61d-4d45-b253-22f74a9a901c] Reasoning: This sentence describes significant property damage caused during installation, providing context for the term.
  [ID: 6028ad81-08f8-4c28-bfe0-8f570dbd4d22] Reasoning: This sentence discusses significant property damage resulting from a failure of glass panels, providing context and implications.
  [ID: c999ca81-ba33-442e-871c-39edbe91b8ef] Reasoning: This sentence describes significant property damage caused by frozen water pipes, providing context for the term.
  [ID: aaf4c3a3-860e-43c4-8479-d4e88ee7fb52] Reasoning: This sentence is a repeat of a previous one, providing no new information or context regarding significant property damage.
  [ID: 18d1f9e2-a815-4b27-8a58-86374afaa4de] Reasoning: This sentence is a repeat of a previous one, providing no new information or context regarding significant property damage.
  [ID: 68b495c9-88c5-4d45-94e9-90b9b65e0d07] Reasoning: This sentence is a repeat of a previous one, providing no new information or context regarding significant property damage.
  [ID: 052403b2-1782-4582-a703-946fc7506ddd] Reasoning: This sentence is a repeat of a previous one, providing no new information or context regarding significant property damage.
  [ID: 6c9017ca-fbb8-442c-8672-e2bf970cb7f2] Reasoning: This sentence is a repeat of a previous one, providing no new information or context regarding significant property damage.
  [ID: dff0c63a-8c4e-4e55-810e-58e70fdd3865] Reasoning: This sentence describes various acts leading to significant property damage but lacks legal context or implications.
  [ID: ba5c2d2a-f4ec-42a2-b3d5-5fd5572ef272] Reasoning: This sentence discusses a hypothetical statute related to significant property damage but lacks concrete application or context.
  [ID: 6ab9a904-beef-4579-9b57-62e4269384d5] Reasoning: This sentence discusses significant property damage in relation to insurance policies, providing some context but lacking depth.
  [ID: c6f98d48-9ab5-43c9-a9a2-dfa08c381b45] Reasoning: This sentence describes specific significant property damage but does not provide legal context or implications.
  [ID: c5482a7b-e38a-4e32-aa12-8fcc10625dd8] Reasoning: This sentence discusses significant property damage in the context of a legal ruling but lacks specific application or implications.
  [ID: 25534223-2f03-4d8c-ac5f-9931416b590c] Reasoning: This sentence discusses the potential for significant property damage under a legal framework but lacks concrete examples or applications.
  [ID: 635e3f83-2584-4485-a543-3fe5fc76943a] Reasoning: This sentence describes significant property damage caused by a discharge of toxic effluent, providing context and implications.
  [ID: f84a6ab4-7819-464b-a752-6d7f12d2a1b5] Reasoning: Mentions significant property damage in the context of cross-burnings but does not provide any legal context or application.
  [ID: 7448b068-3d58-4801-8cce-df13ebbce8ff] Reasoning: States that there was significant property damage without any additional context or legal implications.
  [ID: 311d883f-3e03-4f38-89e6-e8c69ff0551b] Reasoning: Indicates a correlation between significant property damage and physical injury but lacks depth in legal interpretation.
  [ID: 1ebf280e-6263-4ecf-8bc8-ccc598506448] Reasoning: Cites an expert opinion regarding the risk of significant property damage but does not elaborate on legal standards or implications.
  [ID: 6a71bda9-d6da-4f25-92f6-9f6ae3471015] Reasoning: Describes a specific incident causing significant property damage but lacks broader legal context or implications.
  [ID: bc87b018-99d5-4a9c-92a2-f74242ca7c0a] Reasoning: Links significant property damage to notable incidents but does not provide legal analysis or implications.
  [ID: d0a20ca9-eb2c-4106-b7bf-5d30afb32838] Reasoning: Describes a prison disturbance resulting in significant property damage but lacks legal context or implications.
  [ID: 52e61330-abdb-419e-9470-42ff6b6e6ada] Reasoning: Mentions significant property damage in the context of a legal guideline but does not elaborate on its application.
  [ID: 71fcdc82-74f6-4f89-a348-6fdcf6633b9d] Reasoning: Discusses legal obligations related to accidents involving significant property damage but lacks depth in interpretation.
  [ID: 0f82db87-d9ff-4519-86f5-9a19a10ebd77] Reasoning: Describes a specific incident of significant property damage but does not provide legal context or implications.
  [ID: 1a7aed99-c565-4e70-b2aa-fe26d4d68b17] Reasoning: Describes a claim of significant property damage but lacks legal context or implications.
  [ID: 2a11a001-daef-4fbe-ba24-ab046cc9f5da] Reasoning: Mentions significant property damage in a specific incident but does not provide legal context or implications.
  [ID: 4397a2dd-01c8-4533-9d15-0b23e7df2cba] Reasoning: States there was no significant property damage, providing no interpretive value.
  [ID: 55fa4e2a-fa10-4605-8204-6ed8d9b58231] Reasoning: Describes incurred significant property damages but lacks legal context or implications.
  [ID: f2e9ae68-b610-46cd-b19c-7b9aa52ce7f4] Reasoning: Directly quotes the statute, providing no new interpretive value.
  [ID: 7dac1144-9e07-4c88-ad77-cddbb274355d] Reasoning: Directly quotes the statute, providing no new interpretive value.
  [ID: d3d63bf0-6ee8-4db7-b7e7-42227e407042] Reasoning: Directly quotes the statute, providing no new interpretive value.
  [ID: 9d6e8174-025b-428e-b056-c79bb1a6ba14] Reasoning: Mentions lack of significant property damage in a legal context but does not provide depth in interpretation.
  [ID: f80ae686-ad1f-4516-8b97-d2625597c2c6] Reasoning: Describes a failure leading to significant property damage but lacks legal context or implications.
  [ID: 7467bb82-8c0d-43fc-9972-262c04a10c4a] Reasoning: Mentions significant property damage in the context of sentencing guidelines but lacks depth in legal interpretation.
  [ID: 8b09834c-bc2a-431d-b714-bf5cd790ecd8] Reasoning: States that significant property damage is not an important factor in the case but lacks legal context or implications.
  [ID: 1180376b-e104-4be3-b375-4433c9adbc62] Reasoning: Describes significant property damage in a specific incident but does not provide legal context or implications.
  [ID: 80888bfd-94b8-4421-9be7-28e72b6cc2f4] Reasoning: Speculates on potential significant property damage from an automobile accident but lacks legal context or implications.
  [ID: d30e2d03-e8ed-4fac-8afe-e1951863d298] Reasoning: Describes an explosion causing significant property damage but does not provide legal context or implications.
  [ID: 81232d7f-e466-4608-ae80-06b42607ebe5] Reasoning: Describes a claim of significant property damage due to exposure to toxic mold but lacks legal context or implications.
  [ID: 86229cee-e04f-43b3-9aa9-53e39e851046] Reasoning: Mentions significant property damage suits but does not provide any context or application related to the statute.
  [ID: 87ac6911-ee0f-45d3-8414-e3dc96d8224b] Reasoning: Describes a specific incident of significant property damage but lacks broader interpretive context or legal implications.
  [ID: e7ea0334-78e1-423f-8f51-0636ec2de1b1] Reasoning: Details a personal claim of significant property damage but does not connect to legal standards or implications.
  [ID: 2b4a914b-671b-4de1-bd3f-5cb018b24938] Reasoning: Describes the impact of Hurricane Sandy, but does not provide legal context or implications regarding significant property damage.
  [ID: a7046253-0aa3-41fc-80b8-a3b80e9a0421] Reasoning: Describes a specific accident resulting in significant property damage but lacks broader legal context or implications.
  [ID: a6e4e37c-7c90-4ea8-ba3f-285efa2b38a3] Reasoning: Discusses a complaint alleging significant property damage but does not provide legal context or implications.
  [ID: 6711a93e-50e3-4596-a5b8-c14e315e935b] Reasoning: Mentions significant property damage in a context of criminal behavior but lacks legal analysis or implications.
  [ID: 1cfae642-6478-410b-801e-4cfec2dd32ac] Reasoning: Describes the effects of acid exposure leading to significant property damage but lacks legal context or implications.
  [ID: a4ede909-646e-45bf-968e-0f37a387f88d] Reasoning: Cites a police letter regarding potential significant property damage but does not provide legal context or implications.
  [ID: a247872f-5b12-4c91-8bbf-c0c219c603b0] Reasoning: Mentions significant property damage but lacks context or legal implications.
  [ID: ad347276-9394-4c34-b4bc-80c4e3534fd0] Reasoning: Links significant property damage to substance use tests but does not provide deeper legal context or implications.
  [ID: e908a02a-17ab-450f-bee8-07f9c366c2f1] Reasoning: Describes a fire and explosion resulting in significant property damage but lacks legal context or implications.
  [ID: d5eb03b2-e6b6-4ab5-b12e-a39744543316] Reasoning: Discusses flood control and potential significant property damage but lacks legal context or implications.
  [ID: 98ef0638-945b-4d50-be18-97bc915c9b43] Reasoning: Mentions significant property damage due to a fire but lacks broader legal context or implications.
  [ID: 95fb0e37-88b9-4840-9948-2fa8683ab132] Reasoning: Describes water damage as significant property damage but lacks legal context or implications.
  [ID: 6ef700c8-f33d-469f-833e-768f76b20a4c] Reasoning: Mentions significant property damage from a fire but lacks broader legal context or implications.
  [ID: 007815e8-795d-4c87-97c0-c9d0b1ce80b3] Reasoning: Links significant property damage to drug testing requirements but lacks deeper legal context or implications.
  [ID: c558acec-7754-48d8-8313-8173a5443349] Reasoning: Describes a collision resulting in significant property damage but lacks broader legal context or implications.
  [ID: a5b368c8-7d9d-491d-90fe-a861e18e421d] Reasoning: Mentions significant property damages in the context of testing thresholds but lacks deeper legal context or implications.
  [ID: 0b9a8e35-1ed8-477c-9a1b-52cfcb2501af] Reasoning: Discusses the potential for significant property damage but lacks legal context or implications.
  [ID: b889763b-aebb-4e01-af0a-3544023e2d05] Reasoning: Describes flooding causing significant property damage but lacks broader legal context or implications.
  [ID: 14208513-4fb4-4e9b-b965-e582fe997228] Reasoning: Mentions significant property damage due to defective wiring but lacks broader legal context or implications.
  [ID: 0fcadd5c-1005-43aa-a0ad-d0549f932b91] Reasoning: Describes significant property damage caused by the SPCA but lacks legal context or implications.
  [ID: aae02093-589a-4f7c-a03e-199edf1dad9a] Reasoning: States that significant property damage often involves physical injury but lacks specific legal context or implications.
  [ID: 37d6131e-beca-454a-b771-3a58b65ff4ac] Reasoning: Mentions significant property damage in the context of maintenance obligations but lacks deeper legal context or implications.
  [ID: 7b96d9a1-20d8-41ec-8c65-820292160e24] Reasoning: Describes a specific incident of significant property damage but does not provide any legal context or interpretation.
  [ID: 54ebe509-cedc-4dd5-8a2f-a3a0464ec03b] Reasoning: Mentions significant property damage in the context of a crime but lacks deeper legal analysis or implications.
  [ID: 7c54b133-fa7b-4993-878c-34a47f5502c9] Reasoning: Refers to a specific case of significant property damage but does not elaborate on its legal significance or context.
  [ID: 1aaf0f40-332c-47c7-b050-7b076bb60f84] Reasoning: States there was no significant property damage in an accident, but does not provide any interpretive context.
  [ID: 098e4561-9e5b-4d17-ac82-b071a86c77ff] Reasoning: Mentions significant property damage in a broader context of multiple incidents but lacks specific legal interpretation.
  [ID: 0922763d-d4bc-4400-8796-9d153517e876] Reasoning: States that both accidents resulted in significant property damages but does not provide further legal context.
  [ID: 4db1d1dc-845c-417e-90f3-e264c8b71581] Reasoning: Links significant property damage to eviction criteria but does not elaborate on the legal implications.
  [ID: 77da003b-d50d-43f7-b710-d49fbbf0068f] Reasoning: Similar to the previous sentence, it connects significant property damage to eviction but lacks depth.
  [ID: ceb8357a-97a7-4648-8ddc-a2fd974ad98c] Reasoning: Mentions significant property damage to automobiles but does not provide any legal context or implications.
  [ID: a2334253-2197-446d-ac73-89275eab675f] Reasoning: Describes significant property damage caused by fires but lacks legal analysis or context.
  [ID: 9b46c2ba-f091-4abd-9d1c-d5a08562a65d] Reasoning: States that Apex suffered significant property damage but does not provide further context or legal implications.
  [ID: 1cf3b2f7-7d0d-4522-a92e-8479d1d85ff6] Reasoning: Discusses the need for stating facts regarding significant property damage but lacks depth in legal interpretation.
  [ID: b79a32d2-90cc-4526-bfa8-481f54adfe6b] Reasoning: Describes a specific incident causing significant property damage but does not provide legal context.
  [ID: 73c30823-ad3e-49ef-8724-d018b46db733] Reasoning: Details a malfunction leading to significant property damage but lacks legal analysis or implications.
  [ID: d113da2a-9594-401d-ae0c-d5ca564a9c4a] Reasoning: Mentions significant property damage in a policy context but does not provide deeper legal interpretation.
  [ID: 0cf5b1f1-26b8-4dc4-aada-e7d23afe0e04] Reasoning: Describes a significant incident causing property damage but lacks legal context or implications.
  [ID: b8852192-6e8f-403d-ba0b-073fb0cd8fd1] Reasoning: Discusses the potential for significant property damage but does not provide legal context or implications.
  [ID: 7c658a99-3543-4c03-a15e-09f94e4ae69b] Reasoning: Mentions that no significant property damage occurred but lacks further legal context.
  [ID: f35976a2-094f-4236-b132-69539bd3e89e] Reasoning: Claims significant property damage due to water leaks but does not provide legal context or implications.
  [ID: 98664c9c-9ddf-455e-8da5-675b8f95eb56] Reasoning: Repeats the phrase in a legal context but does not provide any new interpretive value.
  [ID: 2ae1190e-6e6b-43f1-bc88-55cf683598c3] Reasoning: Similar to the previous sentence, it repeats the phrase without adding interpretive value.
  [ID: 3f38edd7-902c-40c1-af30-4f62f4f200fe] Reasoning: Again, this sentence merely repeats the phrase without providing any new context or interpretation.
  [ID: 86b9855e-99b0-4634-9293-06816ac5ad5e] Reasoning: Cites a statute that includes the phrase but does not provide any interpretive context or application.
  [ID: 70cdd222-f9f2-4ee3-8d28-e7e862282ced] Reasoning: Repeats the phrase without any additional context or legal interpretation.
  [ID: 252846b6-0fa8-43df-bd03-a7e0b0a74b51] Reasoning: Similar to the previous sentence, it merely repeats the phrase without adding any interpretive value.
  [ID: e857fbab-4f56-42b7-b057-54b538692e8e] Reasoning: This sentence repeats the phrase 'significant property damage' without providing any additional context or application.
  [ID: 886ff7b2-d3a7-4323-a576-3f6a96abd8ad] Reasoning: While it mentions 'significant property damage', it does so in a context that is largely redundant and does not add interpretive depth.
  [ID: 17916f3a-f08e-45ef-b928-b54eafa3d670] Reasoning: This sentence also repeats the phrase without providing any new interpretive context or application.
  [ID: 95ce4ef3-9028-42ff-ad32-a42b878c992b] Reasoning: This is a direct repetition of the phrase 'significant property damage' without any additional context or application.
  [ID: 2946f9e3-7168-4877-8e42-bb01a8c71b36] Reasoning: This sentence provides a specific context where significant property damage occurred during an inmate takeover, adding interpretive value by illustrating a real-world application.
  [ID: ac55ab40-219e-4cfd-beb1-8f8992d3b8c6] Reasoning: This sentence is another repetition of the phrase without any new context or application.
  [ID: b1ba56eb-8b36-4ba2-8af5-3c5567beac54] Reasoning: This sentence is a direct repetition of the phrase 'significant property damage' without any additional context or application.
  [ID: 5352af91-b779-44ae-90c4-8b5c8b925a3a] Reasoning: This sentence is another repetition of the phrase without any new context or application.
  [ID: 091c1b58-f588-4d8a-8d59-79f8ca82cf34] Reasoning: This sentence discusses the likelihood of significant property damage occurring, providing a context that helps understand the implications of the phrase.
  [ID: 58dd9e87-d642-4607-bd6b-e8bfeda62b12] Reasoning: This is a direct repetition of the phrase 'significant property damage' without any additional context or application.
  [ID: 49e901cb-ae0a-4fb2-971f-6b0f4d54584c] Reasoning: This is a direct repetition of the phrase 'significant property damage' without any additional context or application.
  [ID: d31ceaf2-315d-40f0-a043-a0767aa9bee7] Reasoning: This is a direct repetition of the phrase 'significant property damage' without any additional context or application.
  [ID: 6c4464d4-ceec-4219-bc52-6a8467fa53e9] Reasoning: This is a direct repetition of the phrase 'significant property damage' without any additional context or application.
  [ID: a5d37276-68a2-4c6b-8454-3e417e57ee22] Reasoning: This is a direct repetition of the phrase 'significant property damage' without any additional context or application.
  [ID: 7f282b20-59f7-47a5-b575-258b495f7c35] Reasoning: This is a direct repetition of the phrase 'significant property damage' without any additional context or application.
  [ID: b2bd7a58-ccf3-431e-be00-659dc7447ebb] Reasoning: This is a direct repetition of the phrase 'significant property damage' without any additional context or application.
  [ID: 38baffa3-61a9-4b20-be8f-e514245a6146] Reasoning: This is a direct repetition of the phrase 'significant property damage' without any additional context or application.
  [ID: f16768c7-38ba-470b-854a-f4a63f728ddc] Reasoning: This is a direct repetition of the phrase 'significant property damage' without any additional context or application.
  [ID: c87f6c31-cef8-4947-bee2-0358b8aeafe0] Reasoning: This is a direct repetition of the phrase 'significant property damage' without any additional context or application.
  [ID: c19533e6-91fb-4322-8c85-2eb748e1ea98] Reasoning: This is a direct repetition of the phrase 'significant property damage' without any additional context or application.
  [ID: a3a3afc0-6585-4301-8f9e-c5514b93a4e9] Reasoning: This is a direct repetition of the phrase 'significant property damage' without any additional context or application.
  [ID: 9fe32c65-4489-459a-b0c1-7139b691432c] Reasoning: This is a direct repetition of the phrase 'significant property damage' without any additional context or application.
  [ID: cf0f71fb-9889-4075-b1fd-819fdac33e5b] Reasoning: This is a direct repetition of the phrase 'significant property damage' without any additional context or application.
  [ID: 957b7ef1-d851-492e-ad88-b25a384bac0b] Reasoning: This is a direct repetition of the phrase 'significant property damage' without any additional context or application.
  [ID: e7d2ee65-2f0f-4be9-9852-59c01eca980f] Reasoning: This is a direct repetition of the phrase 'significant property damage' without any additional context or application.
Method: probabilities | Term: significant property damage
NDCG@10: 0.5961792811860651
NDCG@20: 0.589861515063073
NDCG@40: 0.7012505426238435
NDCG@100: 0.7761955687999877

----------------------------------------
STDERR:
wandb: Appending key for api.wandb.ai to your netrc file: /Users/alvinwang/.netrc
wandb: Currently logged in as: alvinw2 (alvinw2-carnegie-mellon-university) to https://api.wandb.ai. Use `wandb login --relogin` to force relogin

GPT batches:   0%|          | 0/9 [00:00<?, ?batch/s]
GPT batches:  11%|█         | 1/9 [00:26<03:33, 26.71s/batch]
GPT batches:  22%|██▏       | 2/9 [00:34<01:49, 15.70s/batch]
GPT batches:  33%|███▎      | 3/9 [00:35<00:52,  8.69s/batch]
GPT batches:  44%|████▍     | 4/9 [00:45<00:47,  9.57s/batch]
GPT batches:  67%|██████▋   | 6/9 [00:46<00:13,  4.57s/batch]
GPT batches:  89%|████████▉ | 8/9 [00:46<00:02,  2.64s/batch]
GPT batches: 100%|██████████| 9/9 [00:48<00:00,  2.39s/batch]
GPT batches: 100%|██████████| 9/9 [00:48<00:00,  5.34s/batch]
