Command: /opt/anaconda3/bin/python rank.py --term viticultural --type probabilities --sentences sources/viticultural/viticultural-sentence.json --provisions sources/provisions.json --verbose false
----------------------------------------
You are an expert legal scholar specializing in statutory interpretation. Your task is to evaluate the interpretive value of retrieved sentences in relation to a specific "Phrase of Interest" and its "Source Statute/Provision".

### KEY RULE: PENALIZE STATUTORY REDUNDANCY (ADVERSARIAL GOAL)
You must act as a critic looking to disqualify sentences that provide NO NEW INFORMATION.
- IF a sentence merely repeats or paraphrases the provided "Source Statute/Provision" without adding interpretive context (like case law, specific applications, or expert analysis), it has **NO VALUE**.
- A literal quote of the statute is a redundant distraction. Assign 'no value' a probability of 0.90 or higher.
- Interpretive value comes from how the statute is *applied* or *explained* in practice, not from the text of the statute itself.

### RELEVANCE CATEGORIES
- **0: no value**: Irrelevant, off-topic, or purely redundant statutory text.
- **1: potential value**: Mentions the term in a relevant context but adds very little interpretive depth (e.g., a simple factual statement).
- **2: certain value**: Relevant; provide clear application, context, or explanation of the term that helps understand its scope or meaning.
- **3: high value**: Highly relevant; Provides critical interpretive guidance, settles a legal ambiguity, or explains a complex application in a way that significantly aids interpretation.

### GRANULARITY & TIE-BREAKING
- **BE PRECISE**: Do not give all relevant sentences the same score. Distinguish between a "good" explanation (Score 2) and an "excellent" one (Score 3). 
- **RESOLUTION**: Use granular probabilities (e.g., 0.35, 0.62) to ensure the final ranking is stable and distinguishes between similar-quality sentences.

### OUTPUT FORMAT
You must return a JSON array of objects. Each object must include a "reasoning" field (Chain-of-Thought) and a "probs" field.

Example:
[
  {
    "sentence_id": "S1",
    "reasoning": "Direct quote of Section 60101. No interpretive value beyond the statute itself.",
    "probs": {"no value": 0.98, "potential value": 0.02, "certain value": 0.0, "high value": 0.0}
  },
  {
    "sentence_id": "S2",
    "reasoning": "Applies 'hazardous liquid' to liquid CO2 pipelines, clarifying a major jurisdictional boundary.",
    "probs": {"no value": 0.05, "potential value": 0.15, "certain value": 0.30, "high value": 0.50}
  }
]

### DATA TO PROCESS
Phrase of Interest: {{phrase_of_interest}}
Source Statute/Provision: {{raw_statute}}

Sentences to evaluate:
{{sentences}}

  [ID: cab161e0-5e9d-4027-9f2e-f8b5f3b4d9d2] Reasoning: The sentence discusses a court's decision regarding viticultural issues but does not provide any interpretive context or application of the term 'viticultural' itself.
  [ID: d1770584-b717-4e7a-9ac9-768d39141818] Reasoning: This sentence is a direct quote from a statute defining 'agricultural products' and does not add any new interpretive information about 'viticultural'.
  [ID: d300844b-1d26-4794-b7c6-49bd5ed6fc3e] Reasoning: This sentence lists various activities including 'viticultural' but does not provide any new context or application, making it redundant.
  [ID: 53975aa9-fe3c-468d-87c7-286eaf90ace9] Reasoning: The sentence discusses research related to viticultural traits but lacks specific legal context or application, limiting its interpretive value.
  [ID: 3508a5d1-832e-4ac3-9216-b0c502df81ce] Reasoning: This sentence discusses research aimed at guiding the viticultural community but does not clarify legal implications or applications of 'viticultural'.
  [ID: d3d396c5-dbd8-4bb3-8458-045d1cda204b] Reasoning: This sentence lists agricultural activities including 'viticultural' but does not provide any new interpretive context or application.
  [ID: 79f0cd36-892c-417d-913d-c3be4816ddc3] Reasoning: This is a direct quote of the definition of 'agricultural products' and does not add any new interpretive information about 'viticultural'.
  [ID: c0944e09-7a6d-4858-8694-90e690cfbdda] Reasoning: This sentence defines 'farming' and includes 'viticultural' but does not provide any new interpretive context or application.
  [ID: 19e9845d-c490-45e0-b86d-caf5f1b6b03a] Reasoning: This sentence discusses a legal procedure related to irrigation and includes 'viticultural' but does not clarify its legal implications.
  [ID: 7bc893ed-4ffe-4d09-b38a-ece08d38170c] Reasoning: This sentence discusses the exclusion of lands from irrigation based on their use, including 'viticultural', but does not provide new interpretive context.
  [ID: 4af4ad30-a0e5-4cd4-80ef-8f62e7fec2e1] Reasoning: This sentence discusses land use and includes 'viticultural' but does not provide any new interpretive context or application.
  [ID: f12aca94-4e89-4ea7-9f20-44183ca49e13] Reasoning: This sentence mentions a specific viticultural area but does not provide any legal context or application of the term 'viticultural'.
  [ID: ae8e7d86-9aeb-426d-9d79-c71ae57e33dd] Reasoning: This sentence is a direct quote of a statute regarding irrigation and does not add any new interpretive information about 'viticultural'.
  [ID: f54fcb50-0a7d-4d32-b45a-84caa704661e] Reasoning: This sentence is a repeat of previous statutory language regarding irrigation and does not provide new interpretive context.
  [ID: 6cfa3079-2e62-4f5a-9c63-2c2689fad2d3] Reasoning: This sentence defines 'farming' and includes 'viticultural' but does not provide any new interpretive context or application.
  [ID: c2f69671-3dc1-4518-b1fe-d2b8582a1881] Reasoning: This sentence discusses a legal petition related to irrigation and includes 'viticultural' but does not clarify its legal implications.
  [ID: 9a298812-28c8-4cba-bad5-dda7f90b8ff8] Reasoning: This sentence states that wine-making activities are not secondary to viticultural activities but lacks legal context or application.
  [ID: 436d28aa-343d-4b64-a4fa-9fc0ca1e2060] Reasoning: This sentence is a repeat of previous statutory language regarding agricultural pursuits and does not provide new interpretive context.
  [ID: 32d8188c-6127-465a-8d49-d559371a2738] Reasoning: This sentence lists various agricultural products including 'viticultural' but does not provide any new interpretive context or application.
  [ID: 62027ff7-c1c9-4ef7-b541-5b289872e0e7] Reasoning: This sentence is a repeat of previous statutory language regarding agricultural pursuits and does not provide new interpretive context.
  [ID: 4d9d6068-cf9a-489e-a4f1-68575a53a0d5] Reasoning: This sentence is a repeat of previous statutory language regarding agricultural pursuits and does not provide new interpretive context.
  [ID: aca9d77a-b249-4d66-8d6f-f33ec8d1f75b] Reasoning: This sentence defines 'agricultural land' and includes 'viticultural' but does not provide any new interpretive context or application.
  [ID: d4f64bf1-e02b-41c3-893b-74e6ad96834c] Reasoning: This sentence provides a definition of agricultural products including 'viticultural' but does not add any new interpretive context.
  [ID: b715b57d-d8d3-47c1-8d7c-7a56ede66d33] Reasoning: This sentence defines 'agricultural land' and includes 'viticultural' but does not provide any new interpretive context or application.
  [ID: b6980a23-15bf-44f0-800f-30fee16a8174] Reasoning: This sentence defines 'agricultural product' and includes 'viticultural' but does not provide any new interpretive context or application.
  [ID: 2effac51-598e-4482-98cf-01281f5275da] Reasoning: This sentence provides a definition of 'agricultural product' that includes 'viticultural' but does not add any interpretive context or application beyond what is already stated in the source statute.
  [ID: 3fe07de9-d43d-407c-a3fe-1ebb6b67aa8c] Reasoning: This sentence reiterates the definition of 'agricultural product' without providing any new interpretive context or application, making it redundant.
  [ID: 32771d13-9e2d-4ff1-8df1-7ae5605f14f6] Reasoning: This sentence quotes the definition of 'agricultural product' from RCW 60.13.020, which is redundant and does not provide any new interpretive insights.
  [ID: 111e0d56-34db-47fb-a4c8-4baea2a9e5b0] Reasoning: This sentence explains that 'viticultural' is not defined in the statutes but provides a general meaning, which adds some interpretive context.
  [ID: e1b71e66-a53d-4389-b6b4-e03e996305ad] Reasoning: This sentence provides a definition of 'agricultural lands' that includes 'viticultural' but does not add any new interpretive context or application beyond the source statute.
  [ID: 01f3d49c-ef28-4322-a743-277db5d55cdf] Reasoning: This sentence is a direct quote of the definition of 'agricultural land' and does not provide any new interpretive insights.
  [ID: 057944e3-7cd1-4dd0-88e0-c427e42ec668] Reasoning: This sentence quotes the 1923 act's definition of 'agricultural product', which is redundant and does not provide new interpretive context.
  [ID: f7e76e6a-aae2-4ef9-8b7a-0af24962c780] Reasoning: This sentence also quotes a definition of 'agricultural product' from a previous act, providing no new interpretive value.
  [ID: f44fbd07-1cea-4b99-9d74-051af1833e03] Reasoning: This sentence discusses the term 'farming' and includes 'viticultural' but does not provide a clear application or interpretation of the term itself.
  [ID: 529fb000-0894-4724-a533-106632b13608] Reasoning: This sentence is a direct quote of the definition of 'agricultural land' and does not provide any new interpretive insights.
  [ID: 2a9bdf96-906b-4da6-b283-9cb98e295dc7] Reasoning: This sentence provides a definition of 'agricultural product' that includes 'viticultural' but does not add any interpretive context or application beyond what is already stated in the source statute.
  [ID: 2b2b0b56-a266-4873-9403-47c4597cffab] Reasoning: This sentence quotes a definition of 'agricultural products' that includes 'viticultural', providing no new interpretive context.
  [ID: e7883155-38c8-42e3-8bf4-96e64e96878c] Reasoning: This sentence is a direct quote of the definition of 'agricultural product' and does not provide any new interpretive insights.
  [ID: 5a8852d4-a53a-4111-8949-e2ddf4a2597d] Reasoning: This sentence quotes a definition of 'agricultural products' that includes 'viticultural', providing no new interpretive context.
  [ID: a6d26175-b8e8-4187-b304-abebceb8179d] Reasoning: This sentence discusses the interpretation of 'agricultural' and 'viticultural' in a broader context, suggesting implications for commercial use, which adds some interpretive value.
  [ID: f31aa111-dbfc-4ea0-9f8e-a6c8bdc4c063] Reasoning: This sentence is a direct quote of the definition of 'agricultural land' and does not provide any new interpretive insights.
  [ID: 51849b06-c915-4c52-9ae6-f25157f9f839] Reasoning: This sentence is a direct quote of the definition of 'agricultural products' and does not provide any new interpretive insights.
  [ID: 6834c481-9631-4da7-8a97-7f1e6478f064] Reasoning: This sentence is a fragment that does not provide any context or application, making it irrelevant.
  [ID: 9c32ef79-58eb-48e6-b7d2-434bb426bda7] Reasoning: This sentence quotes a definition of 'agricultural product' and does not provide any new interpretive insights.
  [ID: fda0c728-d72e-4de3-ac5a-ee5b5435273c] Reasoning: This sentence provides a definition of 'agricultural product' that includes 'viticultural' but does not add any interpretive context or application beyond what is already stated in the source statute.
  [ID: 0a60fc65-68d2-4670-bec6-132b09058b7e] Reasoning: This sentence provides a definition of 'agricultural commodity' that includes 'viticultural' but does not add any interpretive context or application beyond what is already stated in the source statute.
  [ID: 42bf346d-e55b-4791-b7e1-2f96334ac8f9] Reasoning: This sentence discusses brand-name rules related to viticultural significance but does not provide new interpretive context beyond the basic definition of viticultural significance.
  [ID: a57a3fad-54dc-4653-9962-25eda1999723] Reasoning: This sentence describes an alternative regulation regarding brand names of viticultural significance but does not add substantive interpretive value.
  [ID: 6d2ee494-2db4-4896-9872-fbba6c29b0d9] Reasoning: This sentence explains the concept of a 'viticultural area' and its distinction from political boundaries, providing useful context for understanding the term.
  [ID: bc2e51e3-16f6-4e13-ad11-e95ae9f0d67c] Reasoning: This sentence outlines the requirements for labeling wines from viticultural areas, adding clarity to the application of the term.
  [ID: 05bd9df5-6ad0-4382-b97d-3d4216e71362] Reasoning: This sentence compares federal regulations for appellations of origin and viticultural areas, providing important context for understanding regulatory differences.
  [ID: fc700d27-3c17-40b7-b105-388f45755c2a] Reasoning: This sentence discusses the expansion of appellations of origin to include viticultural areas, providing historical context that aids interpretation.
  [ID: c1863eb9-f0f5-4b89-b5e0-782b5a743959] Reasoning: This sentence highlights a compliance issue regarding multistate viticultural areas, which is relevant for understanding regulatory challenges.
  [ID: 47a71d99-d667-4068-a67e-abae0c41d4fd] Reasoning: This sentence provides a specific example of regulatory compliance for a multistate viticultural area, illustrating practical implications.
  [ID: 9917c1f1-dbb5-483f-9ea6-2ead62eb741e] Reasoning: This sentence reiterates the compliance requirement for multistate viticultural areas, but does not add new interpretive value beyond what has been stated.
  [ID: 01b419ec-682d-4c00-be75-5b4d8fad846c] Reasoning: This sentence discusses the BATF's perspective on brand-name regulations but does not provide new interpretive insights.
  [ID: 81188388-b739-4807-879f-a7fd3a26becc] Reasoning: This sentence describes a specific case of wine production but does not add interpretive value regarding viticultural areas.
  [ID: e92108af-898b-418b-9a44-def94aa09b41] Reasoning: This sentence discusses a California wine labeling statute but does not provide new insights into the term 'viticultural'.
  [ID: 97369d5a-5421-424c-98ee-e54133a8cf47] Reasoning: This sentence mentions the BATF's consideration of geographic terms but lacks substantive interpretive depth.
  [ID: 23af19c7-a7fd-4ca8-98c1-84333b5cb07e] Reasoning: This sentence notes the adoption of new regulations concerning viticultural areas, but does not provide new interpretive insights.
  [ID: 1be6250a-cd9f-4e3c-9203-4c979057f1aa] Reasoning: This sentence explains the enforceability of state laws regarding viticultural area designations, adding clarity to the regulatory framework.
  [ID: 0e374cec-8305-497f-9c07-8ef252c5e2cb] Reasoning: This sentence provides a timeline for the Oregon regulations but does not add significant interpretive value.
  [ID: b49c340b-c159-4a09-ba87-ae1c280e3982] Reasoning: This sentence reiterates the compliance requirement for viticultural areas but does not provide new insights.
  [ID: 4716f026-c749-470f-9446-bd02e7cbae2d] Reasoning: This sentence discusses the BATF's acknowledgment of state regulations but does not add new interpretive insights.
  [ID: a81dd222-d2a5-4c4c-8998-c8ae58925648] Reasoning: This sentence explains the BATF's decision regarding compliance with state laws, providing context for regulatory changes.
  [ID: 27bf4ac2-b326-4b33-b5c1-ca5d2b6bd16d] Reasoning: This sentence provides a factual statement about Rutherford as a viticultural region but lacks interpretive depth.
  [ID: 8febf26e-47d2-473b-a771-1be2f54f2763] Reasoning: This sentence describes a specific wine product but does not provide new insights into the term 'viticultural'.
  [ID: 801a051a-d677-4514-8e50-dbcf84285711] Reasoning: This sentence outlines a California statute regarding viticultural significance but does not add new interpretive insights.
  [ID: 60ab6484-55b1-4253-9550-4397886e09ef] Reasoning: This sentence lists names of viticultural significance but does not provide interpretive context or application.
  [ID: a94fe12b-c331-4500-a28e-c1cfd1df1144] Reasoning: This sentence describes a category of viticultural area appellation but does not provide new interpretive insights.
  [ID: 116fe989-6cb1-4a3e-9e70-7eee889d07e0] Reasoning: This sentence discusses the use of viticultural significance in addresses but does not add substantive interpretive value.
  [ID: 4c80db2e-1f72-4f1e-b281-cade3cb54b29] Reasoning: Discusses misleading brand names of viticultural significance, providing context on regulatory concerns but lacks depth in legal interpretation.
  [ID: 506bd263-30b5-48ce-bff9-a34df320d0b1] Reasoning: Highlights the difference in consumer understanding of viticultural terms, adding context to the implications of brand names but not providing legal analysis.
  [ID: 91c1e1d3-8c10-4100-af8c-53efe67dc166] Reasoning: Gives a specific example of brand names not prohibited by the statute, illustrating a practical application of the law but lacks broader interpretive insight.
  [ID: 23c99273-9ac5-4490-af18-46f4f0e8306c] Reasoning: Describes a complaint regarding the use of appellations within Napa County, providing insight into regulatory challenges but lacking a deeper legal analysis.
  [ID: c6cb766a-2a07-4376-b392-627af42fe0c7] Reasoning: Mentions a federal requirement related to American viticultural areas, but does not provide substantial interpretive context or application.
  [ID: 5f687c21-e96e-49cf-bc67-831fee28d454] Reasoning: States a prohibition on misleading brand names, directly reflecting the statute without adding interpretive value.
  [ID: e9460312-c733-4631-a625-512c07f4340a] Reasoning: Discusses the definition of labor not considered agricultural, which is tangentially related but does not provide insight into viticulture.
  [ID: bf9aa782-5435-4183-ad0e-b23541c5d83a] Reasoning: Repeats the definition of agricultural products, including viticultural, without adding any interpretive context.
  [ID: 891d82df-87aa-4927-bafd-33eee6423c63] Reasoning: Mentions policies regarding development in viticultural areas, providing context for land use but lacking specific legal interpretation.
  [ID: 85318e05-8797-4f71-becd-d70bd6540812] Reasoning: Describes employment in viticultural labor but does not provide any interpretive context or application of the law.
  [ID: 792b7696-5357-47bc-aa9f-e1dff9f85c92] Reasoning: Long quote about petition hearings that does not add interpretive value regarding viticulture.
  [ID: 4e0a3c8f-2e4d-4141-9a3c-a8addb2a7d14] Reasoning: Discusses exemptions for certain associations but does not provide specific insights into viticultural law.
  [ID: a8a0cded-a3d1-49f8-b270-c2d42659de83] Reasoning: Describes a court injunction related to viticultural products, providing a specific legal application but lacks broader interpretive context.
  [ID: 9538e8fe-5e11-409b-b4ed-6deb0f40ed35] Reasoning: Similar to the previous sentence, it discusses a court's injunction but does not add significant interpretive value.
  [ID: bbbefe8c-7ffe-46d2-ae71-c3d619e92c53] Reasoning: Reiterates a court's injunction without adding new interpretive insights or context.
  [ID: 85d4d7de-d7d4-49a9-abe6-dfa7180159e2] Reasoning: Discusses a judge's ruling on the use of property for viticultural products, providing a specific legal context but lacking broader implications.
  [ID: 4a5a159e-dd6f-48cb-a189-c78f89d68896] Reasoning: Describes a contempt judgment related to a preliminary injunction, providing context but lacking deeper legal analysis.
  [ID: 1c529c6d-42c2-47fc-9778-7636adcce8c3] Reasoning: Defines employee terms in relation to viticultural labor, but does not provide significant interpretive context.
  [ID: 980e0f44-cc2c-418c-b2cd-442e75fe3ed9] Reasoning: Mentions a conviction related to viticultural regulations, but lacks detail on the legal implications or context.
  [ID: 7ac5cb2a-b2cf-4690-97e2-b4b2010a6eb1] Reasoning: Repeats a statement about obtaining products as long as they are viticultural, lacking any interpretive depth.
  [ID: 199a4bf4-fac7-4135-9a69-b9bd3b7c82c7] Reasoning: Duplicate of the previous sentence, providing no new information.
  [ID: 715156b8-441d-4264-842b-1d7dc1f284d2] Reasoning: Discusses exemptions for personal injury claims related to viticultural labor, but lacks significant interpretive context.
  [ID: 0d1cff6d-7bfb-4cc0-86a3-064df02e27fd] Reasoning: Repeats a statement about personal injuries in viticultural labor, providing no new information.
  [ID: acab0765-9ded-427d-95e2-4908ad379650] Reasoning: Mentions a court order related to viticultural issues, providing a specific legal context but lacking broader implications.
  [ID: 0b25d8c5-25c4-4602-93e2-308204bc3fdf] Reasoning: This sentence discusses the use of brand names of viticultural significance in relation to appellation of origin requirements, providing context on legal branding standards in the wine industry.
  [ID: fd4426cf-18d7-4aab-8b92-2df5b1662dd6] Reasoning: This sentence outlines the conditions under which a brand name can be used based on geographic area, which is relevant to understanding viticultural branding laws.
  [ID: 22d5c6bb-0d88-4650-bfa9-8a211139fbc7] Reasoning: This sentence defines what constitutes a name of viticultural significance, providing clarity on the criteria for approval as a viticultural area.
  [ID: c4e1c476-0389-4381-92ef-3da85abc9b76] Reasoning: This sentence lists various Napa-related brands and their legal status under the statute, illustrating the application of viticultural branding laws in practice.
  [ID: 88913ec0-a03a-4862-ac78-04ff1a0ba42b] Reasoning: This sentence critiques the statute's underinclusiveness regarding non-Napa brand names, highlighting a potential legal loophole in viticultural branding regulations.
  [ID: 2471a2c7-5aa3-4cca-b68d-36befa21c7fd] Reasoning: This sentence provides historical context about California's viticultural reputation, which may inform current legal interpretations of viticultural significance.
  [ID: 47def152-3e86-46d5-9f8b-c7ca42ebc995] Reasoning: This sentence explains how consumers and the wine industry perceive Napa County and its appellations, which is crucial for understanding the practical implications of viticultural laws.
  [ID: 363862c3-4059-408c-94b3-3c724f20194c] Reasoning: This sentence summarizes a key provision of the legislation regarding the use of the term 'Napa' in wine branding, which is essential for understanding viticultural labeling requirements.
  [ID: c44f0a9d-21e4-4601-b1a6-18bebfcbbb2f] Reasoning: This sentence mentions the impact of fugitive dust on viticultural enterprises, which provides insight into environmental factors affecting viticulture.
  [ID: 610195c3-0a69-4091-bb74-35631f8c82b9] Reasoning: This sentence discusses a court order related to viticultural issues, indicating the legal processes involved in addressing viticultural concerns.
  [ID: 82d27c48-77eb-4ca7-9668-4e307c782bc3] Reasoning: This sentence identifies specific beneficiaries of a court order regarding viticultural issues, which illustrates the practical implications of legal decisions in the viticulture sector.
  [ID: 95fd9e2c-c4d1-469c-be3a-5a1446daf153] Reasoning: This sentence reiterates the court's order for a focused EIR on viticultural issues, which is relevant but does not add significant new information.
  [ID: 538363ac-8c3a-456b-9481-c6454e2b5d73] Reasoning: This sentence provides background on a petitioner engaged in viticulture, but lacks depth in legal interpretation or application.
  [ID: ca0ca36f-600e-4eb5-8e99-e10863de68a7] Reasoning: This sentence is a direct quote of a statute defining 'employee' and includes viticultural labor, providing no new interpretive value.
  [ID: 972ed46d-905a-4840-911f-2ebfa7650ced] Reasoning: This sentence repeats the definition of 'employee' from a statute, including viticultural labor, and adds no new interpretive context.
  [ID: cbe69ca1-7a65-443f-89c8-477f5dc18d85] Reasoning: This sentence is another direct quote of the statute regarding 'employee' definitions, providing no new information.
  [ID: 1cc0b9fc-ba57-4007-b04e-725fc9cd255c] Reasoning: This sentence discusses water rights and agricultural land, including viticultural products, but does not provide significant legal interpretation.
  [ID: 2b90d09b-63ce-4bba-a6d6-3ace4d217250] Reasoning: This sentence references agricultural exhibitions and fairs, including viticultural products, but does not add significant interpretive value.
  [ID: 090b315d-faf9-48de-bbef-7ac26dc107b3] Reasoning: This sentence is a direct quote of a statute defining 'employee' and includes viticultural labor, providing no new interpretive value.
  [ID: b0d2ccd6-695a-41fb-add5-9fb190f5e935] Reasoning: This sentence is another direct quote of the statute regarding 'employee' definitions, including viticultural labor, and adds no new interpretive context.
  [ID: cfb300d9-6fb7-4625-8e3a-6668bd4d0658] Reasoning: This sentence is a direct quote of a statute defining 'employee' and includes viticultural labor, providing no new information.
  [ID: 042ea08a-f81e-476f-bd5f-3cd15632a88e] Reasoning: This sentence reiterates the exclusion of certain employees from the act, including those engaged in viticultural labor, providing no new interpretive value.
  [ID: 6edbf037-07fd-467f-bb16-3686c7381718] Reasoning: This sentence is a direct quote of a statute regarding exclusions for employees engaged in viticultural labor, providing no new information.
  [ID: 181ce3fb-d841-45a1-b259-aff71393470d] Reasoning: This sentence discusses legislative intent regarding the definitions of labor categories, including viticultural labor, but does not provide significant new interpretive value.
  [ID: 39675b3d-9857-4d9f-a2dd-1f4ebd43b68a] Reasoning: This sentence is a direct quote of a statute defining 'agricultural products', including viticultural products, providing no new interpretive value.
  [ID: ccf98907-240f-4a53-a850-eb79777821e5] Reasoning: This sentence is a direct paraphrase of the statutory definition of 'agricultural products' and does not provide any new interpretive context or application.
  [ID: 1e040a8d-96d9-48b8-a6aa-07063aff1b1f] Reasoning: This sentence mentions a conviction related to a rule of the Board of State Viticultural Commissioners but lacks detail on the implications or context of the violation.
  [ID: 8b104697-5e2f-4b69-a4ba-a819260fe14a] Reasoning: This sentence explains the restrictions on using the name 'Napa' in wine branding, providing specific legal requirements that clarify the application of viticultural significance.
  [ID: ccf87715-ede8-43d4-9cf0-f7431dc2d0a6] Reasoning: This sentence discusses the state's interests in protecting consumers and the wine industry's reputation, providing context for the legal restrictions imposed by section 25241.
  [ID: e5fd7179-8acc-4e4c-8741-d69d9651d011] Reasoning: This sentence reiterates the restrictions of section 25241 but does not add any new interpretive context or application beyond what is already stated in the statute.
  [ID: cff90359-c6c8-4463-b7f5-25c69b00d869] Reasoning: This sentence provides legislative findings that support the restrictions on brand names, adding context to the rationale behind the law.
  [ID: b98c3c6e-b8ee-4066-af08-15aa6bd33d6e] Reasoning: This sentence evaluates the potential for brand names of geographic significance to mislead consumers, providing critical interpretive guidance on the law's application.
  [ID: ea266d46-46d9-410f-8d1a-514adee15a08] Reasoning: This sentence states a belief by BATF regarding geographic brand names but lacks depth in explaining the implications or applications of this belief.
  [ID: 6a3d1f3e-9c3d-4d0d-90f6-8e4a86629f76] Reasoning: This sentence discusses the regulatory history and the flexibility allowed in brand naming, providing context for the application of viticultural significance.
  [ID: 348c957b-649c-4914-8ae5-3a0d65f8d336] Reasoning: This sentence explains the recognition of Napa County as a cohesive wine growing area, adding context to the legal framework surrounding viticultural areas.
  [ID: 63a84450-4db6-4a68-85f4-256b3aa7814f] Reasoning: This sentence mentions federal regulations but does not provide new interpretive context or application regarding viticultural significance.
  [ID: 0c4d8357-9150-4d06-bfaa-983dc60a2d9d] Reasoning: This sentence discusses the historical context of Napa County's reputation but does not clarify the current legal implications or applications.
  [ID: de844f43-4c44-40fd-80b5-3f11c12107f6] Reasoning: This sentence provides a definition of an American Viticultural Area but does not add interpretive context or application relevant to the phrase of interest.
  [ID: 6b512572-f5df-4323-8eeb-faaef96ab706] Reasoning: This sentence states a requirement for using an AVA on a wine label but does not provide additional interpretive context or application.
  [ID: 97d412ce-d310-4be9-8eeb-b2a5ce0d4b16] Reasoning: This sentence outlines conditions for brand names but does not provide new interpretive context or application regarding viticultural significance.
  [ID: a6b46c96-3053-49fb-82e2-eccb0840300b] Reasoning: This sentence defines what constitutes a name of viticultural significance but does not add interpretive context or application.
  [ID: 0410990f-ffc6-4286-bf8a-9039cf72b30c] Reasoning: This sentence lists brands that are considered names of viticultural significance but does not provide additional interpretive context or application.
  [ID: c600b031-5e2a-4026-84fb-e44f762a6f06] Reasoning: This sentence reiterates the statutory provision regarding the use of viticultural names but does not add new interpretive context.
  [ID: a13df305-3c02-4cba-bd3a-8a0955f8068c] Reasoning: This sentence outlines the requirements for using a viticultural area appellation but does not provide new interpretive context or application.
  [ID: 318608c6-bdd4-4462-ab5a-e8dfffded743] Reasoning: This sentence explains consumer understanding of Napa County's viticultural significance, providing context for the legal framework.
  [ID: 579d6936-375a-4f85-a06e-66f4b06b8349] Reasoning: This sentence discusses exceptions to the general rule regarding brand names of viticultural significance but does not provide new interpretive context.
  [ID: c1568f1c-c490-4027-ae70-720beac2c036] Reasoning: This sentence argues about the sufficiency of evidence regarding misleading brand names but does not clarify the legal implications or applications.
  [ID: cf755bc7-652f-4fc9-8cdb-ea0c62dc5951] Reasoning: This sentence explains that a brand name of geographic or viticultural significance conveys information about the source of grapes, adding interpretive context.
  [ID: 0295249f-2526-4d9b-af03-024e82ee7a65] Reasoning: This sentence discusses legislative findings regarding misleading names but does not clarify the current legal implications or applications.
  [ID: 49d99689-8662-4cd1-8d67-96ebca6a5680] Reasoning: This sentence outlines prohibitions on using names of viticultural areas in brand names but does not provide new interpretive context.
  [ID: 349f463a-2c59-4cc8-bd5e-755363cd3bf4] Reasoning: This sentence provides a lengthy definition of 'agricultural production' that includes viticultural activities but does not add any new interpretive context or application beyond the statutory text.
  [ID: be241678-d614-4969-9633-73c4ce5235a7] Reasoning: This sentence discusses a court's consideration of consumer understanding of 'Leelanau' in relation to wine, which provides context for the term 'viticultural' but does not deeply explore its legal implications.
  [ID: 9f45a1ed-7e25-4731-8672-4433d481c20f] Reasoning: This sentence analyzes the court's conclusions regarding the strength of LWC's mark and the established viticultural designation, providing some interpretive context but lacking depth.
  [ID: 9959bb06-0ac3-4beb-8dc4-d1632829231b] Reasoning: This sentence explains the standards for wines with an appellation of origin indicating a viticultural area, which adds clarity to the legal requirements but is somewhat straightforward.
  [ID: 279dfec0-183f-48e9-a128-efd147eec037] Reasoning: This sentence states the recognition of 'Santa Rita Hills' as an American viticultural area, which is a factual statement without additional interpretive context.
  [ID: ab65abcf-a766-4429-87af-1434bd240c7e] Reasoning: This sentence outlines the requirements for a petition to establish a viticultural area, providing useful procedural context that aids understanding.
  [ID: 1d6c312f-1600-415c-9c63-777cb491f1a0] Reasoning: This sentence is a citation of a regulatory document and does not provide any interpretive value or context regarding viticultural areas.
  [ID: f7a2628f-a780-44b2-806a-aaab239ea316] Reasoning: This sentence discusses trademark rights in relation to the establishment of a viticultural area, which provides relevant legal context but lacks depth.
  [ID: a12dae7f-d365-452a-acc4-811197e79de6] Reasoning: This sentence evaluates the boundaries of a proposed viticultural area, providing interpretive context that aids in understanding the regulatory process.
  [ID: 6d35f7cf-ad5b-4f63-bb2e-e0660f213a28] Reasoning: This sentence discusses the appropriateness of a proposed name for a viticultural area in light of trademark claims, providing relevant legal analysis.
  [ID: 7998101b-ee9e-42e7-8f45-36f4de723d22] Reasoning: This sentence states that the ATF approved a proposed AVA despite trademark concerns, which provides insight into the regulatory process but lacks depth.
  [ID: ad8a438a-493f-4663-8489-17786f268314] Reasoning: This sentence discusses potential harm to a brand due to the approval of a viticultural area, which provides context but lacks deeper legal analysis.
  [ID: c518e106-3c91-4426-ad1d-76017b4ca398] Reasoning: This sentence discusses a stipulation regarding the approval of labels for a viticultural area, which provides procedural context but lacks depth.
  [ID: f01fc569-cce6-4b5b-8172-1b7a84eb4d4d] Reasoning: This sentence discusses membership termination criteria related to viticultural operations, which provides relevant context but is somewhat straightforward.
  [ID: a8b97aab-ff29-48a6-bdd3-68f397f9d590] Reasoning: This sentence discusses vineyard management responsibilities in relation to viticultural practices, providing context but lacking deeper legal implications.
  [ID: 3acf8a89-ff63-46b0-ac62-32e141cd4774] Reasoning: This sentence outlines the requirements for using an American viticultural area as an appellation of origin, which provides clear legal context.
  [ID: 274441ed-2bc4-4bbf-95fa-b9fb931e8e11] Reasoning: This sentence identifies 'Rutherford Vineyards' as a brand name incorporating a viticultural area, which is a factual statement without additional interpretive context.
  [ID: e05be39c-2d89-4fa9-8d16-bcc81487b1ab] Reasoning: This sentence states that a brand name of viticultural significance may not be used unless it meets certain requirements, which is a straightforward legal requirement.
  [ID: 5dc66c66-a4ca-4cd2-b6f9-de57a4516d73] Reasoning: This sentence outlines conditions under which a brand name may be used, providing relevant legal context but lacking depth.
  [ID: a1f97107-4931-49b7-a5ca-46a255f6d989] Reasoning: This sentence summarizes the requirements for using a brand name of viticultural significance, which provides clear legal context but is somewhat straightforward.
  [ID: d2c527ae-4c26-4cbb-b7b5-d65af23d82cf] Reasoning: This sentence discusses compliance with viticultural area regulations, providing relevant context but lacking deeper legal implications.
  [ID: cd1fd97a-ff2b-4e61-a38b-30ec386644fd] Reasoning: This sentence states that Section 4.39(i) regulates brand names of viticultural significance, which is a straightforward legal statement without additional context.
  [ID: 7e4b1507-f838-46c7-a115-3979461e7e8e] Reasoning: This sentence discusses the failure to satisfy grandfathering provisions related to viticultural area labels, providing relevant context but lacking depth.
  [ID: d0c204eb-3e2f-4ccc-97c6-71f364dd0c2e] Reasoning: This sentence limits the discussion to statutory authority regarding viticultural area regulations, which does not provide additional interpretive value.
  [ID: 96f03094-a39e-4672-a44d-8d2b2cea87f6] Reasoning: This sentence states that 'Rutherford' was approved as an American Viticultural area, which is a factual statement without additional interpretive context.
  [ID: a744149d-7eac-4eb1-a6e1-07b9afacdb2c] Reasoning: This sentence lists various ordinances and powers granted to public officers, including those related to viticultural commissioners, but does not provide any new interpretive context or application of the term 'viticultural'.
  [ID: 3423a29a-d34a-4301-976a-aacd5cfa4f6c] Reasoning: This sentence describes the powers of the viticultural health officer to enforce quarantine rules, which adds context to the application of 'viticultural' in a regulatory framework, thus providing some interpretive value.
  [ID: b8ae92e5-3118-4a59-bdf0-16156d401afb] Reasoning: This sentence discusses the constitutionality of a county ordinance in relation to the viticultural industry, providing context on how viticultural laws interact with trade regulations, which adds interpretive depth.
  [ID: 54f2790f-9676-49a6-967b-aa4095f5050f] Reasoning: This sentence references a legal case that addresses the conflict between an ordinance and the viticultural industry, providing a judicial interpretation that aids in understanding the legal landscape surrounding viticulture.
  [ID: 1cd686df-640b-4273-8053-d39bc21cba07] Reasoning: This sentence simply states an exclusion clause regarding employees engaged in viticultural labor, which does not provide any new interpretive context or application.
  [ID: 90146ac2-6220-451f-993a-fdf3ea31fc6f] Reasoning: This sentence discusses the representation of wine products and the percentage of grapes from specific areas, providing insight into viticultural labeling standards and practices, which adds interpretive value.
  [ID: 87c72d4b-3161-46ee-a1d2-bf0a63670f7e] Reasoning: This sentence elaborates on geographical representation requirements for wine labeling, which is relevant to viticultural practices and provides specific standards that enhance understanding of the term.
  [ID: 5e42244a-d361-421e-83b6-2e777e609ecf] Reasoning: This sentence discusses the minimum geographical percentage for wine labeling, which is relevant to viticultural standards and practices, providing useful interpretive context.
  [ID: b1ade5f3-866e-4d00-bd1e-d011b4d3613f] Reasoning: This sentence mentions the conditions under which certain varieties may produce excellent wines, which relates to viticultural practices and adds context to the term's application.
  [ID: 4f239b0a-33e5-4b51-8482-be909960f04b] Reasoning: This sentence defines viticultural areas as grape growing regions, which provides a clear interpretive context for understanding the term within regulatory frameworks.
  [ID: 9d24832e-b92e-469f-8b69-50481095d66a] Reasoning: This sentence discusses the legal implications of charging fees related to loans for agricultural and viticultural purposes, which adds context to the application of the term in financial regulations.
  [ID: 28e36ef8-a94f-4f36-837d-59606f0fae17] Reasoning: This sentence outlines the presumption of acceptance of compensation provisions for employees engaged in viticultural work, which provides context for labor regulations in the industry.
  [ID: ad65f9d1-d631-44da-9a76-7c798ef7ee54] Reasoning: This sentence describes the purpose of Exposition Park for agricultural exhibitions, including viticultural products, which provides context for the term's application in public events.
  [ID: 2e6c8658-23bb-4b33-baf9-2804251fd5df] Reasoning: This sentence discusses the suitability of land for viticultural uses based on climate and irrigation, providing practical context for the term's application in agriculture.
  [ID: 300f1b2c-1fc1-48a7-902a-d605f07a3a9f] Reasoning: This sentence discusses the adaptability of land for viticultural uses, which provides context for understanding the term in relation to land use and agricultural practices.
  [ID: 465d6c11-57da-4c7a-a528-5368e1d0d5f0] Reasoning: This sentence outlines exclusions from employment definitions, including viticultural labor, but does not provide new interpretive context or application.
  [ID: ccfae964-21e4-4bf3-a6ac-3106a763ae2a] Reasoning: This sentence states that arid lands cannot be used for viticultural purposes without irrigation, which provides a practical limitation on the term's application.
  [ID: 49b58e4a-d1c9-4e1a-ae0f-1ede06fc6822] Reasoning: This sentence discusses the legal definitions and exclusions related to agricultural products, including viticultural products, but does not provide new interpretive context.
  [ID: 612022a1-d531-4f3b-910f-d18aa2fcb8f4] Reasoning: This sentence describes a tract of land used for viticultural purposes, but does not provide new interpretive context or application beyond stating its use.
  [ID: f51ba5ea-5145-4296-b0b8-7468cff3ed71] Reasoning: This sentence outlines provisions regarding the employment of minors in viticultural labor, but does not provide new interpretive context or application.
  [ID: bbcf67c1-e945-4384-9694-74e52aa66e0f] Reasoning: This sentence states that water has been used for viticultural purposes, but does not provide new interpretive context or application.
  [ID: e4f5e5f2-f8c9-4480-8139-19944b11b5fe] Reasoning: This sentence repeats definitions related to employment and does not provide new interpretive context or application regarding viticulture.
  [ID: 3a3e4a61-2534-4c38-8804-c0893c144882] Reasoning: This sentence discusses ordinances that do not apply to viticultural buildings, but does not provide new interpretive context or application.
  [ID: f0a7467a-dfed-4124-b852-21343fc0653f] Reasoning: This sentence references a legal case involving the board of viticultural commission but does not provide new interpretive context or application.
  [ID: a29d2469-2148-47ae-998d-b3fe19680b06] Reasoning: This sentence states a payment arrangement for viticultural services but does not provide new interpretive context or application.
  [ID: a908cd3e-e532-4dfb-9d2b-fbb8e3bdfdb4] Reasoning: This sentence explains the requirements for using an American viticultural area as an appellation of origin, providing specific regulatory context that is relevant to the phrase of interest.
  [ID: 2f65a5df-d164-4212-b076-d311837d15a1] Reasoning: This sentence states a historical fact about the approval of the 'Rutherford' viticultural area but lacks depth in interpretive context.
  [ID: c5cd4a2b-5e55-41d4-b278-df90c08ff035] Reasoning: This sentence clarifies the conditions under which 'Rutherford' can be used as an appellation of origin, adding interpretive context to the regulations governing viticultural areas.
  [ID: d0cbcdc1-2957-4f24-8988-9d5bf6b7928c] Reasoning: This sentence mentions the regulation of brand names of viticultural significance but does not provide further context or application.
  [ID: 6a8f4d50-68e5-44d4-8303-47e63e48bfee] Reasoning: This sentence identifies a specific brand name that incorporates a viticultural area but does not elaborate on its significance or application.
  [ID: 27aff572-2326-4e04-b1fb-b43685bf2061] Reasoning: This sentence outlines the conditions under which a brand name of viticultural significance may be used, providing relevant regulatory context.
  [ID: 477dcc24-2dc8-401b-977a-65820793a3e3] Reasoning: This sentence provides a regulatory framework for brand names related to viticultural areas but lacks specific application or interpretive depth.
  [ID: 2b3cdf42-ca29-4861-bd52-bebe31a145e8] Reasoning: This sentence details the requirements for using a brand name of viticultural significance, adding clarity to the regulatory framework.
  [ID: e1ff5112-66dc-4286-9501-b66400e9ee65] Reasoning: This sentence discusses a specific case where wines did not meet appellation requirements, providing practical application of the regulations.
  [ID: b70f579a-1c03-4076-aeab-6d18689718b2] Reasoning: This sentence explains compliance issues related to labeling and viticultural area requirements, adding interpretive context.
  [ID: 70d58f49-c50a-4673-89fa-85f04a23a3b4] Reasoning: This sentence discusses compliance with labeling requirements for wines, providing practical implications of the regulations.
  [ID: 69ddedf4-9a0d-47e1-8549-99ec945e2e19] Reasoning: This sentence states a regulatory inapplicability but does not provide further interpretive context or application.
  [ID: 17e901bb-305a-471f-8d08-f36e88fe20ba] Reasoning: This sentence provides a timeline for the use of a brand name in relation to the approval of a viticultural area, adding historical context.
  [ID: 1b98e7ae-f486-461b-bfb9-429a554fbbe9] Reasoning: This sentence defines a viticultural area according to federal regulation, providing a clear definition that aids understanding.
  [ID: 64436954-008c-4ea4-8806-0911d9183021] Reasoning: This sentence provides a definition of 'products' that includes viticultural products, but it does not add significant interpretive context.
  [ID: 9b14fc0a-7da9-4296-981b-3acbf3721872] Reasoning: This sentence discusses the percentage of grapes required for labeling but lacks specific application to viticultural areas.
  [ID: d7a65143-ef09-4757-8ff3-90d908b66763] Reasoning: This sentence outlines varying percentage requirements for labeling but does not provide specific context for viticultural areas.
  [ID: 8c03bc3a-5ce0-4726-a386-8c2118de812b] Reasoning: This sentence discusses minimum geographical percentages for labeling but lacks specific application to viticultural areas.
  [ID: d37cfc31-4d40-4547-b3db-a657adeb1889] Reasoning: This sentence discusses varietal requirements but does not provide specific context for viticultural areas.
  [ID: 271d638b-d619-464e-be81-03e14c3a8776] Reasoning: This sentence mentions future rulemaking for viticultural areas but does not provide current interpretive context.
  [ID: c57d9b2f-ca0d-4238-8625-8d259276112b] Reasoning: This sentence provides a lengthy definition of 'agricultural products' that includes viticultural products but does not add significant interpretive context.
  [ID: 1c2e30f6-5f8b-4700-af02-27cc61705b82] Reasoning: This sentence provides a definition of a viticultural area but is a direct quote from the regulation, offering no new interpretive value.
  [ID: 8f4c01e4-8190-47f8-8975-18ecec3583ab] Reasoning: This sentence discusses vineyard management practices but does not provide specific context related to viticultural areas.
  [ID: 4c4f19ea-22be-4583-a80f-b5d71ed6cfce] Reasoning: This sentence cites a court case related to viticultural areas but does not provide specific interpretive context or application.
  [ID: 7a99808a-ab30-4209-aa1e-cc8c0cecde7e] Reasoning: This sentence discusses the history of regulatory changes but does not provide specific interpretive context for viticultural areas.
Method: probabilities | Term: viticultural
NDCG@10: 0.7058699759854892
NDCG@20: 0.7332604755103561
NDCG@40: 0.7529550002224187
NDCG@100: 0.8273154084123346

----------------------------------------
STDERR:
wandb: Appending key for api.wandb.ai to your netrc file: /Users/alvinwang/.netrc
wandb: Currently logged in as: alvinw2 (alvinw2-carnegie-mellon-university) to https://api.wandb.ai. Use `wandb login --relogin` to force relogin

GPT batches:   0%|          | 0/9 [00:00<?, ?batch/s]
GPT batches:  11%|█         | 1/9 [00:45<06:01, 45.22s/batch]
GPT batches:  22%|██▏       | 2/9 [00:48<02:25, 20.79s/batch]
GPT batches:  33%|███▎      | 3/9 [00:49<01:08, 11.35s/batch]
GPT batches:  44%|████▍     | 4/9 [00:50<00:38,  7.64s/batch]
GPT batches:  56%|█████▌    | 5/9 [00:51<00:20,  5.14s/batch]
GPT batches:  67%|██████▋   | 6/9 [00:55<00:13,  4.57s/batch]
GPT batches:  78%|███████▊  | 7/9 [00:55<00:06,  3.26s/batch]
GPT batches:  89%|████████▉ | 8/9 [00:57<00:02,  2.69s/batch]
GPT batches: 100%|██████████| 9/9 [01:15<00:00,  7.61s/batch]
GPT batches: 100%|██████████| 9/9 [01:15<00:00,  8.40s/batch]
